<!doctype html public "-//w3c//dtd html 4.0 transitional//en">
<html><head>
<title>Static Call Graph - [.\Objects\Target.axf]</title></head>
<body><HR>
<H1>Static Call Graph for image .\Objects\Target.axf</H1><HR>
<BR><P>#&#060CALLGRAPH&#062# ARM Linker, 5060750: Last Updated: Mon May 11 17:46:19 2020
<BR><P>
<H3>Maximum Stack Usage =        188 bytes + Unknown(Cycles, Untraceable Function Pointers)</H3><H3>
Call chain for Maximum Stack Depth:</H3>
__rt_entry_main &rArr; main &rArr; fucnPer5ms &rArr; fucnPer1s &rArr; vSystemErrorCheck &rArr; getSystemperature &rArr; getSignalChlADC &rArr; ADC_SignalMode_Config &rArr; ADCPinAFSet &rArr; GPIO_PinAFConfig
<P>
<H3>
Mutually Recursive functions
</H3> <LI><a href="#[1e]">ADC0_IRQHandler</a>&nbsp;&nbsp;&nbsp;&rArr;&nbsp;&nbsp;&nbsp;<a href="#[1e]">ADC0_IRQHandler</a><BR>
</UL>
<P>
<H3>
Function Pointers
</H3><UL>
 <LI><a href="#[1e]">ADC0_IRQHandler</a> from startup_cx32l003.o(.text) referenced from startup_cx32l003.o(RESET)
 <LI><a href="#[1a]">ADVTIM_IRQHandler</a> from user_advtime.o(.text) referenced from startup_cx32l003.o(RESET)
 <LI><a href="#[21]">AWK_IRQHandler</a> from user_awk.o(.text) referenced from startup_cx32l003.o(RESET)
 <LI><a href="#[24]">CLKTRIM_IRQHandler</a> from startup_cx32l003.o(.text) referenced from startup_cx32l003.o(RESET)
 <LI><a href="#[b]">GPIOA_IRQHandler</a> from user_exti.o(.text) referenced from startup_cx32l003.o(RESET)
 <LI><a href="#[c]">GPIOB_IRQHandler</a> from user_exti.o(.text) referenced from startup_cx32l003.o(RESET)
 <LI><a href="#[d]">GPIOC_IRQHandler</a> from user_exti.o(.text) referenced from startup_cx32l003.o(RESET)
 <LI><a href="#[e]">GPIOD_IRQHandler</a> from user_exti.o(.text) referenced from startup_cx32l003.o(RESET)
 <LI><a href="#[7]">HardFault_Handler</a> from cx32l003_it.o(.text) referenced from startup_cx32l003.o(RESET)
 <LI><a href="#[14]">I2C0_IRQHandler</a> from startup_cx32l003.o(.text) referenced from startup_cx32l003.o(RESET)
 <LI><a href="#[15]">I2C_DUMMY_IRQHandler</a> from startup_cx32l003.o(.text) referenced from startup_cx32l003.o(RESET)
 <LI><a href="#[1d]">IWDT_IRQHandler</a> from user_iwdt .o(.text) referenced from startup_cx32l003.o(RESET)
 <LI><a href="#[18]">LPTIMER_IRQHandler</a> from user_lptimer.o(.text) referenced from startup_cx32l003.o(RESET)
 <LI><a href="#[11]">LPUART_IRQHandler</a> from startup_cx32l003.o(.text) referenced from startup_cx32l003.o(RESET)
 <LI><a href="#[1f]">LVD_IRQHandler</a> from startup_cx32l003.o(.text) referenced from startup_cx32l003.o(RESET)
 <LI><a href="#[6]">NMI_Handler</a> from cx32l003_it.o(.text) referenced from startup_cx32l003.o(RESET)
 <LI><a href="#[22]">ONEWIRE_IRQHandler</a> from startup_cx32l003.o(.text) referenced from startup_cx32l003.o(RESET)
 <LI><a href="#[1b]">PCA_IRQHandler</a> from startup_cx32l003.o(.text) referenced from startup_cx32l003.o(RESET)
 <LI><a href="#[19]">PWM_IRQHandler</a> from startup_cx32l003.o(.text) referenced from startup_cx32l003.o(RESET)
 <LI><a href="#[9]">PendSV_Handler</a> from cx32l003_it.o(.text) referenced from startup_cx32l003.o(RESET)
 <LI><a href="#[23]">RTC_MATCH0_IRQHandler</a> from startup_cx32l003.o(.text) referenced from startup_cx32l003.o(RESET)
 <LI><a href="#[5]">Reset_Handler</a> from startup_cx32l003.o(.text) referenced from startup_cx32l003.o(RESET)
 <LI><a href="#[12]">SPI0COMB_IRQHandler</a> from startup_cx32l003.o(.text) referenced from startup_cx32l003.o(RESET)
 <LI><a href="#[13]">SPI_DUMMYCOMB_IRQHandler</a> from startup_cx32l003.o(.text) referenced from startup_cx32l003.o(RESET)
 <LI><a href="#[8]">SVC_Handler</a> from cx32l003_it.o(.text) referenced from startup_cx32l003.o(RESET)
 <LI><a href="#[a]">SysTick_Handler</a> from cx32l003_it.o(.text) referenced from startup_cx32l003.o(RESET)
 <LI><a href="#[16]">TIMER10_IRQHandler</a> from user_basetime.o(.text) referenced from startup_cx32l003.o(RESET)
 <LI><a href="#[17]">TIMER11_IRQHandler</a> from startup_cx32l003.o(.text) referenced from startup_cx32l003.o(RESET)
 <LI><a href="#[f]">UART0_IRQHandler</a> from user_uart.o(.text) referenced from startup_cx32l003.o(RESET)
 <LI><a href="#[10]">UART1_IRQHandler</a> from startup_cx32l003.o(.text) referenced from startup_cx32l003.o(RESET)
 <LI><a href="#[20]">VC_IRQHandler</a> from startup_cx32l003.o(.text) referenced from startup_cx32l003.o(RESET)
 <LI><a href="#[1c]">WWDT_IRQHandler</a> from startup_cx32l003.o(.text) referenced from startup_cx32l003.o(RESET)
 <LI><a href="#[2f]">__main</a> from __main.o(!!!main) referenced from startup_cx32l003.o(.text)
 <LI><a href="#[2e]">allLedEffectModeCb</a> from user_lighteffect.o(.text) referenced from user_lighteffect.o(.text)
 <LI><a href="#[28]">off15mLedCb</a> from user_lighteffect.o(.text) referenced from user_lighteffect.o(.text)
 <LI><a href="#[2a]">off30mLedCb</a> from user_lighteffect.o(.text) referenced from user_lighteffect.o(.text)
 <LI><a href="#[2c]">off60mLedCb</a> from user_lighteffect.o(.text) referenced from user_lighteffect.o(.text)
 <LI><a href="#[26]">offPowerLedCb</a> from user_lighteffect.o(.text) referenced from user_lighteffect.o(.text)
 <LI><a href="#[29]">on15mLedCb</a> from user_lighteffect.o(.text) referenced from user_lighteffect.o(.text)
 <LI><a href="#[2b]">on30mLedCb</a> from user_lighteffect.o(.text) referenced from user_lighteffect.o(.text)
 <LI><a href="#[2d]">on60mLedCb</a> from user_lighteffect.o(.text) referenced from user_lighteffect.o(.text)
 <LI><a href="#[27]">onPowerLedCb</a> from user_lighteffect.o(.text) referenced from user_lighteffect.o(.text)
</UL>
<P>
<H3>
Global Symbols
</H3>
<P><STRONG><a name="[2f]"></a>__main</STRONG> (Thumb, 8 bytes, Stack size 0 bytes, __main.o(!!!main))
<BR><BR>[Calls]<UL><LI><a href="#[30]">&gt;&gt;</a>&nbsp;&nbsp;&nbsp;__scatterload
<LI><a href="#[31]">&gt;&gt;</a>&nbsp;&nbsp;&nbsp;__rt_entry
</UL>

<P><STRONG><a name="[30]"></a>__scatterload</STRONG> (Thumb, 0 bytes, Stack size unknown bytes, __scatter.o(!!!scatter))
<BR><BR>[Called By]<UL><LI><a href="#[2f]">&gt;&gt;</a>&nbsp;&nbsp;&nbsp;__main
</UL>

<P><STRONG><a name="[32]"></a>__scatterload_rt2</STRONG> (Thumb, 52 bytes, Stack size unknown bytes, __scatter.o(!!!scatter), UNUSED)
<BR><BR>[Calls]<UL><LI><a href="#[31]">&gt;&gt;</a>&nbsp;&nbsp;&nbsp;__rt_entry
</UL>

<P><STRONG><a name="[142]"></a>__scatterload_rt2_thumb_only</STRONG> (Thumb, 0 bytes, Stack size unknown bytes, __scatter.o(!!!scatter), UNUSED)

<P><STRONG><a name="[143]"></a>__scatterload_null</STRONG> (Thumb, 0 bytes, Stack size unknown bytes, __scatter.o(!!!scatter), UNUSED)

<P><STRONG><a name="[33]"></a>__scatterload_copy</STRONG> (Thumb, 26 bytes, Stack size unknown bytes, __scatter_copy.o(!!handler_copy), UNUSED)
<BR><BR>[Calls]<UL><LI><a href="#[33]">&gt;&gt;</a>&nbsp;&nbsp;&nbsp;__scatterload_copy
</UL>
<BR>[Called By]<UL><LI><a href="#[33]">&gt;&gt;</a>&nbsp;&nbsp;&nbsp;__scatterload_copy
</UL>

<P><STRONG><a name="[144]"></a>__scatterload_zeroinit</STRONG> (Thumb, 28 bytes, Stack size unknown bytes, __scatter_zi.o(!!handler_zi), UNUSED)

<P><STRONG><a name="[37]"></a>__rt_lib_init</STRONG> (Thumb, 0 bytes, Stack size unknown bytes, libinit.o(.ARM.Collect$$libinit$$00000000))
<BR><BR>[Called By]<UL><LI><a href="#[36]">&gt;&gt;</a>&nbsp;&nbsp;&nbsp;__rt_entry_li
</UL>

<P><STRONG><a name="[145]"></a>__rt_lib_init_alloca_1</STRONG> (Thumb, 0 bytes, Stack size unknown bytes, libinit2.o(.ARM.Collect$$libinit$$0000002E))

<P><STRONG><a name="[146]"></a>__rt_lib_init_argv_1</STRONG> (Thumb, 0 bytes, Stack size unknown bytes, libinit2.o(.ARM.Collect$$libinit$$0000002C))

<P><STRONG><a name="[147]"></a>__rt_lib_init_atexit_1</STRONG> (Thumb, 0 bytes, Stack size unknown bytes, libinit2.o(.ARM.Collect$$libinit$$0000001B))

<P><STRONG><a name="[148]"></a>__rt_lib_init_clock_1</STRONG> (Thumb, 0 bytes, Stack size unknown bytes, libinit2.o(.ARM.Collect$$libinit$$00000021))

<P><STRONG><a name="[149]"></a>__rt_lib_init_cpp_1</STRONG> (Thumb, 0 bytes, Stack size unknown bytes, libinit2.o(.ARM.Collect$$libinit$$00000032))

<P><STRONG><a name="[14a]"></a>__rt_lib_init_exceptions_1</STRONG> (Thumb, 0 bytes, Stack size unknown bytes, libinit2.o(.ARM.Collect$$libinit$$00000030))

<P><STRONG><a name="[14b]"></a>__rt_lib_init_fp_1</STRONG> (Thumb, 0 bytes, Stack size unknown bytes, libinit2.o(.ARM.Collect$$libinit$$00000002))

<P><STRONG><a name="[14c]"></a>__rt_lib_init_fp_trap_1</STRONG> (Thumb, 0 bytes, Stack size unknown bytes, libinit2.o(.ARM.Collect$$libinit$$0000001F))

<P><STRONG><a name="[14d]"></a>__rt_lib_init_getenv_1</STRONG> (Thumb, 0 bytes, Stack size unknown bytes, libinit2.o(.ARM.Collect$$libinit$$00000023))

<P><STRONG><a name="[14e]"></a>__rt_lib_init_heap_1</STRONG> (Thumb, 0 bytes, Stack size unknown bytes, libinit2.o(.ARM.Collect$$libinit$$0000000A))

<P><STRONG><a name="[14f]"></a>__rt_lib_init_lc_collate_1</STRONG> (Thumb, 0 bytes, Stack size unknown bytes, libinit2.o(.ARM.Collect$$libinit$$00000011))

<P><STRONG><a name="[150]"></a>__rt_lib_init_lc_ctype_1</STRONG> (Thumb, 0 bytes, Stack size unknown bytes, libinit2.o(.ARM.Collect$$libinit$$00000013))

<P><STRONG><a name="[151]"></a>__rt_lib_init_lc_monetary_1</STRONG> (Thumb, 0 bytes, Stack size unknown bytes, libinit2.o(.ARM.Collect$$libinit$$00000015))

<P><STRONG><a name="[152]"></a>__rt_lib_init_lc_numeric_1</STRONG> (Thumb, 0 bytes, Stack size unknown bytes, libinit2.o(.ARM.Collect$$libinit$$00000017))

<P><STRONG><a name="[153]"></a>__rt_lib_init_lc_time_1</STRONG> (Thumb, 0 bytes, Stack size unknown bytes, libinit2.o(.ARM.Collect$$libinit$$00000019))

<P><STRONG><a name="[154]"></a>__rt_lib_init_preinit_1</STRONG> (Thumb, 0 bytes, Stack size unknown bytes, libinit2.o(.ARM.Collect$$libinit$$00000004))

<P><STRONG><a name="[155]"></a>__rt_lib_init_rand_1</STRONG> (Thumb, 0 bytes, Stack size unknown bytes, libinit2.o(.ARM.Collect$$libinit$$0000000E))

<P><STRONG><a name="[156]"></a>__rt_lib_init_return</STRONG> (Thumb, 0 bytes, Stack size unknown bytes, libinit2.o(.ARM.Collect$$libinit$$00000033))

<P><STRONG><a name="[157]"></a>__rt_lib_init_signal_1</STRONG> (Thumb, 0 bytes, Stack size unknown bytes, libinit2.o(.ARM.Collect$$libinit$$0000001D))

<P><STRONG><a name="[158]"></a>__rt_lib_init_stdio_1</STRONG> (Thumb, 0 bytes, Stack size unknown bytes, libinit2.o(.ARM.Collect$$libinit$$00000025))

<P><STRONG><a name="[159]"></a>__rt_lib_init_user_alloc_1</STRONG> (Thumb, 0 bytes, Stack size unknown bytes, libinit2.o(.ARM.Collect$$libinit$$0000000C))

<P><STRONG><a name="[3c]"></a>__rt_lib_shutdown</STRONG> (Thumb, 0 bytes, Stack size unknown bytes, libshutdown.o(.ARM.Collect$$libshutdown$$00000000))
<BR><BR>[Called By]<UL><LI><a href="#[3b]">&gt;&gt;</a>&nbsp;&nbsp;&nbsp;__rt_exit_ls
</UL>

<P><STRONG><a name="[15a]"></a>__rt_lib_shutdown_cpp_1</STRONG> (Thumb, 0 bytes, Stack size unknown bytes, libshutdown2.o(.ARM.Collect$$libshutdown$$00000002))

<P><STRONG><a name="[15b]"></a>__rt_lib_shutdown_fp_trap_1</STRONG> (Thumb, 0 bytes, Stack size unknown bytes, libshutdown2.o(.ARM.Collect$$libshutdown$$00000007))

<P><STRONG><a name="[15c]"></a>__rt_lib_shutdown_heap_1</STRONG> (Thumb, 0 bytes, Stack size unknown bytes, libshutdown2.o(.ARM.Collect$$libshutdown$$0000000F))

<P><STRONG><a name="[15d]"></a>__rt_lib_shutdown_return</STRONG> (Thumb, 0 bytes, Stack size unknown bytes, libshutdown2.o(.ARM.Collect$$libshutdown$$00000010))

<P><STRONG><a name="[15e]"></a>__rt_lib_shutdown_signal_1</STRONG> (Thumb, 0 bytes, Stack size unknown bytes, libshutdown2.o(.ARM.Collect$$libshutdown$$0000000A))

<P><STRONG><a name="[15f]"></a>__rt_lib_shutdown_stdio_1</STRONG> (Thumb, 0 bytes, Stack size unknown bytes, libshutdown2.o(.ARM.Collect$$libshutdown$$00000004))

<P><STRONG><a name="[160]"></a>__rt_lib_shutdown_user_alloc_1</STRONG> (Thumb, 0 bytes, Stack size unknown bytes, libshutdown2.o(.ARM.Collect$$libshutdown$$0000000C))

<P><STRONG><a name="[31]"></a>__rt_entry</STRONG> (Thumb, 0 bytes, Stack size unknown bytes, __rtentry.o(.ARM.Collect$$rtentry$$00000000))
<BR><BR>[Called By]<UL><LI><a href="#[32]">&gt;&gt;</a>&nbsp;&nbsp;&nbsp;__scatterload_rt2
<LI><a href="#[2f]">&gt;&gt;</a>&nbsp;&nbsp;&nbsp;__main
</UL>

<P><STRONG><a name="[161]"></a>__rt_entry_presh_1</STRONG> (Thumb, 0 bytes, Stack size unknown bytes, __rtentry2.o(.ARM.Collect$$rtentry$$00000002))

<P><STRONG><a name="[34]"></a>__rt_entry_sh</STRONG> (Thumb, 0 bytes, Stack size unknown bytes, __rtentry4.o(.ARM.Collect$$rtentry$$00000004))
<BR><BR>[Stack]<UL><LI>Max Depth = 8 + Unknown Stack Size
<LI>Call Chain = __rt_entry_sh &rArr; __user_setup_stackheap
</UL>
<BR>[Calls]<UL><LI><a href="#[35]">&gt;&gt;</a>&nbsp;&nbsp;&nbsp;__user_setup_stackheap
</UL>

<P><STRONG><a name="[36]"></a>__rt_entry_li</STRONG> (Thumb, 0 bytes, Stack size unknown bytes, __rtentry2.o(.ARM.Collect$$rtentry$$0000000A))
<BR><BR>[Calls]<UL><LI><a href="#[37]">&gt;&gt;</a>&nbsp;&nbsp;&nbsp;__rt_lib_init
</UL>

<P><STRONG><a name="[162]"></a>__rt_entry_postsh_1</STRONG> (Thumb, 0 bytes, Stack size unknown bytes, __rtentry2.o(.ARM.Collect$$rtentry$$00000009))

<P><STRONG><a name="[38]"></a>__rt_entry_main</STRONG> (Thumb, 0 bytes, Stack size unknown bytes, __rtentry2.o(.ARM.Collect$$rtentry$$0000000D))
<BR><BR>[Stack]<UL><LI>Max Depth = 188 + Unknown Stack Size
<LI>Call Chain = __rt_entry_main &rArr; main &rArr; fucnPer5ms &rArr; fucnPer1s &rArr; vSystemErrorCheck &rArr; getSystemperature &rArr; getSignalChlADC &rArr; ADC_SignalMode_Config &rArr; ADCPinAFSet &rArr; GPIO_PinAFConfig
</UL>
<BR>[Calls]<UL><LI><a href="#[39]">&gt;&gt;</a>&nbsp;&nbsp;&nbsp;main
<LI><a href="#[3a]">&gt;&gt;</a>&nbsp;&nbsp;&nbsp;exit
</UL>

<P><STRONG><a name="[163]"></a>__rt_entry_postli_1</STRONG> (Thumb, 0 bytes, Stack size unknown bytes, __rtentry2.o(.ARM.Collect$$rtentry$$0000000C))

<P><STRONG><a name="[139]"></a>__rt_exit</STRONG> (Thumb, 0 bytes, Stack size unknown bytes, rtexit.o(.ARM.Collect$$rtexit$$00000000))
<BR><BR>[Called By]<UL><LI><a href="#[3a]">&gt;&gt;</a>&nbsp;&nbsp;&nbsp;exit
</UL>

<P><STRONG><a name="[3b]"></a>__rt_exit_ls</STRONG> (Thumb, 0 bytes, Stack size unknown bytes, rtexit2.o(.ARM.Collect$$rtexit$$00000003))
<BR><BR>[Calls]<UL><LI><a href="#[3c]">&gt;&gt;</a>&nbsp;&nbsp;&nbsp;__rt_lib_shutdown
</UL>

<P><STRONG><a name="[164]"></a>__rt_exit_prels_1</STRONG> (Thumb, 0 bytes, Stack size unknown bytes, rtexit2.o(.ARM.Collect$$rtexit$$00000002))

<P><STRONG><a name="[3d]"></a>__rt_exit_exit</STRONG> (Thumb, 0 bytes, Stack size unknown bytes, rtexit2.o(.ARM.Collect$$rtexit$$00000004))
<BR><BR>[Calls]<UL><LI><a href="#[3e]">&gt;&gt;</a>&nbsp;&nbsp;&nbsp;_sys_exit
</UL>

<P><STRONG><a name="[124]"></a>__aeabi_memcpy4</STRONG> (Thumb, 56 bytes, Stack size 0 bytes, rt_memcpy.o(.emb_text))
<BR><BR>[Called By]<UL><LI><a href="#[120]">&gt;&gt;</a>&nbsp;&nbsp;&nbsp;__aeabi_memcpy
</UL>

<P><STRONG><a name="[165]"></a>__aeabi_memcpy8</STRONG> (Thumb, 0 bytes, Stack size 0 bytes, rt_memcpy.o(.emb_text), UNUSED)

<P><STRONG><a name="[5]"></a>Reset_Handler</STRONG> (Thumb, 4 bytes, Stack size 0 bytes, startup_cx32l003.o(.text))
<BR>[Address Reference Count : 1]<UL><LI> startup_cx32l003.o(RESET)
</UL>
<P><STRONG><a name="[1e]"></a>ADC0_IRQHandler</STRONG> (Thumb, 0 bytes, Stack size 0 bytes, startup_cx32l003.o(.text))
<BR><BR>[Calls]<UL><LI><a href="#[1e]">&gt;&gt;</a>&nbsp;&nbsp;&nbsp;ADC0_IRQHandler
</UL>
<BR>[Called By]<UL><LI><a href="#[1e]">&gt;&gt;</a>&nbsp;&nbsp;&nbsp;ADC0_IRQHandler
</UL>
<BR>[Address Reference Count : 1]<UL><LI> startup_cx32l003.o(RESET)
</UL>
<P><STRONG><a name="[24]"></a>CLKTRIM_IRQHandler</STRONG> (Thumb, 0 bytes, Stack size 0 bytes, startup_cx32l003.o(.text))
<BR>[Address Reference Count : 1]<UL><LI> startup_cx32l003.o(RESET)
</UL>
<P><STRONG><a name="[14]"></a>I2C0_IRQHandler</STRONG> (Thumb, 0 bytes, Stack size 0 bytes, startup_cx32l003.o(.text))
<BR>[Address Reference Count : 1]<UL><LI> startup_cx32l003.o(RESET)
</UL>
<P><STRONG><a name="[15]"></a>I2C_DUMMY_IRQHandler</STRONG> (Thumb, 0 bytes, Stack size 0 bytes, startup_cx32l003.o(.text))
<BR>[Address Reference Count : 1]<UL><LI> startup_cx32l003.o(RESET)
</UL>
<P><STRONG><a name="[11]"></a>LPUART_IRQHandler</STRONG> (Thumb, 0 bytes, Stack size 0 bytes, startup_cx32l003.o(.text))
<BR>[Address Reference Count : 1]<UL><LI> startup_cx32l003.o(RESET)
</UL>
<P><STRONG><a name="[1f]"></a>LVD_IRQHandler</STRONG> (Thumb, 0 bytes, Stack size 0 bytes, startup_cx32l003.o(.text))
<BR>[Address Reference Count : 1]<UL><LI> startup_cx32l003.o(RESET)
</UL>
<P><STRONG><a name="[22]"></a>ONEWIRE_IRQHandler</STRONG> (Thumb, 0 bytes, Stack size 0 bytes, startup_cx32l003.o(.text))
<BR>[Address Reference Count : 1]<UL><LI> startup_cx32l003.o(RESET)
</UL>
<P><STRONG><a name="[1b]"></a>PCA_IRQHandler</STRONG> (Thumb, 0 bytes, Stack size 0 bytes, startup_cx32l003.o(.text))
<BR>[Address Reference Count : 1]<UL><LI> startup_cx32l003.o(RESET)
</UL>
<P><STRONG><a name="[19]"></a>PWM_IRQHandler</STRONG> (Thumb, 0 bytes, Stack size 0 bytes, startup_cx32l003.o(.text))
<BR>[Address Reference Count : 1]<UL><LI> startup_cx32l003.o(RESET)
</UL>
<P><STRONG><a name="[23]"></a>RTC_MATCH0_IRQHandler</STRONG> (Thumb, 0 bytes, Stack size 0 bytes, startup_cx32l003.o(.text))
<BR>[Address Reference Count : 1]<UL><LI> startup_cx32l003.o(RESET)
</UL>
<P><STRONG><a name="[12]"></a>SPI0COMB_IRQHandler</STRONG> (Thumb, 0 bytes, Stack size 0 bytes, startup_cx32l003.o(.text))
<BR>[Address Reference Count : 1]<UL><LI> startup_cx32l003.o(RESET)
</UL>
<P><STRONG><a name="[13]"></a>SPI_DUMMYCOMB_IRQHandler</STRONG> (Thumb, 0 bytes, Stack size 0 bytes, startup_cx32l003.o(.text))
<BR>[Address Reference Count : 1]<UL><LI> startup_cx32l003.o(RESET)
</UL>
<P><STRONG><a name="[17]"></a>TIMER11_IRQHandler</STRONG> (Thumb, 0 bytes, Stack size 0 bytes, startup_cx32l003.o(.text))
<BR>[Address Reference Count : 1]<UL><LI> startup_cx32l003.o(RESET)
</UL>
<P><STRONG><a name="[10]"></a>UART1_IRQHandler</STRONG> (Thumb, 0 bytes, Stack size 0 bytes, startup_cx32l003.o(.text))
<BR>[Address Reference Count : 1]<UL><LI> startup_cx32l003.o(RESET)
</UL>
<P><STRONG><a name="[20]"></a>VC_IRQHandler</STRONG> (Thumb, 0 bytes, Stack size 0 bytes, startup_cx32l003.o(.text))
<BR>[Address Reference Count : 1]<UL><LI> startup_cx32l003.o(RESET)
</UL>
<P><STRONG><a name="[1c]"></a>WWDT_IRQHandler</STRONG> (Thumb, 0 bytes, Stack size 0 bytes, startup_cx32l003.o(.text))
<BR>[Address Reference Count : 1]<UL><LI> startup_cx32l003.o(RESET)
</UL>
<P><STRONG><a name="[137]"></a>__user_initial_stackheap</STRONG> (Thumb, 10 bytes, Stack size 0 bytes, startup_cx32l003.o(.text))
<BR><BR>[Called By]<UL><LI><a href="#[35]">&gt;&gt;</a>&nbsp;&nbsp;&nbsp;__user_setup_stackheap
</UL>

<P><STRONG><a name="[3f]"></a>ADC_DeInit</STRONG> (Thumb, 26 bytes, Stack size 8 bytes, cx32l003_adc.o(.text), UNUSED)
<BR><BR>[Calls]<UL><LI><a href="#[40]">&gt;&gt;</a>&nbsp;&nbsp;&nbsp;RCC_PeriphResetCmd
</UL>

<P><STRONG><a name="[e1]"></a>ADC_Init</STRONG> (Thumb, 32 bytes, Stack size 8 bytes, cx32l003_adc.o(.text))
<BR><BR>[Stack]<UL><LI>Max Depth = 8<LI>Call Chain = ADC_Init
</UL>
<BR>[Called By]<UL><LI><a href="#[e5]">&gt;&gt;</a>&nbsp;&nbsp;&nbsp;ADC_MutiMode_Config
<LI><a href="#[e0]">&gt;&gt;</a>&nbsp;&nbsp;&nbsp;ADC_SignalMode_Config
</UL>

<P><STRONG><a name="[166]"></a>ADC_StructInit</STRONG> (Thumb, 10 bytes, Stack size 0 bytes, cx32l003_adc.o(.text), UNUSED)

<P><STRONG><a name="[e2]"></a>ADC_CommonInit</STRONG> (Thumb, 44 bytes, Stack size 8 bytes, cx32l003_adc.o(.text))
<BR><BR>[Stack]<UL><LI>Max Depth = 8<LI>Call Chain = ADC_CommonInit
</UL>
<BR>[Called By]<UL><LI><a href="#[e5]">&gt;&gt;</a>&nbsp;&nbsp;&nbsp;ADC_MutiMode_Config
<LI><a href="#[e0]">&gt;&gt;</a>&nbsp;&nbsp;&nbsp;ADC_SignalMode_Config
</UL>

<P><STRONG><a name="[167]"></a>ADC_CommonStructInit</STRONG> (Thumb, 14 bytes, Stack size 0 bytes, cx32l003_adc.o(.text), UNUSED)

<P><STRONG><a name="[e4]"></a>ADC_Cmd</STRONG> (Thumb, 24 bytes, Stack size 0 bytes, cx32l003_adc.o(.text))
<BR><BR>[Called By]<UL><LI><a href="#[e9]">&gt;&gt;</a>&nbsp;&nbsp;&nbsp;mutiChannesADC
<LI><a href="#[e5]">&gt;&gt;</a>&nbsp;&nbsp;&nbsp;ADC_MutiMode_Config
<LI><a href="#[e0]">&gt;&gt;</a>&nbsp;&nbsp;&nbsp;ADC_SignalMode_Config
<LI><a href="#[c8]">&gt;&gt;</a>&nbsp;&nbsp;&nbsp;getSignalChlADC
</UL>

<P><STRONG><a name="[168]"></a>ADC_RegularChannelConfig</STRONG> (Thumb, 52 bytes, Stack size 12 bytes, cx32l003_adc.o(.text), UNUSED)

<P><STRONG><a name="[ea]"></a>ADC_SoftwareStartConv</STRONG> (Thumb, 10 bytes, Stack size 0 bytes, cx32l003_adc.o(.text))
<BR><BR>[Called By]<UL><LI><a href="#[e9]">&gt;&gt;</a>&nbsp;&nbsp;&nbsp;mutiChannesADC
<LI><a href="#[c8]">&gt;&gt;</a>&nbsp;&nbsp;&nbsp;getSignalChlADC
</UL>

<P><STRONG><a name="[ec]"></a>ADC_GetSoftwareStartConvStatus</STRONG> (Thumb, 22 bytes, Stack size 0 bytes, cx32l003_adc.o(.text))
<BR><BR>[Called By]<UL><LI><a href="#[c8]">&gt;&gt;</a>&nbsp;&nbsp;&nbsp;getSignalChlADC
</UL>

<P><STRONG><a name="[169]"></a>ADC_ContinuousModeCmd</STRONG> (Thumb, 28 bytes, Stack size 0 bytes, cx32l003_adc.o(.text), UNUSED)

<P><STRONG><a name="[e8]"></a>ADC_ContinuousConverChannelCmd</STRONG> (Thumb, 20 bytes, Stack size 0 bytes, cx32l003_adc.o(.text), UNUSED)
<BR><BR>[Called By]<UL><LI><a href="#[e5]">&gt;&gt;</a>&nbsp;&nbsp;&nbsp;ADC_MutiMode_Config
</UL>

<P><STRONG><a name="[e7]"></a>ADC_ContinuousConverRstCmd</STRONG> (Thumb, 28 bytes, Stack size 0 bytes, cx32l003_adc.o(.text), UNUSED)
<BR><BR>[Called By]<UL><LI><a href="#[e5]">&gt;&gt;</a>&nbsp;&nbsp;&nbsp;ADC_MutiMode_Config
</UL>

<P><STRONG><a name="[16a]"></a>ADC_DisContinuousModeCmd</STRONG> (Thumb, 28 bytes, Stack size 0 bytes, cx32l003_adc.o(.text), UNUSED)

<P><STRONG><a name="[ed]"></a>ADC_GetConversionValue</STRONG> (Thumb, 8 bytes, Stack size 0 bytes, cx32l003_adc.o(.text))
<BR><BR>[Called By]<UL><LI><a href="#[c8]">&gt;&gt;</a>&nbsp;&nbsp;&nbsp;getSignalChlADC
</UL>

<P><STRONG><a name="[16b]"></a>ADC_GetChannelConversionValue</STRONG> (Thumb, 98 bytes, Stack size 0 bytes, cx32l003_adc.o(.text), UNUSED)

<P><STRONG><a name="[16c]"></a>ADC_SetCompareHtValue</STRONG> (Thumb, 8 bytes, Stack size 0 bytes, cx32l003_adc.o(.text), UNUSED)

<P><STRONG><a name="[16d]"></a>ADC_SetCompareLtValue</STRONG> (Thumb, 8 bytes, Stack size 0 bytes, cx32l003_adc.o(.text), UNUSED)

<P><STRONG><a name="[16e]"></a>ADC_CompareControl</STRONG> (Thumb, 24 bytes, Stack size 0 bytes, cx32l003_adc.o(.text), UNUSED)

<P><STRONG><a name="[16f]"></a>ADC_ExternalTrigInjectedConvConfig</STRONG> (Thumb, 32 bytes, Stack size 8 bytes, cx32l003_adc.o(.text), UNUSED)

<P><STRONG><a name="[e3]"></a>ADC_ITCmd</STRONG> (Thumb, 20 bytes, Stack size 0 bytes, cx32l003_adc.o(.text))
<BR><BR>[Called By]<UL><LI><a href="#[e0]">&gt;&gt;</a>&nbsp;&nbsp;&nbsp;ADC_SignalMode_Config
</UL>

<P><STRONG><a name="[170]"></a>ADC_AccCmd</STRONG> (Thumb, 28 bytes, Stack size 0 bytes, cx32l003_adc.o(.text), UNUSED)

<P><STRONG><a name="[171]"></a>ADC_AccResultClear</STRONG> (Thumb, 28 bytes, Stack size 0 bytes, cx32l003_adc.o(.text), UNUSED)

<P><STRONG><a name="[172]"></a>ADC_GetAccResult</STRONG> (Thumb, 6 bytes, Stack size 0 bytes, cx32l003_adc.o(.text), UNUSED)

<P><STRONG><a name="[eb]"></a>ADC_GetRISFlagStatus</STRONG> (Thumb, 20 bytes, Stack size 0 bytes, cx32l003_adc.o(.text), UNUSED)
<BR><BR>[Called By]<UL><LI><a href="#[e9]">&gt;&gt;</a>&nbsp;&nbsp;&nbsp;mutiChannesADC
</UL>

<P><STRONG><a name="[173]"></a>ADC_GetMISFlagStatus</STRONG> (Thumb, 20 bytes, Stack size 0 bytes, cx32l003_adc.o(.text), UNUSED)

<P><STRONG><a name="[e6]"></a>ADC_ClearFlag</STRONG> (Thumb, 8 bytes, Stack size 0 bytes, cx32l003_adc.o(.text), UNUSED)
<BR><BR>[Called By]<UL><LI><a href="#[e5]">&gt;&gt;</a>&nbsp;&nbsp;&nbsp;ADC_MutiMode_Config
</UL>

<P><STRONG><a name="[174]"></a>ADVTIM_DeInit</STRONG> (Thumb, 2 bytes, Stack size 0 bytes, cx32l003_advtim.o(.text), UNUSED)

<P><STRONG><a name="[67]"></a>ADVTIM_TimeBaseInit</STRONG> (Thumb, 78 bytes, Stack size 0 bytes, cx32l003_advtim.o(.text))
<BR><BR>[Called By]<UL><LI><a href="#[66]">&gt;&gt;</a>&nbsp;&nbsp;&nbsp;ADVTIM_PWMMODE_Config
</UL>

<P><STRONG><a name="[68]"></a>ADVTIM_OC1Init</STRONG> (Thumb, 116 bytes, Stack size 16 bytes, cx32l003_advtim.o(.text))
<BR><BR>[Stack]<UL><LI>Max Depth = 16<LI>Call Chain = ADVTIM_OC1Init
</UL>
<BR>[Called By]<UL><LI><a href="#[66]">&gt;&gt;</a>&nbsp;&nbsp;&nbsp;ADVTIM_PWMMODE_Config
</UL>

<P><STRONG><a name="[69]"></a>ADVTIM_OC2Init</STRONG> (Thumb, 144 bytes, Stack size 16 bytes, cx32l003_advtim.o(.text))
<BR><BR>[Stack]<UL><LI>Max Depth = 16<LI>Call Chain = ADVTIM_OC2Init
</UL>
<BR>[Called By]<UL><LI><a href="#[66]">&gt;&gt;</a>&nbsp;&nbsp;&nbsp;ADVTIM_PWMMODE_Config
</UL>

<P><STRONG><a name="[6a]"></a>ADVTIM_OC3Init</STRONG> (Thumb, 136 bytes, Stack size 16 bytes, cx32l003_advtim.o(.text))
<BR><BR>[Stack]<UL><LI>Max Depth = 16<LI>Call Chain = ADVTIM_OC3Init
</UL>
<BR>[Called By]<UL><LI><a href="#[66]">&gt;&gt;</a>&nbsp;&nbsp;&nbsp;ADVTIM_PWMMODE_Config
</UL>

<P><STRONG><a name="[6b]"></a>ADVTIM_OC4Init</STRONG> (Thumb, 100 bytes, Stack size 16 bytes, cx32l003_advtim.o(.text))
<BR><BR>[Stack]<UL><LI>Max Depth = 16<LI>Call Chain = ADVTIM_OC4Init
</UL>
<BR>[Called By]<UL><LI><a href="#[66]">&gt;&gt;</a>&nbsp;&nbsp;&nbsp;ADVTIM_PWMMODE_Config
</UL>

<P><STRONG><a name="[49]"></a>ADVTIM_SetIC4Prescaler</STRONG> (Thumb, 20 bytes, Stack size 0 bytes, cx32l003_advtim.o(.text), UNUSED)
<BR><BR>[Called By]<UL><LI><a href="#[41]">&gt;&gt;</a>&nbsp;&nbsp;&nbsp;ADVTIM_ICInit
</UL>

<P><STRONG><a name="[47]"></a>ADVTIM_SetIC3Prescaler</STRONG> (Thumb, 18 bytes, Stack size 0 bytes, cx32l003_advtim.o(.text), UNUSED)
<BR><BR>[Called By]<UL><LI><a href="#[41]">&gt;&gt;</a>&nbsp;&nbsp;&nbsp;ADVTIM_ICInit
</UL>

<P><STRONG><a name="[45]"></a>ADVTIM_SetIC2Prescaler</STRONG> (Thumb, 20 bytes, Stack size 0 bytes, cx32l003_advtim.o(.text), UNUSED)
<BR><BR>[Called By]<UL><LI><a href="#[4a]">&gt;&gt;</a>&nbsp;&nbsp;&nbsp;ADVTIM_PWMIConfig
<LI><a href="#[41]">&gt;&gt;</a>&nbsp;&nbsp;&nbsp;ADVTIM_ICInit
</UL>

<P><STRONG><a name="[43]"></a>ADVTIM_SetIC1Prescaler</STRONG> (Thumb, 18 bytes, Stack size 0 bytes, cx32l003_advtim.o(.text), UNUSED)
<BR><BR>[Called By]<UL><LI><a href="#[4a]">&gt;&gt;</a>&nbsp;&nbsp;&nbsp;ADVTIM_PWMIConfig
<LI><a href="#[41]">&gt;&gt;</a>&nbsp;&nbsp;&nbsp;ADVTIM_ICInit
</UL>

<P><STRONG><a name="[41]"></a>ADVTIM_ICInit</STRONG> (Thumb, 128 bytes, Stack size 16 bytes, cx32l003_advtim.o(.text), UNUSED)
<BR><BR>[Calls]<UL><LI><a href="#[43]">&gt;&gt;</a>&nbsp;&nbsp;&nbsp;ADVTIM_SetIC1Prescaler
<LI><a href="#[45]">&gt;&gt;</a>&nbsp;&nbsp;&nbsp;ADVTIM_SetIC2Prescaler
<LI><a href="#[47]">&gt;&gt;</a>&nbsp;&nbsp;&nbsp;ADVTIM_SetIC3Prescaler
<LI><a href="#[49]">&gt;&gt;</a>&nbsp;&nbsp;&nbsp;ADVTIM_SetIC4Prescaler
<LI><a href="#[42]">&gt;&gt;</a>&nbsp;&nbsp;&nbsp;TI1_Config
<LI><a href="#[44]">&gt;&gt;</a>&nbsp;&nbsp;&nbsp;TI2_Config
<LI><a href="#[46]">&gt;&gt;</a>&nbsp;&nbsp;&nbsp;TI3_Config
<LI><a href="#[48]">&gt;&gt;</a>&nbsp;&nbsp;&nbsp;TI4_Config
</UL>

<P><STRONG><a name="[4a]"></a>ADVTIM_PWMIConfig</STRONG> (Thumb, 124 bytes, Stack size 24 bytes, cx32l003_advtim.o(.text), UNUSED)
<BR><BR>[Calls]<UL><LI><a href="#[43]">&gt;&gt;</a>&nbsp;&nbsp;&nbsp;ADVTIM_SetIC1Prescaler
<LI><a href="#[45]">&gt;&gt;</a>&nbsp;&nbsp;&nbsp;ADVTIM_SetIC2Prescaler
<LI><a href="#[42]">&gt;&gt;</a>&nbsp;&nbsp;&nbsp;TI1_Config
<LI><a href="#[44]">&gt;&gt;</a>&nbsp;&nbsp;&nbsp;TI2_Config
</UL>

<P><STRONG><a name="[175]"></a>ADVTIM_BDTRConfig</STRONG> (Thumb, 30 bytes, Stack size 0 bytes, cx32l003_advtim.o(.text), UNUSED)

<P><STRONG><a name="[176]"></a>ADVTIM_TimeBaseStructInit</STRONG> (Thumb, 18 bytes, Stack size 0 bytes, cx32l003_advtim.o(.text), UNUSED)

<P><STRONG><a name="[177]"></a>ADVTIM_OCStructInit</STRONG> (Thumb, 20 bytes, Stack size 0 bytes, cx32l003_advtim.o(.text), UNUSED)

<P><STRONG><a name="[178]"></a>ADVTIM_ICStructInit</STRONG> (Thumb, 18 bytes, Stack size 0 bytes, cx32l003_advtim.o(.text), UNUSED)

<P><STRONG><a name="[179]"></a>ADVTIM_BDTRStructInit</STRONG> (Thumb, 18 bytes, Stack size 0 bytes, cx32l003_advtim.o(.text), UNUSED)

<P><STRONG><a name="[6c]"></a>ADVTIM_Cmd</STRONG> (Thumb, 26 bytes, Stack size 0 bytes, cx32l003_advtim.o(.text))
<BR><BR>[Called By]<UL><LI><a href="#[1a]">&gt;&gt;</a>&nbsp;&nbsp;&nbsp;ADVTIM_IRQHandler
<LI><a href="#[66]">&gt;&gt;</a>&nbsp;&nbsp;&nbsp;ADVTIM_PWMMODE_Config
</UL>

<P><STRONG><a name="[6d]"></a>ADVTIM_CtrlPWMOutputs</STRONG> (Thumb, 26 bytes, Stack size 0 bytes, cx32l003_advtim.o(.text))
<BR><BR>[Called By]<UL><LI><a href="#[66]">&gt;&gt;</a>&nbsp;&nbsp;&nbsp;ADVTIM_PWMMODE_Config
</UL>

<P><STRONG><a name="[76]"></a>ADVTIM_ITConfig</STRONG> (Thumb, 26 bytes, Stack size 8 bytes, cx32l003_advtim.o(.text))
<BR><BR>[Stack]<UL><LI>Max Depth = 8<LI>Call Chain = ADVTIM_ITConfig
</UL>
<BR>[Called By]<UL><LI><a href="#[1a]">&gt;&gt;</a>&nbsp;&nbsp;&nbsp;ADVTIM_IRQHandler
</UL>

<P><STRONG><a name="[17a]"></a>ADVTIM_GenerateEvent</STRONG> (Thumb, 4 bytes, Stack size 0 bytes, cx32l003_advtim.o(.text), UNUSED)

<P><STRONG><a name="[17b]"></a>ADVTIM_DMAConfig</STRONG> (Thumb, 8 bytes, Stack size 0 bytes, cx32l003_advtim.o(.text), UNUSED)

<P><STRONG><a name="[17c]"></a>ADVTIM_DMACmd</STRONG> (Thumb, 26 bytes, Stack size 8 bytes, cx32l003_advtim.o(.text), UNUSED)

<P><STRONG><a name="[17d]"></a>ADVTIM_InternalClockConfig</STRONG> (Thumb, 12 bytes, Stack size 0 bytes, cx32l003_advtim.o(.text), UNUSED)

<P><STRONG><a name="[4c]"></a>ADVTIM_SelectInputTrigger</STRONG> (Thumb, 24 bytes, Stack size 0 bytes, cx32l003_advtim.o(.text), UNUSED)
<BR><BR>[Called By]<UL><LI><a href="#[4d]">&gt;&gt;</a>&nbsp;&nbsp;&nbsp;ADVTIM_TIxExternalClockConfig
<LI><a href="#[4b]">&gt;&gt;</a>&nbsp;&nbsp;&nbsp;ADVTIM_ITRxExternalClockConfig
</UL>

<P><STRONG><a name="[4b]"></a>ADVTIM_ITRxExternalClockConfig</STRONG> (Thumb, 24 bytes, Stack size 12 bytes, cx32l003_advtim.o(.text), UNUSED)
<BR><BR>[Calls]<UL><LI><a href="#[4c]">&gt;&gt;</a>&nbsp;&nbsp;&nbsp;ADVTIM_SelectInputTrigger
</UL>

<P><STRONG><a name="[4d]"></a>ADVTIM_TIxExternalClockConfig</STRONG> (Thumb, 58 bytes, Stack size 24 bytes, cx32l003_advtim.o(.text), UNUSED)
<BR><BR>[Calls]<UL><LI><a href="#[4c]">&gt;&gt;</a>&nbsp;&nbsp;&nbsp;ADVTIM_SelectInputTrigger
<LI><a href="#[42]">&gt;&gt;</a>&nbsp;&nbsp;&nbsp;TI1_Config
<LI><a href="#[44]">&gt;&gt;</a>&nbsp;&nbsp;&nbsp;TI2_Config
</UL>

<P><STRONG><a name="[4f]"></a>ADVTIM_ETRConfig</STRONG> (Thumb, 26 bytes, Stack size 12 bytes, cx32l003_advtim.o(.text), UNUSED)
<BR><BR>[Called By]<UL><LI><a href="#[50]">&gt;&gt;</a>&nbsp;&nbsp;&nbsp;ADVTIM_ETRClockMode2Config
<LI><a href="#[4e]">&gt;&gt;</a>&nbsp;&nbsp;&nbsp;ADVTIM_ETRClockMode1Config
</UL>

<P><STRONG><a name="[4e]"></a>ADVTIM_ETRClockMode1Config</STRONG> (Thumb, 50 bytes, Stack size 36 bytes, cx32l003_advtim.o(.text), UNUSED)
<BR><BR>[Calls]<UL><LI><a href="#[4f]">&gt;&gt;</a>&nbsp;&nbsp;&nbsp;ADVTIM_ETRConfig
</UL>

<P><STRONG><a name="[50]"></a>ADVTIM_ETRClockMode2Config</STRONG> (Thumb, 34 bytes, Stack size 20 bytes, cx32l003_advtim.o(.text), UNUSED)
<BR><BR>[Calls]<UL><LI><a href="#[4f]">&gt;&gt;</a>&nbsp;&nbsp;&nbsp;ADVTIM_ETRConfig
</UL>

<P><STRONG><a name="[17e]"></a>ADVTIM_PrescalerConfig</STRONG> (Thumb, 6 bytes, Stack size 0 bytes, cx32l003_advtim.o(.text), UNUSED)

<P><STRONG><a name="[17f]"></a>ADVTIM_CounterModeConfig</STRONG> (Thumb, 24 bytes, Stack size 0 bytes, cx32l003_advtim.o(.text), UNUSED)

<P><STRONG><a name="[180]"></a>ADVTIM_EncoderInterfaceConfig</STRONG> (Thumb, 66 bytes, Stack size 20 bytes, cx32l003_advtim.o(.text), UNUSED)

<P><STRONG><a name="[181]"></a>ADVTIM_ForcedOC1Config</STRONG> (Thumb, 24 bytes, Stack size 0 bytes, cx32l003_advtim.o(.text), UNUSED)

<P><STRONG><a name="[182]"></a>ADVTIM_ForcedOC2Config</STRONG> (Thumb, 22 bytes, Stack size 0 bytes, cx32l003_advtim.o(.text), UNUSED)

<P><STRONG><a name="[183]"></a>ADVTIM_ForcedOC3Config</STRONG> (Thumb, 24 bytes, Stack size 0 bytes, cx32l003_advtim.o(.text), UNUSED)

<P><STRONG><a name="[184]"></a>ADVTIM_ForcedOC4Config</STRONG> (Thumb, 22 bytes, Stack size 0 bytes, cx32l003_advtim.o(.text), UNUSED)

<P><STRONG><a name="[185]"></a>ADVTIM_ARRPreloadConfig</STRONG> (Thumb, 26 bytes, Stack size 0 bytes, cx32l003_advtim.o(.text), UNUSED)

<P><STRONG><a name="[186]"></a>ADVTIM_SelectCOM</STRONG> (Thumb, 26 bytes, Stack size 0 bytes, cx32l003_advtim.o(.text), UNUSED)

<P><STRONG><a name="[187]"></a>ADVTIM_SelectCCDMA</STRONG> (Thumb, 26 bytes, Stack size 0 bytes, cx32l003_advtim.o(.text), UNUSED)

<P><STRONG><a name="[188]"></a>ADVTIM_CCPreloadControl</STRONG> (Thumb, 44 bytes, Stack size 0 bytes, cx32l003_advtim.o(.text), UNUSED)

<P><STRONG><a name="[189]"></a>ADVTIM_OC1PreloadConfig</STRONG> (Thumb, 24 bytes, Stack size 0 bytes, cx32l003_advtim.o(.text), UNUSED)

<P><STRONG><a name="[18a]"></a>ADVTIM_OC2PreloadConfig</STRONG> (Thumb, 22 bytes, Stack size 0 bytes, cx32l003_advtim.o(.text), UNUSED)

<P><STRONG><a name="[18b]"></a>ADVTIM_OC3PreloadConfig</STRONG> (Thumb, 24 bytes, Stack size 0 bytes, cx32l003_advtim.o(.text), UNUSED)

<P><STRONG><a name="[18c]"></a>ADVTIM_OC4PreloadConfig</STRONG> (Thumb, 22 bytes, Stack size 0 bytes, cx32l003_advtim.o(.text), UNUSED)

<P><STRONG><a name="[18d]"></a>ADVTIM_OC1FastConfig</STRONG> (Thumb, 24 bytes, Stack size 0 bytes, cx32l003_advtim.o(.text), UNUSED)

<P><STRONG><a name="[18e]"></a>ADVTIM_OC2FastConfig</STRONG> (Thumb, 22 bytes, Stack size 0 bytes, cx32l003_advtim.o(.text), UNUSED)

<P><STRONG><a name="[18f]"></a>ADVTIM_OC3FastConfig</STRONG> (Thumb, 24 bytes, Stack size 0 bytes, cx32l003_advtim.o(.text), UNUSED)

<P><STRONG><a name="[190]"></a>ADVTIM_OC4FastConfig</STRONG> (Thumb, 22 bytes, Stack size 0 bytes, cx32l003_advtim.o(.text), UNUSED)

<P><STRONG><a name="[191]"></a>ADVTIM_ClearOC1Ref</STRONG> (Thumb, 24 bytes, Stack size 0 bytes, cx32l003_advtim.o(.text), UNUSED)

<P><STRONG><a name="[192]"></a>ADVTIM_ClearOC2Ref</STRONG> (Thumb, 22 bytes, Stack size 0 bytes, cx32l003_advtim.o(.text), UNUSED)

<P><STRONG><a name="[193]"></a>ADVTIM_ClearOC3Ref</STRONG> (Thumb, 24 bytes, Stack size 0 bytes, cx32l003_advtim.o(.text), UNUSED)

<P><STRONG><a name="[194]"></a>ADVTIM_ClearOC4Ref</STRONG> (Thumb, 22 bytes, Stack size 0 bytes, cx32l003_advtim.o(.text), UNUSED)

<P><STRONG><a name="[195]"></a>ADVTIM_OC1PolarityConfig</STRONG> (Thumb, 24 bytes, Stack size 0 bytes, cx32l003_advtim.o(.text), UNUSED)

<P><STRONG><a name="[196]"></a>ADVTIM_OC1NPolarityConfig</STRONG> (Thumb, 24 bytes, Stack size 0 bytes, cx32l003_advtim.o(.text), UNUSED)

<P><STRONG><a name="[197]"></a>ADVTIM_OC2PolarityConfig</STRONG> (Thumb, 24 bytes, Stack size 0 bytes, cx32l003_advtim.o(.text), UNUSED)

<P><STRONG><a name="[198]"></a>ADVTIM_OC2NPolarityConfig</STRONG> (Thumb, 24 bytes, Stack size 0 bytes, cx32l003_advtim.o(.text), UNUSED)

<P><STRONG><a name="[199]"></a>ADVTIM_OC3PolarityConfig</STRONG> (Thumb, 22 bytes, Stack size 0 bytes, cx32l003_advtim.o(.text), UNUSED)

<P><STRONG><a name="[19a]"></a>ADVTIM_OC3NPolarityConfig</STRONG> (Thumb, 22 bytes, Stack size 0 bytes, cx32l003_advtim.o(.text), UNUSED)

<P><STRONG><a name="[19b]"></a>ADVTIM_OC4PolarityConfig</STRONG> (Thumb, 22 bytes, Stack size 0 bytes, cx32l003_advtim.o(.text), UNUSED)

<P><STRONG><a name="[19c]"></a>ADVTIM_CCxCmd</STRONG> (Thumb, 34 bytes, Stack size 12 bytes, cx32l003_advtim.o(.text), UNUSED)

<P><STRONG><a name="[19d]"></a>ADVTIM_CCxNCmd</STRONG> (Thumb, 34 bytes, Stack size 12 bytes, cx32l003_advtim.o(.text), UNUSED)

<P><STRONG><a name="[19e]"></a>ADVTIM_SelectOCxM</STRONG> (Thumb, 86 bytes, Stack size 16 bytes, cx32l003_advtim.o(.text), UNUSED)

<P><STRONG><a name="[19f]"></a>ADVTIM_UpdateDisableConfig</STRONG> (Thumb, 26 bytes, Stack size 0 bytes, cx32l003_advtim.o(.text), UNUSED)

<P><STRONG><a name="[1a0]"></a>ADVTIM_UpdateRequestConfig</STRONG> (Thumb, 26 bytes, Stack size 0 bytes, cx32l003_advtim.o(.text), UNUSED)

<P><STRONG><a name="[1a1]"></a>ADVTIM_SelectHallSensor</STRONG> (Thumb, 26 bytes, Stack size 0 bytes, cx32l003_advtim.o(.text), UNUSED)

<P><STRONG><a name="[1a2]"></a>ADVTIM_SelectOnePulseMode</STRONG> (Thumb, 18 bytes, Stack size 0 bytes, cx32l003_advtim.o(.text), UNUSED)

<P><STRONG><a name="[1a3]"></a>ADVTIM_SelectOutputTrigger</STRONG> (Thumb, 18 bytes, Stack size 0 bytes, cx32l003_advtim.o(.text), UNUSED)

<P><STRONG><a name="[1a4]"></a>ADVTIM_SelectSlaveMode</STRONG> (Thumb, 18 bytes, Stack size 0 bytes, cx32l003_advtim.o(.text), UNUSED)

<P><STRONG><a name="[1a5]"></a>ADVTIM_SelectMasterSlaveMode</STRONG> (Thumb, 18 bytes, Stack size 0 bytes, cx32l003_advtim.o(.text), UNUSED)

<P><STRONG><a name="[1a6]"></a>ADVTIM_SetCounter</STRONG> (Thumb, 4 bytes, Stack size 0 bytes, cx32l003_advtim.o(.text), UNUSED)

<P><STRONG><a name="[1a7]"></a>ADVTIM_SetAutoreload</STRONG> (Thumb, 4 bytes, Stack size 0 bytes, cx32l003_advtim.o(.text), UNUSED)

<P><STRONG><a name="[1a8]"></a>ADVTIM_SetCompare1</STRONG> (Thumb, 4 bytes, Stack size 0 bytes, cx32l003_advtim.o(.text), UNUSED)

<P><STRONG><a name="[1a9]"></a>ADVTIM_SetCompare2</STRONG> (Thumb, 4 bytes, Stack size 0 bytes, cx32l003_advtim.o(.text), UNUSED)

<P><STRONG><a name="[1aa]"></a>ADVTIM_SetCompare3</STRONG> (Thumb, 4 bytes, Stack size 0 bytes, cx32l003_advtim.o(.text), UNUSED)

<P><STRONG><a name="[1ab]"></a>ADVTIM_SetCompare4</STRONG> (Thumb, 4 bytes, Stack size 0 bytes, cx32l003_advtim.o(.text), UNUSED)

<P><STRONG><a name="[1ac]"></a>ADVTIM_SetClockDivision</STRONG> (Thumb, 16 bytes, Stack size 0 bytes, cx32l003_advtim.o(.text), UNUSED)

<P><STRONG><a name="[77]"></a>ADVTIM_GetCapture1</STRONG> (Thumb, 8 bytes, Stack size 0 bytes, cx32l003_advtim.o(.text))
<BR><BR>[Called By]<UL><LI><a href="#[1a]">&gt;&gt;</a>&nbsp;&nbsp;&nbsp;ADVTIM_IRQHandler
</UL>

<P><STRONG><a name="[79]"></a>ADVTIM_GetCapture2</STRONG> (Thumb, 8 bytes, Stack size 0 bytes, cx32l003_advtim.o(.text))
<BR><BR>[Called By]<UL><LI><a href="#[1a]">&gt;&gt;</a>&nbsp;&nbsp;&nbsp;ADVTIM_IRQHandler
</UL>

<P><STRONG><a name="[7a]"></a>ADVTIM_GetCapture3</STRONG> (Thumb, 8 bytes, Stack size 0 bytes, cx32l003_advtim.o(.text))
<BR><BR>[Called By]<UL><LI><a href="#[1a]">&gt;&gt;</a>&nbsp;&nbsp;&nbsp;ADVTIM_IRQHandler
</UL>

<P><STRONG><a name="[7b]"></a>ADVTIM_GetCapture4</STRONG> (Thumb, 8 bytes, Stack size 0 bytes, cx32l003_advtim.o(.text))
<BR><BR>[Called By]<UL><LI><a href="#[1a]">&gt;&gt;</a>&nbsp;&nbsp;&nbsp;ADVTIM_IRQHandler
</UL>

<P><STRONG><a name="[1ad]"></a>ADVTIM_GetCounter</STRONG> (Thumb, 8 bytes, Stack size 0 bytes, cx32l003_advtim.o(.text), UNUSED)

<P><STRONG><a name="[1ae]"></a>ADVTIM_GetPrescaler</STRONG> (Thumb, 8 bytes, Stack size 0 bytes, cx32l003_advtim.o(.text), UNUSED)

<P><STRONG><a name="[1af]"></a>ADVTIM_GetFlagStatus</STRONG> (Thumb, 20 bytes, Stack size 0 bytes, cx32l003_advtim.o(.text), UNUSED)

<P><STRONG><a name="[1b0]"></a>ADVTIM_ClearFlag</STRONG> (Thumb, 8 bytes, Stack size 0 bytes, cx32l003_advtim.o(.text), UNUSED)

<P><STRONG><a name="[74]"></a>ADVTIM_GetITStatus</STRONG> (Thumb, 38 bytes, Stack size 12 bytes, cx32l003_advtim.o(.text))
<BR><BR>[Stack]<UL><LI>Max Depth = 12<LI>Call Chain = ADVTIM_GetITStatus
</UL>
<BR>[Called By]<UL><LI><a href="#[1a]">&gt;&gt;</a>&nbsp;&nbsp;&nbsp;ADVTIM_IRQHandler
</UL>

<P><STRONG><a name="[75]"></a>ADVTIM_ClearITPendingBit</STRONG> (Thumb, 8 bytes, Stack size 0 bytes, cx32l003_advtim.o(.text))
<BR><BR>[Called By]<UL><LI><a href="#[1a]">&gt;&gt;</a>&nbsp;&nbsp;&nbsp;ADVTIM_IRQHandler
</UL>

<P><STRONG><a name="[fa]"></a>AWK_Init</STRONG> (Thumb, 30 bytes, Stack size 8 bytes, cx32l003_awk.o(.text), UNUSED)
<BR><BR>[Called By]<UL><LI><a href="#[f9]">&gt;&gt;</a>&nbsp;&nbsp;&nbsp;AWK_Config
</UL>

<P><STRONG><a name="[fc]"></a>AWK_Cmd</STRONG> (Thumb, 24 bytes, Stack size 0 bytes, cx32l003_awk.o(.text), UNUSED)
<BR><BR>[Called By]<UL><LI><a href="#[f9]">&gt;&gt;</a>&nbsp;&nbsp;&nbsp;AWK_Config
</UL>

<P><STRONG><a name="[fd]"></a>AWK_SelClk</STRONG> (Thumb, 16 bytes, Stack size 0 bytes, cx32l003_awk.o(.text), UNUSED)
<BR><BR>[Called By]<UL><LI><a href="#[f9]">&gt;&gt;</a>&nbsp;&nbsp;&nbsp;AWK_Config
</UL>

<P><STRONG><a name="[fb]"></a>AWK_SetRldval</STRONG> (Thumb, 4 bytes, Stack size 0 bytes, cx32l003_awk.o(.text), UNUSED)
<BR><BR>[Called By]<UL><LI><a href="#[fe]">&gt;&gt;</a>&nbsp;&nbsp;&nbsp;AWK_Feed
<LI><a href="#[f9]">&gt;&gt;</a>&nbsp;&nbsp;&nbsp;AWK_Config
</UL>

<P><STRONG><a name="[ff]"></a>AWK_ClearITFlag</STRONG> (Thumb, 6 bytes, Stack size 0 bytes, cx32l003_awk.o(.text))
<BR><BR>[Called By]<UL><LI><a href="#[21]">&gt;&gt;</a>&nbsp;&nbsp;&nbsp;AWK_IRQHandler
</UL>

<P><STRONG><a name="[8b]"></a>GPIO_EXTILineConfig</STRONG> (Thumb, 102 bytes, Stack size 0 bytes, cx32l003_exti.o(.text))
<BR><BR>[Called By]<UL><LI><a href="#[8c]">&gt;&gt;</a>&nbsp;&nbsp;&nbsp;EXTI_Key_Config
<LI><a href="#[8a]">&gt;&gt;</a>&nbsp;&nbsp;&nbsp;disableRXInt
</UL>

<P><STRONG><a name="[52]"></a>FLASH_GetStatus</STRONG> (Thumb, 22 bytes, Stack size 0 bytes, cx32l003_flash.o(.text))
<BR><BR>[Called By]<UL><LI><a href="#[51]">&gt;&gt;</a>&nbsp;&nbsp;&nbsp;FLASH_WaitForLastOperation
</UL>

<P><STRONG><a name="[51]"></a>FLASH_WaitForLastOperation</STRONG> (Thumb, 34 bytes, Stack size 8 bytes, cx32l003_flash.o(.text))
<BR><BR>[Stack]<UL><LI>Max Depth = 8<LI>Call Chain = FLASH_WaitForLastOperation
</UL>
<BR>[Calls]<UL><LI><a href="#[52]">&gt;&gt;</a>&nbsp;&nbsp;&nbsp;FLASH_GetStatus
</UL>
<BR>[Called By]<UL><LI><a href="#[58]">&gt;&gt;</a>&nbsp;&nbsp;&nbsp;FLASH_OB_WRPConfig
<LI><a href="#[57]">&gt;&gt;</a>&nbsp;&nbsp;&nbsp;FLASH_ProgramByte
<LI><a href="#[56]">&gt;&gt;</a>&nbsp;&nbsp;&nbsp;FLASH_ProgramHalfWord
<LI><a href="#[55]">&gt;&gt;</a>&nbsp;&nbsp;&nbsp;FLASH_ProgramWord
<LI><a href="#[54]">&gt;&gt;</a>&nbsp;&nbsp;&nbsp;FLASH_EraseAllSectors
<LI><a href="#[53]">&gt;&gt;</a>&nbsp;&nbsp;&nbsp;FLASH_EraseSector
</UL>

<P><STRONG><a name="[53]"></a>FLASH_EraseSector</STRONG> (Thumb, 118 bytes, Stack size 16 bytes, cx32l003_flash.o(.text))
<BR><BR>[Stack]<UL><LI>Max Depth = 24<LI>Call Chain = FLASH_EraseSector &rArr; FLASH_WaitForLastOperation
</UL>
<BR>[Calls]<UL><LI><a href="#[51]">&gt;&gt;</a>&nbsp;&nbsp;&nbsp;FLASH_WaitForLastOperation
</UL>
<BR>[Called By]<UL><LI><a href="#[91]">&gt;&gt;</a>&nbsp;&nbsp;&nbsp;EraseFlash
</UL>

<P><STRONG><a name="[54]"></a>FLASH_EraseAllSectors</STRONG> (Thumb, 86 bytes, Stack size 8 bytes, cx32l003_flash.o(.text), UNUSED)
<BR><BR>[Calls]<UL><LI><a href="#[51]">&gt;&gt;</a>&nbsp;&nbsp;&nbsp;FLASH_WaitForLastOperation
</UL>

<P><STRONG><a name="[55]"></a>FLASH_ProgramWord</STRONG> (Thumb, 154 bytes, Stack size 20 bytes, cx32l003_flash.o(.text), UNUSED)
<BR><BR>[Calls]<UL><LI><a href="#[51]">&gt;&gt;</a>&nbsp;&nbsp;&nbsp;FLASH_WaitForLastOperation
</UL>

<P><STRONG><a name="[56]"></a>FLASH_ProgramHalfWord</STRONG> (Thumb, 154 bytes, Stack size 20 bytes, cx32l003_flash.o(.text), UNUSED)
<BR><BR>[Calls]<UL><LI><a href="#[51]">&gt;&gt;</a>&nbsp;&nbsp;&nbsp;FLASH_WaitForLastOperation
</UL>

<P><STRONG><a name="[57]"></a>FLASH_ProgramByte</STRONG> (Thumb, 154 bytes, Stack size 20 bytes, cx32l003_flash.o(.text))
<BR><BR>[Stack]<UL><LI>Max Depth = 28<LI>Call Chain = FLASH_ProgramByte &rArr; FLASH_WaitForLastOperation
</UL>
<BR>[Calls]<UL><LI><a href="#[51]">&gt;&gt;</a>&nbsp;&nbsp;&nbsp;FLASH_WaitForLastOperation
</UL>
<BR>[Called By]<UL><LI><a href="#[93]">&gt;&gt;</a>&nbsp;&nbsp;&nbsp;StoreData2Flash
</UL>

<P><STRONG><a name="[58]"></a>FLASH_OB_WRPConfig</STRONG> (Thumb, 116 bytes, Stack size 20 bytes, cx32l003_flash.o(.text), UNUSED)
<BR><BR>[Calls]<UL><LI><a href="#[51]">&gt;&gt;</a>&nbsp;&nbsp;&nbsp;FLASH_WaitForLastOperation
</UL>

<P><STRONG><a name="[1b1]"></a>FLASH_OB_UserConfig</STRONG> (Thumb, 28 bytes, Stack size 0 bytes, cx32l003_flash.o(.text), UNUSED)

<P><STRONG><a name="[1b2]"></a>FLASH_OB_ISPConfig</STRONG> (Thumb, 28 bytes, Stack size 0 bytes, cx32l003_flash.o(.text), UNUSED)

<P><STRONG><a name="[1b3]"></a>FLASH_ITConfig</STRONG> (Thumb, 36 bytes, Stack size 0 bytes, cx32l003_flash.o(.text), UNUSED)

<P><STRONG><a name="[1b4]"></a>FLASH_GetFlagStatus</STRONG> (Thumb, 22 bytes, Stack size 0 bytes, cx32l003_flash.o(.text), UNUSED)

<P><STRONG><a name="[92]"></a>FLASH_ClearFlag</STRONG> (Thumb, 20 bytes, Stack size 0 bytes, cx32l003_flash.o(.text))
<BR><BR>[Called By]<UL><LI><a href="#[91]">&gt;&gt;</a>&nbsp;&nbsp;&nbsp;EraseFlash
</UL>

<P><STRONG><a name="[59]"></a>GPIO_DeInit</STRONG> (Thumb, 124 bytes, Stack size 8 bytes, cx32l003_gpio.o(.text), UNUSED)
<BR><BR>[Calls]<UL><LI><a href="#[40]">&gt;&gt;</a>&nbsp;&nbsp;&nbsp;RCC_PeriphResetCmd
</UL>

<P><STRONG><a name="[1b5]"></a>GPIO_AFIODeInit</STRONG> (Thumb, 28 bytes, Stack size 0 bytes, cx32l003_gpio.o(.text), UNUSED)

<P><STRONG><a name="[b6]"></a>GPIO_Init</STRONG> (Thumb, 164 bytes, Stack size 20 bytes, cx32l003_gpio.o(.text))
<BR><BR>[Stack]<UL><LI>Max Depth = 20<LI>Call Chain = GPIO_Init
</UL>
<BR>[Called By]<UL><LI><a href="#[b9]">&gt;&gt;</a>&nbsp;&nbsp;&nbsp;UART_Config
<LI><a href="#[b5]">&gt;&gt;</a>&nbsp;&nbsp;&nbsp;uartRXPortAsNormalIoInput
<LI><a href="#[ad]">&gt;&gt;</a>&nbsp;&nbsp;&nbsp;powerOnIoInit
</UL>

<P><STRONG><a name="[1b6]"></a>GPIO_StructInit</STRONG> (Thumb, 20 bytes, Stack size 0 bytes, cx32l003_gpio.o(.text), UNUSED)

<P><STRONG><a name="[d2]"></a>GPIO_ReadInputDataBit</STRONG> (Thumb, 20 bytes, Stack size 0 bytes, cx32l003_gpio.o(.text))
<BR><BR>[Called By]<UL><LI><a href="#[b0]">&gt;&gt;</a>&nbsp;&nbsp;&nbsp;funcKeyTask
<LI><a href="#[b4]">&gt;&gt;</a>&nbsp;&nbsp;&nbsp;fucnPer5ms
</UL>

<P><STRONG><a name="[1b7]"></a>GPIO_ReadInputData</STRONG> (Thumb, 8 bytes, Stack size 0 bytes, cx32l003_gpio.o(.text), UNUSED)

<P><STRONG><a name="[1b8]"></a>GPIO_DBSyncCmd</STRONG> (Thumb, 28 bytes, Stack size 0 bytes, cx32l003_gpio.o(.text), UNUSED)

<P><STRONG><a name="[1b9]"></a>GPIO_DBPinSyncCmd</STRONG> (Thumb, 20 bytes, Stack size 0 bytes, cx32l003_gpio.o(.text), UNUSED)

<P><STRONG><a name="[1ba]"></a>GPIO_DBClkCmd</STRONG> (Thumb, 24 bytes, Stack size 0 bytes, cx32l003_gpio.o(.text), UNUSED)

<P><STRONG><a name="[1bb]"></a>GPIO_SetDBClk</STRONG> (Thumb, 16 bytes, Stack size 0 bytes, cx32l003_gpio.o(.text), UNUSED)

<P><STRONG><a name="[cc]"></a>GPIO_ReadOutputDataBit</STRONG> (Thumb, 20 bytes, Stack size 0 bytes, cx32l003_gpio.o(.text))
<BR><BR>[Called By]<UL><LI><a href="#[cb]">&gt;&gt;</a>&nbsp;&nbsp;&nbsp;UVcountDownFunc
<LI><a href="#[11e]">&gt;&gt;</a>&nbsp;&nbsp;&nbsp;testLedFunc
</UL>

<P><STRONG><a name="[1bc]"></a>GPIO_ReadOutputData</STRONG> (Thumb, 8 bytes, Stack size 0 bytes, cx32l003_gpio.o(.text), UNUSED)

<P><STRONG><a name="[b8]"></a>GPIO_SetBits</STRONG> (Thumb, 4 bytes, Stack size 0 bytes, cx32l003_gpio.o(.text))
<BR><BR>[Called By]<UL><LI><a href="#[ef]">&gt;&gt;</a>&nbsp;&nbsp;&nbsp;exception
<LI><a href="#[c9]">&gt;&gt;</a>&nbsp;&nbsp;&nbsp;startUvFunc
<LI><a href="#[ba]">&gt;&gt;</a>&nbsp;&nbsp;&nbsp;clrAllSttsBeforeEntrySleep
<LI><a href="#[ad]">&gt;&gt;</a>&nbsp;&nbsp;&nbsp;powerOnIoInit
<LI><a href="#[b2]">&gt;&gt;</a>&nbsp;&nbsp;&nbsp;MenuFunction
<LI><a href="#[11e]">&gt;&gt;</a>&nbsp;&nbsp;&nbsp;testLedFunc
<LI><a href="#[2d]">&gt;&gt;</a>&nbsp;&nbsp;&nbsp;on60mLedCb
<LI><a href="#[2b]">&gt;&gt;</a>&nbsp;&nbsp;&nbsp;on30mLedCb
<LI><a href="#[29]">&gt;&gt;</a>&nbsp;&nbsp;&nbsp;on15mLedCb
<LI><a href="#[27]">&gt;&gt;</a>&nbsp;&nbsp;&nbsp;onPowerLedCb
</UL>

<P><STRONG><a name="[b7]"></a>GPIO_ResetBits</STRONG> (Thumb, 4 bytes, Stack size 0 bytes, cx32l003_gpio.o(.text))
<BR><BR>[Called By]<UL><LI><a href="#[bb]">&gt;&gt;</a>&nbsp;&nbsp;&nbsp;turnOffAllLightEffect
<LI><a href="#[c1]">&gt;&gt;</a>&nbsp;&nbsp;&nbsp;setTimer60mLedEffect
<LI><a href="#[c0]">&gt;&gt;</a>&nbsp;&nbsp;&nbsp;setTimer30mLedEffect
<LI><a href="#[bf]">&gt;&gt;</a>&nbsp;&nbsp;&nbsp;setTimer15mLedEffect
<LI><a href="#[cb]">&gt;&gt;</a>&nbsp;&nbsp;&nbsp;UVcountDownFunc
<LI><a href="#[ad]">&gt;&gt;</a>&nbsp;&nbsp;&nbsp;powerOnIoInit
<LI><a href="#[11e]">&gt;&gt;</a>&nbsp;&nbsp;&nbsp;testLedFunc
<LI><a href="#[2c]">&gt;&gt;</a>&nbsp;&nbsp;&nbsp;off60mLedCb
<LI><a href="#[2a]">&gt;&gt;</a>&nbsp;&nbsp;&nbsp;off30mLedCb
<LI><a href="#[28]">&gt;&gt;</a>&nbsp;&nbsp;&nbsp;off15mLedCb
<LI><a href="#[26]">&gt;&gt;</a>&nbsp;&nbsp;&nbsp;offPowerLedCb
</UL>

<P><STRONG><a name="[1bd]"></a>GPIO_WriteBit</STRONG> (Thumb, 12 bytes, Stack size 0 bytes, cx32l003_gpio.o(.text), UNUSED)

<P><STRONG><a name="[1be]"></a>GPIO_Write</STRONG> (Thumb, 4 bytes, Stack size 0 bytes, cx32l003_gpio.o(.text), UNUSED)

<P><STRONG><a name="[1bf]"></a>GPIO_ToggleBits</STRONG> (Thumb, 8 bytes, Stack size 0 bytes, cx32l003_gpio.o(.text), UNUSED)

<P><STRONG><a name="[1c0]"></a>GPIO_PinPuPdCmd</STRONG> (Thumb, 28 bytes, Stack size 12 bytes, cx32l003_gpio.o(.text), UNUSED)

<P><STRONG><a name="[1c1]"></a>GPIO_PortDRCmd</STRONG> (Thumb, 30 bytes, Stack size 8 bytes, cx32l003_gpio.o(.text), UNUSED)

<P><STRONG><a name="[1c2]"></a>GPIO_PinRemapConfig</STRONG> (Thumb, 30 bytes, Stack size 16 bytes, cx32l003_gpio.o(.text), UNUSED)

<P><STRONG><a name="[9d]"></a>GPIO_PinAFConfig</STRONG> (Thumb, 44 bytes, Stack size 20 bytes, cx32l003_gpio.o(.text))
<BR><BR>[Stack]<UL><LI>Max Depth = 20<LI>Call Chain = GPIO_PinAFConfig
</UL>
<BR>[Called By]<UL><LI><a href="#[dd]">&gt;&gt;</a>&nbsp;&nbsp;&nbsp;ADCPinAFSet
<LI><a href="#[b9]">&gt;&gt;</a>&nbsp;&nbsp;&nbsp;UART_Config
<LI><a href="#[9c]">&gt;&gt;</a>&nbsp;&nbsp;&nbsp;TEST_SETLPTIMERGATE
</UL>

<P><STRONG><a name="[6]"></a>NMI_Handler</STRONG> (Thumb, 2 bytes, Stack size 0 bytes, cx32l003_it.o(.text))
<BR>[Address Reference Count : 1]<UL><LI> startup_cx32l003.o(RESET)
</UL>
<P><STRONG><a name="[7]"></a>HardFault_Handler</STRONG> (Thumb, 4 bytes, Stack size 0 bytes, cx32l003_it.o(.text))
<BR>[Address Reference Count : 1]<UL><LI> startup_cx32l003.o(RESET)
</UL>
<P><STRONG><a name="[1c3]"></a>MemManage_Handler</STRONG> (Thumb, 4 bytes, Stack size 0 bytes, cx32l003_it.o(.text), UNUSED)

<P><STRONG><a name="[1c4]"></a>BusFault_Handler</STRONG> (Thumb, 4 bytes, Stack size 0 bytes, cx32l003_it.o(.text), UNUSED)

<P><STRONG><a name="[1c5]"></a>UsageFault_Handler</STRONG> (Thumb, 4 bytes, Stack size 0 bytes, cx32l003_it.o(.text), UNUSED)

<P><STRONG><a name="[8]"></a>SVC_Handler</STRONG> (Thumb, 2 bytes, Stack size 0 bytes, cx32l003_it.o(.text))
<BR>[Address Reference Count : 1]<UL><LI> startup_cx32l003.o(RESET)
</UL>
<P><STRONG><a name="[1c6]"></a>DebugMon_Handler</STRONG> (Thumb, 2 bytes, Stack size 0 bytes, cx32l003_it.o(.text), UNUSED)

<P><STRONG><a name="[9]"></a>PendSV_Handler</STRONG> (Thumb, 2 bytes, Stack size 0 bytes, cx32l003_it.o(.text))
<BR>[Address Reference Count : 1]<UL><LI> startup_cx32l003.o(RESET)
</UL>
<P><STRONG><a name="[a]"></a>SysTick_Handler</STRONG> (Thumb, 2 bytes, Stack size 0 bytes, cx32l003_it.o(.text))
<BR>[Address Reference Count : 1]<UL><LI> startup_cx32l003.o(RESET)
</UL>
<P><STRONG><a name="[102]"></a>IWDG_WriteAccessCmd</STRONG> (Thumb, 6 bytes, Stack size 0 bytes, cx32l003_iwdt.o(.text))
<BR><BR>[Called By]<UL><LI><a href="#[1d]">&gt;&gt;</a>&nbsp;&nbsp;&nbsp;IWDT_IRQHandler
<LI><a href="#[108]">&gt;&gt;</a>&nbsp;&nbsp;&nbsp;IWDG_Feed
<LI><a href="#[101]">&gt;&gt;</a>&nbsp;&nbsp;&nbsp;IWDG_Config
</UL>

<P><STRONG><a name="[105]"></a>IWDG_SetReload</STRONG> (Thumb, 6 bytes, Stack size 0 bytes, cx32l003_iwdt.o(.text), UNUSED)
<BR><BR>[Called By]<UL><LI><a href="#[108]">&gt;&gt;</a>&nbsp;&nbsp;&nbsp;IWDG_Feed
<LI><a href="#[101]">&gt;&gt;</a>&nbsp;&nbsp;&nbsp;IWDG_Config
</UL>

<P><STRONG><a name="[103]"></a>IWDG_SetWdtMode</STRONG> (Thumb, 32 bytes, Stack size 0 bytes, cx32l003_iwdt.o(.text), UNUSED)
<BR><BR>[Called By]<UL><LI><a href="#[101]">&gt;&gt;</a>&nbsp;&nbsp;&nbsp;IWDG_Config
</UL>

<P><STRONG><a name="[1c7]"></a>IWDG_GetReload</STRONG> (Thumb, 6 bytes, Stack size 0 bytes, cx32l003_iwdt.o(.text), UNUSED)

<P><STRONG><a name="[1c8]"></a>IWDG_ReloadCounter</STRONG> (Thumb, 8 bytes, Stack size 0 bytes, cx32l003_iwdt.o(.text), UNUSED)

<P><STRONG><a name="[107]"></a>IWDG_Cmd</STRONG> (Thumb, 8 bytes, Stack size 0 bytes, cx32l003_iwdt.o(.text), UNUSED)
<BR><BR>[Called By]<UL><LI><a href="#[101]">&gt;&gt;</a>&nbsp;&nbsp;&nbsp;IWDG_Config
</UL>

<P><STRONG><a name="[106]"></a>IWDG_RELOAD</STRONG> (Thumb, 8 bytes, Stack size 0 bytes, cx32l003_iwdt.o(.text), UNUSED)
<BR><BR>[Called By]<UL><LI><a href="#[101]">&gt;&gt;</a>&nbsp;&nbsp;&nbsp;IWDG_Config
</UL>

<P><STRONG><a name="[1c9]"></a>IWDG_GetFlagStatus</STRONG> (Thumb, 22 bytes, Stack size 0 bytes, cx32l003_iwdt.o(.text), UNUSED)

<P><STRONG><a name="[104]"></a>IWDG_WdtITShieldCmd</STRONG> (Thumb, 32 bytes, Stack size 0 bytes, cx32l003_iwdt.o(.text), UNUSED)
<BR><BR>[Called By]<UL><LI><a href="#[101]">&gt;&gt;</a>&nbsp;&nbsp;&nbsp;IWDG_Config
</UL>

<P><STRONG><a name="[109]"></a>IWDG_WdtITClear</STRONG> (Thumb, 8 bytes, Stack size 0 bytes, cx32l003_iwdt.o(.text))
<BR><BR>[Called By]<UL><LI><a href="#[1d]">&gt;&gt;</a>&nbsp;&nbsp;&nbsp;IWDT_IRQHandler
</UL>

<P><STRONG><a name="[122]"></a>LPTIMER_ReadCnt</STRONG> (Thumb, 6 bytes, Stack size 0 bytes, cx32l003_lptimer.o(.text))
<BR><BR>[Called By]<UL><LI><a href="#[90]">&gt;&gt;</a>&nbsp;&nbsp;&nbsp;dataReceiveFunc
</UL>

<P><STRONG><a name="[a0]"></a>LPTIMER_Init</STRONG> (Thumb, 82 bytes, Stack size 8 bytes, cx32l003_lptimer.o(.text))
<BR><BR>[Stack]<UL><LI>Max Depth = 8<LI>Call Chain = LPTIMER_Init
</UL>
<BR>[Called By]<UL><LI><a href="#[9f]">&gt;&gt;</a>&nbsp;&nbsp;&nbsp;LPTIMER_Config
</UL>

<P><STRONG><a name="[99]"></a>LPTIMER_Cmd</STRONG> (Thumb, 24 bytes, Stack size 0 bytes, cx32l003_lptimer.o(.text))
<BR><BR>[Called By]<UL><LI><a href="#[9f]">&gt;&gt;</a>&nbsp;&nbsp;&nbsp;LPTIMER_Config
<LI><a href="#[9a]">&gt;&gt;</a>&nbsp;&nbsp;&nbsp;Enter_Sleep
<LI><a href="#[98]">&gt;&gt;</a>&nbsp;&nbsp;&nbsp;Enter_DeepSleep
<LI><a href="#[8e]">&gt;&gt;</a>&nbsp;&nbsp;&nbsp;entryNormalModeChk
</UL>

<P><STRONG><a name="[1ca]"></a>LPTIMER_TogCmd</STRONG> (Thumb, 24 bytes, Stack size 0 bytes, cx32l003_lptimer.o(.text), UNUSED)

<P><STRONG><a name="[a3]"></a>LPTIMER_ITConfig</STRONG> (Thumb, 28 bytes, Stack size 0 bytes, cx32l003_lptimer.o(.text))
<BR><BR>[Called By]<UL><LI><a href="#[9f]">&gt;&gt;</a>&nbsp;&nbsp;&nbsp;LPTIMER_Config
</UL>

<P><STRONG><a name="[1cb]"></a>LPTIMER_GetWTFlagStatus</STRONG> (Thumb, 24 bytes, Stack size 0 bytes, cx32l003_lptimer.o(.text), UNUSED)

<P><STRONG><a name="[a2]"></a>LPTIMER_BGloadConfig</STRONG> (Thumb, 30 bytes, Stack size 12 bytes, cx32l003_lptimer.o(.text))
<BR><BR>[Stack]<UL><LI>Max Depth = 12<LI>Call Chain = LPTIMER_BGloadConfig
</UL>
<BR>[Called By]<UL><LI><a href="#[9f]">&gt;&gt;</a>&nbsp;&nbsp;&nbsp;LPTIMER_Config
</UL>

<P><STRONG><a name="[a1]"></a>LPTIMER_LoadConfig</STRONG> (Thumb, 30 bytes, Stack size 12 bytes, cx32l003_lptimer.o(.text))
<BR><BR>[Stack]<UL><LI>Max Depth = 12<LI>Call Chain = LPTIMER_LoadConfig
</UL>
<BR>[Called By]<UL><LI><a href="#[9f]">&gt;&gt;</a>&nbsp;&nbsp;&nbsp;LPTIMER_Config
</UL>

<P><STRONG><a name="[1cc]"></a>LPTIMER_GetITStatus</STRONG> (Thumb, 20 bytes, Stack size 0 bytes, cx32l003_lptimer.o(.text), UNUSED)

<P><STRONG><a name="[a4]"></a>LPTIMER_ClearITFlag</STRONG> (Thumb, 4 bytes, Stack size 0 bytes, cx32l003_lptimer.o(.text))
<BR><BR>[Called By]<UL><LI><a href="#[18]">&gt;&gt;</a>&nbsp;&nbsp;&nbsp;LPTIMER_IRQHandler
</UL>

<P><STRONG><a name="[1cd]"></a>RCC_DeInit</STRONG> (Thumb, 24 bytes, Stack size 0 bytes, cx32l003_rcc.o(.text), UNUSED)

<P><STRONG><a name="[1ce]"></a>RCC_HIRCTrim</STRONG> (Thumb, 20 bytes, Stack size 0 bytes, cx32l003_rcc.o(.text), UNUSED)

<P><STRONG><a name="[1cf]"></a>RCC_LIRCTrim</STRONG> (Thumb, 20 bytes, Stack size 0 bytes, cx32l003_rcc.o(.text), UNUSED)

<P><STRONG><a name="[1d0]"></a>RCC_SetHXTDrive</STRONG> (Thumb, 28 bytes, Stack size 8 bytes, cx32l003_rcc.o(.text), UNUSED)

<P><STRONG><a name="[1d1]"></a>RCC_SetLXTDrive</STRONG> (Thumb, 28 bytes, Stack size 8 bytes, cx32l003_rcc.o(.text), UNUSED)

<P><STRONG><a name="[1d2]"></a>RCC_WaitForHIRCStable</STRONG> (Thumb, 64 bytes, Stack size 12 bytes, cx32l003_rcc.o(.text), UNUSED)

<P><STRONG><a name="[1d3]"></a>RCC_WaitForHXTStable</STRONG> (Thumb, 70 bytes, Stack size 16 bytes, cx32l003_rcc.o(.text), UNUSED)

<P><STRONG><a name="[1d4]"></a>RCC_WaitForLIRCStable</STRONG> (Thumb, 80 bytes, Stack size 16 bytes, cx32l003_rcc.o(.text), UNUSED)

<P><STRONG><a name="[1d5]"></a>RCC_WaitForLXTStable</STRONG> (Thumb, 66 bytes, Stack size 16 bytes, cx32l003_rcc.o(.text), UNUSED)

<P><STRONG><a name="[1d6]"></a>RCC_LXTCmd</STRONG> (Thumb, 58 bytes, Stack size 12 bytes, cx32l003_rcc.o(.text), UNUSED)

<P><STRONG><a name="[1d7]"></a>RCC_SetX32KPort</STRONG> (Thumb, 26 bytes, Stack size 0 bytes, cx32l003_rcc.o(.text), UNUSED)

<P><STRONG><a name="[1d8]"></a>RCC_SetM0IRQLatency</STRONG> (Thumb, 12 bytes, Stack size 0 bytes, cx32l003_rcc.o(.text), UNUSED)

<P><STRONG><a name="[1d9]"></a>RCC_SystemTickTimerConfig</STRONG> (Thumb, 26 bytes, Stack size 8 bytes, cx32l003_rcc.o(.text), UNUSED)

<P><STRONG><a name="[1da]"></a>RCC_SetSystemTickTimerCoreRefClockcmd</STRONG> (Thumb, 34 bytes, Stack size 0 bytes, cx32l003_rcc.o(.text), UNUSED)

<P><STRONG><a name="[a7]"></a>RCC_SysclkCmd</STRONG> (Thumb, 130 bytes, Stack size 16 bytes, cx32l003_rcc.o(.text))
<BR><BR>[Stack]<UL><LI>Max Depth = 16<LI>Call Chain = RCC_SysclkCmd
</UL>
<BR>[Called By]<UL><LI><a href="#[a6]">&gt;&gt;</a>&nbsp;&nbsp;&nbsp;setSystemHIRC
</UL>

<P><STRONG><a name="[1db]"></a>RCC_SelSysclk</STRONG> (Thumb, 26 bytes, Stack size 0 bytes, cx32l003_rcc.o(.text), UNUSED)

<P><STRONG><a name="[1dc]"></a>RCC_SysclkOutputConfig</STRONG> (Thumb, 28 bytes, Stack size 8 bytes, cx32l003_rcc.o(.text), UNUSED)

<P><STRONG><a name="[1dd]"></a>RCC_SysclkOutputCmd</STRONG> (Thumb, 34 bytes, Stack size 8 bytes, cx32l003_rcc.o(.text), UNUSED)

<P><STRONG><a name="[1de]"></a>RCC_SysclkFclkDiv</STRONG> (Thumb, 20 bytes, Stack size 0 bytes, cx32l003_rcc.o(.text), UNUSED)

<P><STRONG><a name="[1df]"></a>RCC_GetSysclkSource</STRONG> (Thumb, 10 bytes, Stack size 0 bytes, cx32l003_rcc.o(.text), UNUSED)

<P><STRONG><a name="[1e0]"></a>RCC_SetHclkDiv</STRONG> (Thumb, 4 bytes, Stack size 0 bytes, cx32l003_rcc.o(.text), UNUSED)

<P><STRONG><a name="[1e1]"></a>RCC_SetPclkDiv</STRONG> (Thumb, 4 bytes, Stack size 0 bytes, cx32l003_rcc.o(.text), UNUSED)

<P><STRONG><a name="[1e2]"></a>RCC_AHBPeriphClockCmd</STRONG> (Thumb, 20 bytes, Stack size 0 bytes, cx32l003_rcc.o(.text), UNUSED)

<P><STRONG><a name="[1e3]"></a>RCC_APBPeriphClockCmd</STRONG> (Thumb, 20 bytes, Stack size 0 bytes, cx32l003_rcc.o(.text), UNUSED)

<P><STRONG><a name="[40]"></a>RCC_PeriphResetCmd</STRONG> (Thumb, 30 bytes, Stack size 0 bytes, cx32l003_rcc.o(.text), UNUSED)
<BR><BR>[Called By]<UL><LI><a href="#[59]">&gt;&gt;</a>&nbsp;&nbsp;&nbsp;GPIO_DeInit
<LI><a href="#[3f]">&gt;&gt;</a>&nbsp;&nbsp;&nbsp;ADC_DeInit
<LI><a href="#[5c]">&gt;&gt;</a>&nbsp;&nbsp;&nbsp;UART_DeInit
<LI><a href="#[5b]">&gt;&gt;</a>&nbsp;&nbsp;&nbsp;TIM_DeInit
<LI><a href="#[5a]">&gt;&gt;</a>&nbsp;&nbsp;&nbsp;SYSCTRL_DeInit
</UL>

<P><STRONG><a name="[1e4]"></a>RCC_RTCResetCmd</STRONG> (Thumb, 28 bytes, Stack size 0 bytes, cx32l003_rcc.o(.text), UNUSED)

<P><STRONG><a name="[1e5]"></a>RCC_ResetCmd</STRONG> (Thumb, 40 bytes, Stack size 8 bytes, cx32l003_rcc.o(.text), UNUSED)

<P><STRONG><a name="[1e6]"></a>RCC_GetFlagStatus</STRONG> (Thumb, 26 bytes, Stack size 8 bytes, cx32l003_rcc.o(.text), UNUSED)

<P><STRONG><a name="[1e7]"></a>RCC_SetIoMux</STRONG> (Thumb, 36 bytes, Stack size 0 bytes, cx32l003_rcc.o(.text), UNUSED)

<P><STRONG><a name="[5a]"></a>SYSCTRL_DeInit</STRONG> (Thumb, 24 bytes, Stack size 8 bytes, cx32l003_syscon.o(.text), UNUSED)
<BR><BR>[Calls]<UL><LI><a href="#[40]">&gt;&gt;</a>&nbsp;&nbsp;&nbsp;RCC_PeriphResetCmd
</UL>

<P><STRONG><a name="[1e8]"></a>SYSCTRL_CortexM0LockUpCmd</STRONG> (Thumb, 34 bytes, Stack size 0 bytes, cx32l003_syscon.o(.text), UNUSED)

<P><STRONG><a name="[1e9]"></a>SYSCTRL_DeepsleepPortITCmd</STRONG> (Thumb, 22 bytes, Stack size 0 bytes, cx32l003_syscon.o(.text), UNUSED)

<P><STRONG><a name="[1ea]"></a>SYSCTRL_ActiveSleepPortITCmd</STRONG> (Thumb, 24 bytes, Stack size 0 bytes, cx32l003_syscon.o(.text), UNUSED)

<P><STRONG><a name="[1eb]"></a>SYSCTRL_SPICSConfig</STRONG> (Thumb, 16 bytes, Stack size 0 bytes, cx32l003_syscon.o(.text), UNUSED)

<P><STRONG><a name="[1ec]"></a>SYSCTRL_TIM10_GateConfig</STRONG> (Thumb, 16 bytes, Stack size 0 bytes, cx32l003_syscon.o(.text), UNUSED)

<P><STRONG><a name="[1ed]"></a>SYSCTRL_TIM11_GateConfig</STRONG> (Thumb, 16 bytes, Stack size 0 bytes, cx32l003_syscon.o(.text), UNUSED)

<P><STRONG><a name="[9e]"></a>SYSCTRL_IPTIM_GateConfig</STRONG> (Thumb, 18 bytes, Stack size 0 bytes, cx32l003_syscon.o(.text), UNUSED)
<BR><BR>[Called By]<UL><LI><a href="#[9c]">&gt;&gt;</a>&nbsp;&nbsp;&nbsp;TEST_SETLPTIMERGATE
</UL>

<P><STRONG><a name="[1ee]"></a>SYSCTRL_PCACapMuxConfig</STRONG> (Thumb, 28 bytes, Stack size 12 bytes, cx32l003_syscon.o(.text), UNUSED)

<P><STRONG><a name="[1ef]"></a>SYSCTRL_TIM1_InputSignalConfig</STRONG> (Thumb, 28 bytes, Stack size 12 bytes, cx32l003_syscon.o(.text), UNUSED)

<P><STRONG><a name="[1f0]"></a>SYSCTRL_TIM1_ETRSignalConfig</STRONG> (Thumb, 18 bytes, Stack size 0 bytes, cx32l003_syscon.o(.text), UNUSED)

<P><STRONG><a name="[1f1]"></a>SYSCTRL_TIM1_SetBreakSTM</STRONG> (Thumb, 18 bytes, Stack size 0 bytes, cx32l003_syscon.o(.text), UNUSED)

<P><STRONG><a name="[1f2]"></a>SYSCTRL_TIM1_SetBreakZERO</STRONG> (Thumb, 12 bytes, Stack size 0 bytes, cx32l003_syscon.o(.text), UNUSED)

<P><STRONG><a name="[1f3]"></a>SYSCTRL_TIM2_InputSignalConfig</STRONG> (Thumb, 28 bytes, Stack size 12 bytes, cx32l003_syscon.o(.text), UNUSED)

<P><STRONG><a name="[1f4]"></a>SYSCTRL_TIM2_ETRSignalConfig</STRONG> (Thumb, 18 bytes, Stack size 0 bytes, cx32l003_syscon.o(.text), UNUSED)

<P><STRONG><a name="[1f5]"></a>SYSCTRL_LPUART_CLKConfig</STRONG> (Thumb, 34 bytes, Stack size 8 bytes, cx32l003_syscon.o(.text), UNUSED)

<P><STRONG><a name="[1f6]"></a>SYSCTRL_LPUART_CLKCmd</STRONG> (Thumb, 48 bytes, Stack size 8 bytes, cx32l003_syscon.o(.text), UNUSED)

<P><STRONG><a name="[5b]"></a>TIM_DeInit</STRONG> (Thumb, 38 bytes, Stack size 8 bytes, cx32l003_timer.o(.text), UNUSED)
<BR><BR>[Calls]<UL><LI><a href="#[40]">&gt;&gt;</a>&nbsp;&nbsp;&nbsp;RCC_PeriphResetCmd
</UL>

<P><STRONG><a name="[81]"></a>TIM_TimeBaseInit</STRONG> (Thumb, 44 bytes, Stack size 8 bytes, cx32l003_timer.o(.text))
<BR><BR>[Stack]<UL><LI>Max Depth = 8<LI>Call Chain = TIM_TimeBaseInit
</UL>
<BR>[Called By]<UL><LI><a href="#[80]">&gt;&gt;</a>&nbsp;&nbsp;&nbsp;BASIC_TIM_Mode_Config
</UL>

<P><STRONG><a name="[1f7]"></a>TIM_StructInit</STRONG> (Thumb, 34 bytes, Stack size 0 bytes, cx32l003_timer.o(.text), UNUSED)

<P><STRONG><a name="[83]"></a>TIM_Cmd</STRONG> (Thumb, 24 bytes, Stack size 0 bytes, cx32l003_timer.o(.text))
<BR><BR>[Called By]<UL><LI><a href="#[80]">&gt;&gt;</a>&nbsp;&nbsp;&nbsp;BASIC_TIM_Mode_Config
</UL>

<P><STRONG><a name="[1f8]"></a>TIM_TogCmd</STRONG> (Thumb, 28 bytes, Stack size 0 bytes, cx32l003_timer.o(.text), UNUSED)

<P><STRONG><a name="[84]"></a>TIM_ITConfig</STRONG> (Thumb, 24 bytes, Stack size 0 bytes, cx32l003_timer.o(.text))
<BR><BR>[Called By]<UL><LI><a href="#[80]">&gt;&gt;</a>&nbsp;&nbsp;&nbsp;BASIC_TIM_Mode_Config
</UL>

<P><STRONG><a name="[1f9]"></a>TIM_CounterModeConfig</STRONG> (Thumb, 18 bytes, Stack size 0 bytes, cx32l003_timer.o(.text), UNUSED)

<P><STRONG><a name="[1fa]"></a>TIM_SelectGatePolarity</STRONG> (Thumb, 20 bytes, Stack size 0 bytes, cx32l003_timer.o(.text), UNUSED)

<P><STRONG><a name="[1fb]"></a>TIM_SetClockDivision</STRONG> (Thumb, 16 bytes, Stack size 0 bytes, cx32l003_timer.o(.text), UNUSED)

<P><STRONG><a name="[1fc]"></a>TIM_GetPrescaler</STRONG> (Thumb, 10 bytes, Stack size 0 bytes, cx32l003_timer.o(.text), UNUSED)

<P><STRONG><a name="[82]"></a>TIM_SetTimerLoadRegister</STRONG> (Thumb, 6 bytes, Stack size 0 bytes, cx32l003_timer.o(.text))
<BR><BR>[Called By]<UL><LI><a href="#[80]">&gt;&gt;</a>&nbsp;&nbsp;&nbsp;BASIC_TIM_Mode_Config
</UL>

<P><STRONG><a name="[1fd]"></a>TIM_GetTimerLoadRegister</STRONG> (Thumb, 6 bytes, Stack size 0 bytes, cx32l003_timer.o(.text), UNUSED)

<P><STRONG><a name="[1fe]"></a>TIM_SetCountRegister</STRONG> (Thumb, 4 bytes, Stack size 0 bytes, cx32l003_timer.o(.text), UNUSED)

<P><STRONG><a name="[121]"></a>TIM_GetCountRegister</STRONG> (Thumb, 6 bytes, Stack size 0 bytes, cx32l003_timer.o(.text))
<BR><BR>[Called By]<UL><LI><a href="#[90]">&gt;&gt;</a>&nbsp;&nbsp;&nbsp;dataReceiveFunc
</UL>

<P><STRONG><a name="[1ff]"></a>TIM_GetITSourceFlagStatus</STRONG> (Thumb, 20 bytes, Stack size 0 bytes, cx32l003_timer.o(.text), UNUSED)

<P><STRONG><a name="[200]"></a>TIM_GetITShieldFlagStatus</STRONG> (Thumb, 20 bytes, Stack size 0 bytes, cx32l003_timer.o(.text), UNUSED)

<P><STRONG><a name="[85]"></a>TIM_ClearITFlag</STRONG> (Thumb, 8 bytes, Stack size 0 bytes, cx32l003_timer.o(.text))
<BR><BR>[Called By]<UL><LI><a href="#[16]">&gt;&gt;</a>&nbsp;&nbsp;&nbsp;TIMER10_IRQHandler
</UL>

<P><STRONG><a name="[5c]"></a>UART_DeInit</STRONG> (Thumb, 62 bytes, Stack size 8 bytes, cx32l003_uart.o(.text), UNUSED)
<BR><BR>[Calls]<UL><LI><a href="#[40]">&gt;&gt;</a>&nbsp;&nbsp;&nbsp;RCC_PeriphResetCmd
</UL>

<P><STRONG><a name="[5d]"></a>UART_Init</STRONG> (Thumb, 328 bytes, Stack size 64 bytes, cx32l003_uart.o(.text))
<BR><BR>[Stack]<UL><LI>Max Depth = 128<LI>Call Chain = UART_Init &rArr; __aeabi_ddiv
</UL>
<BR>[Calls]<UL><LI><a href="#[5e]">&gt;&gt;</a>&nbsp;&nbsp;&nbsp;__NVIC_DisableIRQ
<LI><a href="#[65]">&gt;&gt;</a>&nbsp;&nbsp;&nbsp;__aeabi_f2iz
<LI><a href="#[61]">&gt;&gt;</a>&nbsp;&nbsp;&nbsp;__aeabi_dmul
<LI><a href="#[5f]">&gt;&gt;</a>&nbsp;&nbsp;&nbsp;__aeabi_ui2d
<LI><a href="#[60]">&gt;&gt;</a>&nbsp;&nbsp;&nbsp;__aeabi_i2d
<LI><a href="#[62]">&gt;&gt;</a>&nbsp;&nbsp;&nbsp;__aeabi_ddiv
<LI><a href="#[63]">&gt;&gt;</a>&nbsp;&nbsp;&nbsp;__aeabi_dadd
<LI><a href="#[64]">&gt;&gt;</a>&nbsp;&nbsp;&nbsp;__aeabi_d2f
</UL>
<BR>[Called By]<UL><LI><a href="#[b9]">&gt;&gt;</a>&nbsp;&nbsp;&nbsp;UART_Config
</UL>

<P><STRONG><a name="[201]"></a>UART_StructInit</STRONG> (Thumb, 16 bytes, Stack size 0 bytes, cx32l003_uart.o(.text), UNUSED)

<P><STRONG><a name="[10c]"></a>UART_Cmd</STRONG> (Thumb, 46 bytes, Stack size 8 bytes, cx32l003_uart.o(.text))
<BR><BR>[Stack]<UL><LI>Max Depth = 8<LI>Call Chain = UART_Cmd
</UL>
<BR>[Called By]<UL><LI><a href="#[b9]">&gt;&gt;</a>&nbsp;&nbsp;&nbsp;UART_Config
</UL>

<P><STRONG><a name="[10b]"></a>UART_ITConfig</STRONG> (Thumb, 20 bytes, Stack size 0 bytes, cx32l003_uart.o(.text))
<BR><BR>[Called By]<UL><LI><a href="#[b9]">&gt;&gt;</a>&nbsp;&nbsp;&nbsp;UART_Config
</UL>

<P><STRONG><a name="[202]"></a>UART_SetAddress</STRONG> (Thumb, 32 bytes, Stack size 8 bytes, cx32l003_uart.o(.text), UNUSED)

<P><STRONG><a name="[203]"></a>UART_ReciveCmd</STRONG> (Thumb, 68 bytes, Stack size 8 bytes, cx32l003_uart.o(.text), UNUSED)

<P><STRONG><a name="[10e]"></a>UART_SendData</STRONG> (Thumb, 4 bytes, Stack size 0 bytes, cx32l003_uart.o(.text), UNUSED)
<BR><BR>[Called By]<UL><LI><a href="#[10d]">&gt;&gt;</a>&nbsp;&nbsp;&nbsp;Uart_SendByte
</UL>

<P><STRONG><a name="[112]"></a>UART_ReceiveData</STRONG> (Thumb, 8 bytes, Stack size 0 bytes, cx32l003_uart.o(.text))
<BR><BR>[Called By]<UL><LI><a href="#[f]">&gt;&gt;</a>&nbsp;&nbsp;&nbsp;UART0_IRQHandler
</UL>

<P><STRONG><a name="[204]"></a>UART_TB8Cmd</STRONG> (Thumb, 24 bytes, Stack size 0 bytes, cx32l003_uart.o(.text), UNUSED)

<P><STRONG><a name="[205]"></a>UART_RB8Cmd</STRONG> (Thumb, 24 bytes, Stack size 0 bytes, cx32l003_uart.o(.text), UNUSED)

<P><STRONG><a name="[206]"></a>UART_IrDAConfig</STRONG> (Thumb, 24 bytes, Stack size 8 bytes, cx32l003_uart.o(.text), UNUSED)

<P><STRONG><a name="[207]"></a>UART_IrDACmd</STRONG> (Thumb, 28 bytes, Stack size 0 bytes, cx32l003_uart.o(.text), UNUSED)

<P><STRONG><a name="[208]"></a>UART_GetITStatus</STRONG> (Thumb, 20 bytes, Stack size 0 bytes, cx32l003_uart.o(.text), UNUSED)

<P><STRONG><a name="[209]"></a>UART_ClearITBit</STRONG> (Thumb, 4 bytes, Stack size 0 bytes, cx32l003_uart.o(.text), UNUSED)

<P><STRONG><a name="[7d]"></a>NVIC_PriorityGroupConfig</STRONG> (Thumb, 10 bytes, Stack size 0 bytes, misc.o(.text))
<BR><BR>[Called By]<UL><LI><a href="#[f8]">&gt;&gt;</a>&nbsp;&nbsp;&nbsp;IWDG_NVIC_Config
<LI><a href="#[9b]">&gt;&gt;</a>&nbsp;&nbsp;&nbsp;NVIC_Configuration
<LI><a href="#[89]">&gt;&gt;</a>&nbsp;&nbsp;&nbsp;GPIOD_NVIC_Configuration
<LI><a href="#[88]">&gt;&gt;</a>&nbsp;&nbsp;&nbsp;GPIOC_NVIC_Configuration
<LI><a href="#[87]">&gt;&gt;</a>&nbsp;&nbsp;&nbsp;GPIOB_NVIC_Configuration
<LI><a href="#[86]">&gt;&gt;</a>&nbsp;&nbsp;&nbsp;GPIOA_NVIC_Configuration
<LI><a href="#[7c]">&gt;&gt;</a>&nbsp;&nbsp;&nbsp;TIM_NVIC_Config
<LI><a href="#[10a]">&gt;&gt;</a>&nbsp;&nbsp;&nbsp;NVIC_Configuration
<LI><a href="#[100]">&gt;&gt;</a>&nbsp;&nbsp;&nbsp;IWDG_NVIC_Config
</UL>

<P><STRONG><a name="[7e]"></a>NVIC_Init</STRONG> (Thumb, 114 bytes, Stack size 16 bytes, misc.o(.text))
<BR><BR>[Stack]<UL><LI>Max Depth = 16<LI>Call Chain = NVIC_Init
</UL>
<BR>[Called By]<UL><LI><a href="#[f8]">&gt;&gt;</a>&nbsp;&nbsp;&nbsp;IWDG_NVIC_Config
<LI><a href="#[9b]">&gt;&gt;</a>&nbsp;&nbsp;&nbsp;NVIC_Configuration
<LI><a href="#[89]">&gt;&gt;</a>&nbsp;&nbsp;&nbsp;GPIOD_NVIC_Configuration
<LI><a href="#[88]">&gt;&gt;</a>&nbsp;&nbsp;&nbsp;GPIOC_NVIC_Configuration
<LI><a href="#[87]">&gt;&gt;</a>&nbsp;&nbsp;&nbsp;GPIOB_NVIC_Configuration
<LI><a href="#[86]">&gt;&gt;</a>&nbsp;&nbsp;&nbsp;GPIOA_NVIC_Configuration
<LI><a href="#[7c]">&gt;&gt;</a>&nbsp;&nbsp;&nbsp;TIM_NVIC_Config
<LI><a href="#[10a]">&gt;&gt;</a>&nbsp;&nbsp;&nbsp;NVIC_Configuration
<LI><a href="#[100]">&gt;&gt;</a>&nbsp;&nbsp;&nbsp;IWDG_NVIC_Config
</UL>

<P><STRONG><a name="[20a]"></a>NVIC_SetVectorTable</STRONG> (Thumb, 2 bytes, Stack size 0 bytes, misc.o(.text), UNUSED)

<P><STRONG><a name="[20b]"></a>NVIC_SystemLPConfig</STRONG> (Thumb, 28 bytes, Stack size 0 bytes, misc.o(.text), UNUSED)

<P><STRONG><a name="[20c]"></a>SysTick_CLKSourceConfig</STRONG> (Thumb, 32 bytes, Stack size 0 bytes, misc.o(.text), UNUSED)

<P><STRONG><a name="[20d]"></a>TEST_TIM_Mode_Config</STRONG> (Thumb, 2 bytes, Stack size 0 bytes, user_advtime.o(.text), UNUSED)

<P><STRONG><a name="[20e]"></a>TEST_ADVTIM_MULTICHANEEL_Config</STRONG> (Thumb, 2 bytes, Stack size 0 bytes, user_advtime.o(.text), UNUSED)

<P><STRONG><a name="[66]"></a>ADVTIM_PWMMODE_Config</STRONG> (Thumb, 148 bytes, Stack size 40 bytes, user_advtime.o(.text))
<BR><BR>[Stack]<UL><LI>Max Depth = 56<LI>Call Chain = ADVTIM_PWMMODE_Config &rArr; ADVTIM_OC4Init
</UL>
<BR>[Calls]<UL><LI><a href="#[6d]">&gt;&gt;</a>&nbsp;&nbsp;&nbsp;ADVTIM_CtrlPWMOutputs
<LI><a href="#[6c]">&gt;&gt;</a>&nbsp;&nbsp;&nbsp;ADVTIM_Cmd
<LI><a href="#[6b]">&gt;&gt;</a>&nbsp;&nbsp;&nbsp;ADVTIM_OC4Init
<LI><a href="#[6a]">&gt;&gt;</a>&nbsp;&nbsp;&nbsp;ADVTIM_OC3Init
<LI><a href="#[69]">&gt;&gt;</a>&nbsp;&nbsp;&nbsp;ADVTIM_OC2Init
<LI><a href="#[68]">&gt;&gt;</a>&nbsp;&nbsp;&nbsp;ADVTIM_OC1Init
<LI><a href="#[67]">&gt;&gt;</a>&nbsp;&nbsp;&nbsp;ADVTIM_TimeBaseInit
</UL>
<BR>[Called By]<UL><LI><a href="#[39]">&gt;&gt;</a>&nbsp;&nbsp;&nbsp;main
</UL>

<P><STRONG><a name="[20f]"></a>switchPwmChannel</STRONG> (Thumb, 84 bytes, Stack size 24 bytes, user_advtime.o(.text), UNUSED)

<P><STRONG><a name="[6e]"></a>updatePWMChlDuty</STRONG> (Thumb, 192 bytes, Stack size 32 bytes, user_advtime.o(.text))
<BR><BR>[Stack]<UL><LI>Max Depth = 48<LI>Call Chain = updatePWMChlDuty &rArr; __aeabi_fmul
</UL>
<BR>[Calls]<UL><LI><a href="#[6f]">&gt;&gt;</a>&nbsp;&nbsp;&nbsp;__aeabi_cfrcmple
<LI><a href="#[71]">&gt;&gt;</a>&nbsp;&nbsp;&nbsp;__aeabi_fmul
<LI><a href="#[70]">&gt;&gt;</a>&nbsp;&nbsp;&nbsp;__aeabi_i2f
<LI><a href="#[72]">&gt;&gt;</a>&nbsp;&nbsp;&nbsp;__aeabi_f2uiz
<LI><a href="#[73]">&gt;&gt;</a>&nbsp;&nbsp;&nbsp;__aeabi_frsub
</UL>
<BR>[Called By]<UL><LI><a href="#[d4]">&gt;&gt;</a>&nbsp;&nbsp;&nbsp;voiceFunc
<LI><a href="#[bc]">&gt;&gt;</a>&nbsp;&nbsp;&nbsp;turnOffTone
</UL>

<P><STRONG><a name="[210]"></a>TEST_ADVTIM_CAPTUREMODE_Config</STRONG> (Thumb, 2 bytes, Stack size 0 bytes, user_advtime.o(.text), UNUSED)

<P><STRONG><a name="[211]"></a>TEST_ADVTIM_SINGLECAPTUREMODE_Config</STRONG> (Thumb, 2 bytes, Stack size 0 bytes, user_advtime.o(.text), UNUSED)

<P><STRONG><a name="[212]"></a>TEST_ADVTIM_CASACADEMODE_Config</STRONG> (Thumb, 2 bytes, Stack size 0 bytes, user_advtime.o(.text), UNUSED)

<P><STRONG><a name="[213]"></a>TEST_ADVTIM_OUTPUTCOMPARE_Config</STRONG> (Thumb, 2 bytes, Stack size 0 bytes, user_advtime.o(.text), UNUSED)

<P><STRONG><a name="[214]"></a>TEST_ADVTIM_ONEPLUS_Config</STRONG> (Thumb, 2 bytes, Stack size 0 bytes, user_advtime.o(.text), UNUSED)

<P><STRONG><a name="[215]"></a>TEST_ADVTIM_DEADTIME_BREAK</STRONG> (Thumb, 2 bytes, Stack size 0 bytes, user_advtime.o(.text), UNUSED)

<P><STRONG><a name="[216]"></a>TEST_ADVTIM_DEADTIME_BREAK_DEEPSLEEP_Config</STRONG> (Thumb, 2 bytes, Stack size 0 bytes, user_advtime.o(.text), UNUSED)

<P><STRONG><a name="[217]"></a>TEST_ADVTIM_EVENT_GENERATION_Config</STRONG> (Thumb, 2 bytes, Stack size 0 bytes, user_advtime.o(.text), UNUSED)

<P><STRONG><a name="[218]"></a>TEST_ADVTIM_ETR_FUNCTION_Config</STRONG> (Thumb, 2 bytes, Stack size 0 bytes, user_advtime.o(.text), UNUSED)

<P><STRONG><a name="[1a]"></a>ADVTIM_IRQHandler</STRONG> (Thumb, 408 bytes, Stack size 8 bytes, user_advtime.o(.text))
<BR><BR>[Stack]<UL><LI>Max Depth = 20<LI>Call Chain = ADVTIM_IRQHandler &rArr; ADVTIM_GetITStatus
</UL>
<BR>[Calls]<UL><LI><a href="#[75]">&gt;&gt;</a>&nbsp;&nbsp;&nbsp;ADVTIM_ClearITPendingBit
<LI><a href="#[74]">&gt;&gt;</a>&nbsp;&nbsp;&nbsp;ADVTIM_GetITStatus
<LI><a href="#[7b]">&gt;&gt;</a>&nbsp;&nbsp;&nbsp;ADVTIM_GetCapture4
<LI><a href="#[7a]">&gt;&gt;</a>&nbsp;&nbsp;&nbsp;ADVTIM_GetCapture3
<LI><a href="#[79]">&gt;&gt;</a>&nbsp;&nbsp;&nbsp;ADVTIM_GetCapture2
<LI><a href="#[77]">&gt;&gt;</a>&nbsp;&nbsp;&nbsp;ADVTIM_GetCapture1
<LI><a href="#[76]">&gt;&gt;</a>&nbsp;&nbsp;&nbsp;ADVTIM_ITConfig
<LI><a href="#[6c]">&gt;&gt;</a>&nbsp;&nbsp;&nbsp;ADVTIM_Cmd
<LI><a href="#[78]">&gt;&gt;</a>&nbsp;&nbsp;&nbsp;__aeabi_uidivmod
</UL>
<BR>[Address Reference Count : 1]<UL><LI> startup_cx32l003.o(RESET)
</UL>
<P><STRONG><a name="[80]"></a>BASIC_TIM_Mode_Config</STRONG> (Thumb, 122 bytes, Stack size 40 bytes, user_basetime.o(.text))
<BR><BR>[Stack]<UL><LI>Max Depth = 80<LI>Call Chain = BASIC_TIM_Mode_Config &rArr; TIM_NVIC_Config &rArr; userNVICPrioirySetting
</UL>
<BR>[Calls]<UL><LI><a href="#[7c]">&gt;&gt;</a>&nbsp;&nbsp;&nbsp;TIM_NVIC_Config
<LI><a href="#[82]">&gt;&gt;</a>&nbsp;&nbsp;&nbsp;TIM_SetTimerLoadRegister
<LI><a href="#[84]">&gt;&gt;</a>&nbsp;&nbsp;&nbsp;TIM_ITConfig
<LI><a href="#[83]">&gt;&gt;</a>&nbsp;&nbsp;&nbsp;TIM_Cmd
<LI><a href="#[81]">&gt;&gt;</a>&nbsp;&nbsp;&nbsp;TIM_TimeBaseInit
</UL>
<BR>[Called By]<UL><LI><a href="#[39]">&gt;&gt;</a>&nbsp;&nbsp;&nbsp;main
</UL>

<P><STRONG><a name="[16]"></a>TIMER10_IRQHandler</STRONG> (Thumb, 38 bytes, Stack size 8 bytes, user_basetime.o(.text))
<BR><BR>[Stack]<UL><LI>Max Depth = 8<LI>Call Chain = TIMER10_IRQHandler
</UL>
<BR>[Calls]<UL><LI><a href="#[85]">&gt;&gt;</a>&nbsp;&nbsp;&nbsp;TIM_ClearITFlag
</UL>
<BR>[Address Reference Count : 1]<UL><LI> startup_cx32l003.o(RESET)
</UL>
<P><STRONG><a name="[7f]"></a>userNVICPrioirySetting</STRONG> (Thumb, 122 bytes, Stack size 24 bytes, user_exti.o(.text))
<BR><BR>[Stack]<UL><LI>Max Depth = 24<LI>Call Chain = userNVICPrioirySetting
</UL>
<BR>[Called By]<UL><LI><a href="#[9b]">&gt;&gt;</a>&nbsp;&nbsp;&nbsp;NVIC_Configuration
<LI><a href="#[86]">&gt;&gt;</a>&nbsp;&nbsp;&nbsp;GPIOA_NVIC_Configuration
<LI><a href="#[7c]">&gt;&gt;</a>&nbsp;&nbsp;&nbsp;TIM_NVIC_Config
<LI><a href="#[10a]">&gt;&gt;</a>&nbsp;&nbsp;&nbsp;NVIC_Configuration
</UL>

<P><STRONG><a name="[8a]"></a>disableRXInt</STRONG> (Thumb, 30 bytes, Stack size 16 bytes, user_exti.o(.text))
<BR><BR>[Stack]<UL><LI>Max Depth = 16<LI>Call Chain = disableRXInt
</UL>
<BR>[Calls]<UL><LI><a href="#[8b]">&gt;&gt;</a>&nbsp;&nbsp;&nbsp;GPIO_EXTILineConfig
</UL>
<BR>[Called By]<UL><LI><a href="#[8e]">&gt;&gt;</a>&nbsp;&nbsp;&nbsp;entryNormalModeChk
</UL>

<P><STRONG><a name="[8c]"></a>EXTI_Key_Config</STRONG> (Thumb, 74 bytes, Stack size 16 bytes, user_exti.o(.text))
<BR><BR>[Stack]<UL><LI>Max Depth = 48<LI>Call Chain = EXTI_Key_Config &rArr; GPIOA_NVIC_Configuration &rArr; userNVICPrioirySetting
</UL>
<BR>[Calls]<UL><LI><a href="#[8b]">&gt;&gt;</a>&nbsp;&nbsp;&nbsp;GPIO_EXTILineConfig
<LI><a href="#[89]">&gt;&gt;</a>&nbsp;&nbsp;&nbsp;GPIOD_NVIC_Configuration
<LI><a href="#[88]">&gt;&gt;</a>&nbsp;&nbsp;&nbsp;GPIOC_NVIC_Configuration
<LI><a href="#[87]">&gt;&gt;</a>&nbsp;&nbsp;&nbsp;GPIOB_NVIC_Configuration
<LI><a href="#[86]">&gt;&gt;</a>&nbsp;&nbsp;&nbsp;GPIOA_NVIC_Configuration
</UL>
<BR>[Called By]<UL><LI><a href="#[39]">&gt;&gt;</a>&nbsp;&nbsp;&nbsp;main
<LI><a href="#[98]">&gt;&gt;</a>&nbsp;&nbsp;&nbsp;Enter_DeepSleep
</UL>

<P><STRONG><a name="[b]"></a>GPIOA_IRQHandler</STRONG> (Thumb, 16 bytes, Stack size 8 bytes, user_exti.o(.text))
<BR><BR>[Stack]<UL><LI>Max Depth = 176<LI>Call Chain = GPIOA_IRQHandler &rArr; GPIO_IRQHandler &rArr; entryNormalModeChk &rArr; UART_Config &rArr; UART_Init &rArr; __aeabi_ddiv
</UL>
<BR>[Calls]<UL><LI><a href="#[8d]">&gt;&gt;</a>&nbsp;&nbsp;&nbsp;GPIO_IRQHandler
</UL>
<BR>[Address Reference Count : 1]<UL><LI> startup_cx32l003.o(RESET)
</UL>
<P><STRONG><a name="[c]"></a>GPIOB_IRQHandler</STRONG> (Thumb, 16 bytes, Stack size 8 bytes, user_exti.o(.text))
<BR><BR>[Stack]<UL><LI>Max Depth = 176<LI>Call Chain = GPIOB_IRQHandler &rArr; GPIO_IRQHandler &rArr; entryNormalModeChk &rArr; UART_Config &rArr; UART_Init &rArr; __aeabi_ddiv
</UL>
<BR>[Calls]<UL><LI><a href="#[8d]">&gt;&gt;</a>&nbsp;&nbsp;&nbsp;GPIO_IRQHandler
</UL>
<BR>[Address Reference Count : 1]<UL><LI> startup_cx32l003.o(RESET)
</UL>
<P><STRONG><a name="[d]"></a>GPIOC_IRQHandler</STRONG> (Thumb, 16 bytes, Stack size 8 bytes, user_exti.o(.text))
<BR><BR>[Stack]<UL><LI>Max Depth = 176<LI>Call Chain = GPIOC_IRQHandler &rArr; GPIO_IRQHandler &rArr; entryNormalModeChk &rArr; UART_Config &rArr; UART_Init &rArr; __aeabi_ddiv
</UL>
<BR>[Calls]<UL><LI><a href="#[8d]">&gt;&gt;</a>&nbsp;&nbsp;&nbsp;GPIO_IRQHandler
</UL>
<BR>[Address Reference Count : 1]<UL><LI> startup_cx32l003.o(RESET)
</UL>
<P><STRONG><a name="[e]"></a>GPIOD_IRQHandler</STRONG> (Thumb, 16 bytes, Stack size 8 bytes, user_exti.o(.text))
<BR><BR>[Stack]<UL><LI>Max Depth = 176<LI>Call Chain = GPIOD_IRQHandler &rArr; GPIO_IRQHandler &rArr; entryNormalModeChk &rArr; UART_Config &rArr; UART_Init &rArr; __aeabi_ddiv
</UL>
<BR>[Calls]<UL><LI><a href="#[8d]">&gt;&gt;</a>&nbsp;&nbsp;&nbsp;GPIO_IRQHandler
</UL>
<BR>[Address Reference Count : 1]<UL><LI> startup_cx32l003.o(RESET)
</UL>
<P><STRONG><a name="[219]"></a>readInternalFlashData</STRONG> (Thumb, 6 bytes, Stack size 0 bytes, user_internalflash.o(.text), UNUSED)

[...]
<BR><BR>[Calls]<UL><LI><a href="#[12c]">&gt;&gt;</a>&nbsp;&nbsp;&nbsp;__aeabi_i2d_normalise
</UL>
<BR>[Called By]<UL><LI><a href="#[5d]">&gt;&gt;</a>&nbsp;&nbsp;&nbsp;UART_Init
</UL>

<P><STRONG><a name="[226]"></a>_dflt</STRONG> (Thumb, 0 bytes, Stack size 0 bytes, dflti.o(.text), UNUSED)

<P><STRONG><a name="[5f]"></a>__aeabi_ui2d</STRONG> (Thumb, 6 bytes, Stack size 0 bytes, dflti.o(.text))
<BR><BR>[Calls]<UL><LI><a href="#[12c]">&gt;&gt;</a>&nbsp;&nbsp;&nbsp;__aeabi_i2d_normalise
</UL>
<BR>[Called By]<UL><LI><a href="#[c7]">&gt;&gt;</a>&nbsp;&nbsp;&nbsp;getBattVolt
<LI><a href="#[5d]">&gt;&gt;</a>&nbsp;&nbsp;&nbsp;UART_Init
</UL>

<P><STRONG><a name="[227]"></a>_dfltu</STRONG> (Thumb, 0 bytes, Stack size 0 bytes, dflti.o(.text), UNUSED)

<P><STRONG><a name="[61]"></a>__aeabi_dmul</STRONG> (Thumb, 0 bytes, Stack size 56 bytes, dmul.o(.text))
<BR><BR>[Stack]<UL><LI>Max Depth = 56<LI>Call Chain = __aeabi_dmul
</UL>
<BR>[Called By]<UL><LI><a href="#[d0]">&gt;&gt;</a>&nbsp;&nbsp;&nbsp;vSystemErrorCheck
<LI><a href="#[5d]">&gt;&gt;</a>&nbsp;&nbsp;&nbsp;UART_Init
</UL>

<P><STRONG><a name="[228]"></a>_dmul</STRONG> (Thumb, 558 bytes, Stack size 56 bytes, dmul.o(.text), UNUSED)

<P><STRONG><a name="[f5]"></a>__aeabi_f2d</STRONG> (Thumb, 0 bytes, Stack size 0 bytes, f2d.o(.text))
<BR><BR>[Called By]<UL><LI><a href="#[d0]">&gt;&gt;</a>&nbsp;&nbsp;&nbsp;vSystemErrorCheck
</UL>

<P><STRONG><a name="[229]"></a>_f2d</STRONG> (Thumb, 80 bytes, Stack size 0 bytes, f2d.o(.text), UNUSED)

<P><STRONG><a name="[f4]"></a>__aeabi_fdiv</STRONG> (Thumb, 0 bytes, Stack size 20 bytes, fdiv.o(.text))
<BR><BR>[Stack]<UL><LI>Max Depth = 20<LI>Call Chain = __aeabi_fdiv
</UL>
<BR>[Called By]<UL><LI><a href="#[f2]">&gt;&gt;</a>&nbsp;&nbsp;&nbsp;getSystemperature
<LI><a href="#[d0]">&gt;&gt;</a>&nbsp;&nbsp;&nbsp;vSystemErrorCheck
</UL>

<P><STRONG><a name="[12e]"></a>_fdiv</STRONG> (Thumb, 334 bytes, Stack size 20 bytes, fdiv.o(.text), UNUSED)
<BR><BR>[Called By]<UL><LI><a href="#[12d]">&gt;&gt;</a>&nbsp;&nbsp;&nbsp;_frdiv
</UL>

<P><STRONG><a name="[12d]"></a>_frdiv</STRONG> (Thumb, 8 bytes, Stack size 0 bytes, fdiv.o(.text), UNUSED)
<BR><BR>[Calls]<UL><LI><a href="#[12e]">&gt;&gt;</a>&nbsp;&nbsp;&nbsp;_fdiv
</UL>

<P><STRONG><a name="[65]"></a>__aeabi_f2iz</STRONG> (Thumb, 0 bytes, Stack size 8 bytes, ffixi.o(.text))
<BR><BR>[Stack]<UL><LI>Max Depth = 8<LI>Call Chain = __aeabi_f2iz
</UL>
<BR>[Called By]<UL><LI><a href="#[5d]">&gt;&gt;</a>&nbsp;&nbsp;&nbsp;UART_Init
</UL>

<P><STRONG><a name="[22a]"></a>_ffix</STRONG> (Thumb, 76 bytes, Stack size 8 bytes, ffixi.o(.text), UNUSED)

<P><STRONG><a name="[72]"></a>__aeabi_f2uiz</STRONG> (Thumb, 0 bytes, Stack size 0 bytes, ffixui.o(.text))
<BR><BR>[Called By]<UL><LI><a href="#[6e]">&gt;&gt;</a>&nbsp;&nbsp;&nbsp;updatePWMChlDuty
</UL>

<P><STRONG><a name="[22b]"></a>_ffixu</STRONG> (Thumb, 48 bytes, Stack size 0 bytes, ffixui.o(.text), UNUSED)

<P><STRONG><a name="[12f]"></a>__aeabi_i2f_normalise</STRONG> (Thumb, 72 bytes, Stack size 0 bytes, fflti.o(.text))
<BR><BR>[Called By]<UL><LI><a href="#[f3]">&gt;&gt;</a>&nbsp;&nbsp;&nbsp;__aeabi_ui2f
<LI><a href="#[70]">&gt;&gt;</a>&nbsp;&nbsp;&nbsp;__aeabi_i2f
</UL>

<P><STRONG><a name="[70]"></a>__aeabi_i2f</STRONG> (Thumb, 16 bytes, Stack size 0 bytes, fflti.o(.text))
<BR><BR>[Calls]<UL><LI><a href="#[12f]">&gt;&gt;</a>&nbsp;&nbsp;&nbsp;__aeabi_i2f_normalise
</UL>
<BR>[Called By]<UL><LI><a href="#[6e]">&gt;&gt;</a>&nbsp;&nbsp;&nbsp;updatePWMChlDuty
</UL>

<P><STRONG><a name="[22c]"></a>_fflt</STRONG> (Thumb, 0 bytes, Stack size 0 bytes, fflti.o(.text), UNUSED)

<P><STRONG><a name="[f3]"></a>__aeabi_ui2f</STRONG> (Thumb, 6 bytes, Stack size 0 bytes, fflti.o(.text))
<BR><BR>[Calls]<UL><LI><a href="#[12f]">&gt;&gt;</a>&nbsp;&nbsp;&nbsp;__aeabi_i2f_normalise
</UL>
<BR>[Called By]<UL><LI><a href="#[f2]">&gt;&gt;</a>&nbsp;&nbsp;&nbsp;getSystemperature
</UL>

<P><STRONG><a name="[22d]"></a>_ffltu</STRONG> (Thumb, 0 bytes, Stack size 0 bytes, fflti.o(.text), UNUSED)

<P><STRONG><a name="[130]"></a>__fpl_dcmp_InfNaN</STRONG> (Thumb, 140 bytes, Stack size 24 bytes, dcmpin.o(.text), UNUSED)
<BR><BR>[Calls]<UL><LI><a href="#[132]">&gt;&gt;</a>&nbsp;&nbsp;&nbsp;__fpl_dcheck_NaN2
<LI><a href="#[131]">&gt;&gt;</a>&nbsp;&nbsp;&nbsp;__fpl_cmpreturn
</UL>
<BR>[Called By]<UL><LI><a href="#[13b]">&gt;&gt;</a>&nbsp;&nbsp;&nbsp;_drcmple
<LI><a href="#[13a]">&gt;&gt;</a>&nbsp;&nbsp;&nbsp;_dcmple
</UL>

<P><STRONG><a name="[133]"></a>__fpl_fcmp_InfNaN</STRONG> (Thumb, 96 bytes, Stack size 8 bytes, fcmpin.o(.text), UNUSED)
<BR><BR>[Calls]<UL><LI><a href="#[134]">&gt;&gt;</a>&nbsp;&nbsp;&nbsp;__fpl_fcheck_NaN2
<LI><a href="#[131]">&gt;&gt;</a>&nbsp;&nbsp;&nbsp;__fpl_cmpreturn
</UL>
<BR>[Called By]<UL><LI><a href="#[13e]">&gt;&gt;</a>&nbsp;&nbsp;&nbsp;_frcmple
</UL>

<P><STRONG><a name="[131]"></a>__fpl_cmpreturn</STRONG> (Thumb, 46 bytes, Stack size 0 bytes, cmpret.o(.text), UNUSED)
<BR><BR>[Called By]<UL><LI><a href="#[135]">&gt;&gt;</a>&nbsp;&nbsp;&nbsp;__fpl_return_NaN
<LI><a href="#[133]">&gt;&gt;</a>&nbsp;&nbsp;&nbsp;__fpl_fcmp_InfNaN
<LI><a href="#[130]">&gt;&gt;</a>&nbsp;&nbsp;&nbsp;__fpl_dcmp_InfNaN
</UL>

<P><STRONG><a name="[132]"></a>__fpl_dcheck_NaN2</STRONG> (Thumb, 14 bytes, Stack size 8 bytes, dnan2.o(.text), UNUSED)
<BR><BR>[Calls]<UL><LI><a href="#[135]">&gt;&gt;</a>&nbsp;&nbsp;&nbsp;__fpl_return_NaN
</UL>
<BR>[Called By]<UL><LI><a href="#[130]">&gt;&gt;</a>&nbsp;&nbsp;&nbsp;__fpl_dcmp_InfNaN
</UL>

<P><STRONG><a name="[134]"></a>__fpl_fcheck_NaN2</STRONG> (Thumb, 10 bytes, Stack size 8 bytes, fnan2.o(.text), UNUSED)
<BR><BR>[Calls]<UL><LI><a href="#[135]">&gt;&gt;</a>&nbsp;&nbsp;&nbsp;__fpl_return_NaN
</UL>
<BR>[Called By]<UL><LI><a href="#[133]">&gt;&gt;</a>&nbsp;&nbsp;&nbsp;__fpl_fcmp_InfNaN
</UL>

<P><STRONG><a name="[35]"></a>__user_setup_stackheap</STRONG> (Thumb, 62 bytes, Stack size 8 bytes, sys_stackheap_outer.o(.text))
<BR><BR>[Stack]<UL><LI>Max Depth = 8<LI>Call Chain = __user_setup_stackheap
</UL>
<BR>[Calls]<UL><LI><a href="#[137]">&gt;&gt;</a>&nbsp;&nbsp;&nbsp;__user_initial_stackheap
<LI><a href="#[136]">&gt;&gt;</a>&nbsp;&nbsp;&nbsp;__user_perproc_libspace
</UL>
<BR>[Called By]<UL><LI><a href="#[34]">&gt;&gt;</a>&nbsp;&nbsp;&nbsp;__rt_entry_sh
</UL>

<P><STRONG><a name="[3a]"></a>exit</STRONG> (Thumb, 16 bytes, Stack size 8 bytes, exit.o(.text))
<BR><BR>[Stack]<UL><LI>Max Depth = 8 + Unknown Stack Size
<LI>Call Chain = exit
</UL>
<BR>[Calls]<UL><LI><a href="#[139]">&gt;&gt;</a>&nbsp;&nbsp;&nbsp;__rt_exit
<LI><a href="#[138]">&gt;&gt;</a>&nbsp;&nbsp;&nbsp;_call_atexit_fns (Weak Reference)
</UL>
<BR>[Called By]<UL><LI><a href="#[38]">&gt;&gt;</a>&nbsp;&nbsp;&nbsp;__rt_entry_main
</UL>

<P><STRONG><a name="[135]"></a>__fpl_return_NaN</STRONG> (Thumb, 94 bytes, Stack size 8 bytes, retnan.o(.text), UNUSED)
<BR><BR>[Calls]<UL><LI><a href="#[131]">&gt;&gt;</a>&nbsp;&nbsp;&nbsp;__fpl_cmpreturn
</UL>
<BR>[Called By]<UL><LI><a href="#[134]">&gt;&gt;</a>&nbsp;&nbsp;&nbsp;__fpl_fcheck_NaN2
<LI><a href="#[132]">&gt;&gt;</a>&nbsp;&nbsp;&nbsp;__fpl_dcheck_NaN2
</UL>

<P><STRONG><a name="[22e]"></a>__user_libspace</STRONG> (Thumb, 8 bytes, Stack size 0 bytes, libspace.o(.text), UNUSED)

<P><STRONG><a name="[136]"></a>__user_perproc_libspace</STRONG> (Thumb, 0 bytes, Stack size 0 bytes, libspace.o(.text))
<BR><BR>[Called By]<UL><LI><a href="#[35]">&gt;&gt;</a>&nbsp;&nbsp;&nbsp;__user_setup_stackheap
</UL>

<P><STRONG><a name="[22f]"></a>__user_perthread_libspace</STRONG> (Thumb, 0 bytes, Stack size 0 bytes, libspace.o(.text), UNUSED)

<P><STRONG><a name="[3e]"></a>_sys_exit</STRONG> (Thumb, 8 bytes, Stack size 0 bytes, sys_exit.o(.text))
<BR><BR>[Called By]<UL><LI><a href="#[3d]">&gt;&gt;</a>&nbsp;&nbsp;&nbsp;__rt_exit_exit
</UL>

<P><STRONG><a name="[230]"></a>__I$use$semihosting</STRONG> (Thumb, 0 bytes, Stack size 0 bytes, use_no_semi.o(.text), UNUSED)

<P><STRONG><a name="[231]"></a>__use_no_semihosting_swi</STRONG> (Thumb, 2 bytes, Stack size 0 bytes, use_no_semi.o(.text), UNUSED)

<P><STRONG><a name="[a8]"></a>__ARM_common_switch8</STRONG> (Thumb, 28 bytes, Stack size 8 bytes, user_sysclock.o(i.__ARM_common_switch8))
<BR><BR>[Stack]<UL><LI>Max Depth = 8<LI>Call Chain = __ARM_common_switch8
</UL>
<BR>[Called By]<UL><LI><a href="#[a6]">&gt;&gt;</a>&nbsp;&nbsp;&nbsp;setSystemHIRC
<LI><a href="#[110]">&gt;&gt;</a>&nbsp;&nbsp;&nbsp;uartReceivedDataProcess
</UL>

<P><STRONG><a name="[232]"></a>__semihosting_library_function</STRONG> (Thumb, 0 bytes, Stack size 8 bytes, indicate_semi.o(.text), UNUSED)

<P><STRONG><a name="[f6]"></a>__aeabi_cdcmple</STRONG> (Thumb, 0 bytes, Stack size 24 bytes, dlef.o(x$fpl$dleqf))
<BR><BR>[Stack]<UL><LI>Max Depth = 24<LI>Call Chain = __aeabi_cdcmple
</UL>
<BR>[Called By]<UL><LI><a href="#[d0]">&gt;&gt;</a>&nbsp;&nbsp;&nbsp;vSystemErrorCheck
</UL>

<P><STRONG><a name="[13a]"></a>_dcmple</STRONG> (Thumb, 94 bytes, Stack size 24 bytes, dlef.o(x$fpl$dleqf), UNUSED)
<BR><BR>[Calls]<UL><LI><a href="#[130]">&gt;&gt;</a>&nbsp;&nbsp;&nbsp;__fpl_dcmp_InfNaN
</UL>

<P><STRONG><a name="[f7]"></a>__aeabi_cdrcmple</STRONG> (Thumb, 0 bytes, Stack size 32 bytes, drlef.o(x$fpl$drleqf))
<BR><BR>[Stack]<UL><LI>Max Depth = 32<LI>Call Chain = __aeabi_cdrcmple
</UL>
<BR>[Called By]<UL><LI><a href="#[d0]">&gt;&gt;</a>&nbsp;&nbsp;&nbsp;vSystemErrorCheck
</UL>

<P><STRONG><a name="[13b]"></a>_drcmple</STRONG> (Thumb, 100 bytes, Stack size 32 bytes, drlef.o(x$fpl$drleqf), UNUSED)
<BR><BR>[Calls]<UL><LI><a href="#[130]">&gt;&gt;</a>&nbsp;&nbsp;&nbsp;__fpl_dcmp_InfNaN
</UL>

<P><STRONG><a name="[233]"></a>__aeabi_fadd</STRONG> (Thumb, 0 bytes, Stack size 16 bytes, faddsub.o(x$fpl$fadd), UNUSED)

<P><STRONG><a name="[13c]"></a>_fadd</STRONG> (Thumb, 134 bytes, Stack size 16 bytes, faddsub.o(x$fpl$fadd), UNUSED)
<BR><BR>[Calls]<UL><LI><a href="#[13d]">&gt;&gt;</a>&nbsp;&nbsp;&nbsp;_fsub1
</UL>

<P><STRONG><a name="[71]"></a>__aeabi_fmul</STRONG> (Thumb, 0 bytes, Stack size 16 bytes, fmul.o(x$fpl$fmul))
<BR><BR>[Stack]<UL><LI>Max Depth = 16<LI>Call Chain = __aeabi_fmul
</UL>
<BR>[Called By]<UL><LI><a href="#[f2]">&gt;&gt;</a>&nbsp;&nbsp;&nbsp;getSystemperature
<LI><a href="#[6e]">&gt;&gt;</a>&nbsp;&nbsp;&nbsp;updatePWMChlDuty
</UL>

<P><STRONG><a name="[234]"></a>_fmul</STRONG> (Thumb, 172 bytes, Stack size 16 bytes, fmul.o(x$fpl$fmul), UNUSED)

<P><STRONG><a name="[6f]"></a>__aeabi_cfrcmple</STRONG> (Thumb, 0 bytes, Stack size 8 bytes, frlef.o(x$fpl$frleqf))
<BR><BR>[Stack]<UL><LI>Max Depth = 8<LI>Call Chain = __aeabi_cfrcmple
</UL>
<BR>[Called By]<UL><LI><a href="#[6e]">&gt;&gt;</a>&nbsp;&nbsp;&nbsp;updatePWMChlDuty
</UL>

<P><STRONG><a name="[13e]"></a>_frcmple</STRONG> (Thumb, 84 bytes, Stack size 8 bytes, frlef.o(x$fpl$frleqf), UNUSED)
<BR><BR>[Calls]<UL><LI><a href="#[133]">&gt;&gt;</a>&nbsp;&nbsp;&nbsp;__fpl_fcmp_InfNaN
</UL>

<P><STRONG><a name="[73]"></a>__aeabi_frsub</STRONG> (Thumb, 0 bytes, Stack size 16 bytes, faddsub.o(x$fpl$frsb))
<BR><BR>[Stack]<UL><LI>Max Depth = 16<LI>Call Chain = __aeabi_frsub
</UL>
<BR>[Called By]<UL><LI><a href="#[6e]">&gt;&gt;</a>&nbsp;&nbsp;&nbsp;updatePWMChlDuty
</UL>

<P><STRONG><a name="[13f]"></a>_frsb</STRONG> (Thumb, 24 bytes, Stack size 16 bytes, faddsub.o(x$fpl$frsb), UNUSED)
<BR><BR>[Calls]<UL><LI><a href="#[13d]">&gt;&gt;</a>&nbsp;&nbsp;&nbsp;_fsub1
<LI><a href="#[140]">&gt;&gt;</a>&nbsp;&nbsp;&nbsp;_fadd1
</UL>

<P><STRONG><a name="[235]"></a>__aeabi_fsub</STRONG> (Thumb, 0 bytes, Stack size 16 bytes, faddsub.o(x$fpl$fsub), UNUSED)

<P><STRONG><a name="[141]"></a>_fsub</STRONG> (Thumb, 204 bytes, Stack size 16 bytes, faddsub.o(x$fpl$fsub), UNUSED)
<BR><BR>[Calls]<UL><LI><a href="#[140]">&gt;&gt;</a>&nbsp;&nbsp;&nbsp;_fadd1
</UL>
<P>
<H3>
Local Symbols
</H3>
<P><STRONG><a name="[48]"></a>TI4_Config</STRONG> (Thumb, 96 bytes, Stack size 24 bytes, cx32l003_advtim.o(.text), UNUSED)
<BR><BR>[Called By]<UL><LI><a href="#[41]">&gt;&gt;</a>&nbsp;&nbsp;&nbsp;ADVTIM_ICInit
</UL>

<P><STRONG><a name="[46]"></a>TI3_Config</STRONG> (Thumb, 96 bytes, Stack size 24 bytes, cx32l003_advtim.o(.text), UNUSED)
<BR><BR>[Called By]<UL><LI><a href="#[41]">&gt;&gt;</a>&nbsp;&nbsp;&nbsp;ADVTIM_ICInit
</UL>

<P><STRONG><a name="[44]"></a>TI2_Config</STRONG> (Thumb, 98 bytes, Stack size 24 bytes, cx32l003_advtim.o(.text), UNUSED)
<BR><BR>[Called By]<UL><LI><a href="#[4d]">&gt;&gt;</a>&nbsp;&nbsp;&nbsp;ADVTIM_TIxExternalClockConfig
<LI><a href="#[4a]">&gt;&gt;</a>&nbsp;&nbsp;&nbsp;ADVTIM_PWMIConfig
<LI><a href="#[41]">&gt;&gt;</a>&nbsp;&nbsp;&nbsp;ADVTIM_ICInit
</UL>

<P><STRONG><a name="[42]"></a>TI1_Config</STRONG> (Thumb, 142 bytes, Stack size 20 bytes, cx32l003_advtim.o(.text), UNUSED)
<BR><BR>[Called By]<UL><LI><a href="#[4d]">&gt;&gt;</a>&nbsp;&nbsp;&nbsp;ADVTIM_TIxExternalClockConfig
<LI><a href="#[4a]">&gt;&gt;</a>&nbsp;&nbsp;&nbsp;ADVTIM_PWMIConfig
<LI><a href="#[41]">&gt;&gt;</a>&nbsp;&nbsp;&nbsp;ADVTIM_ICInit
</UL>

<P><STRONG><a name="[5e]"></a>__NVIC_DisableIRQ</STRONG> (Thumb, 50 bytes, Stack size 0 bytes, cx32l003_uart.o(.text))
<BR><BR>[Called By]<UL><LI><a href="#[5d]">&gt;&gt;</a>&nbsp;&nbsp;&nbsp;UART_Init
</UL>

<P><STRONG><a name="[7c]"></a>TIM_NVIC_Config</STRONG> (Thumb, 38 bytes, Stack size 16 bytes, user_basetime.o(.text))
<BR><BR>[Stack]<UL><LI>Max Depth = 40<LI>Call Chain = TIM_NVIC_Config &rArr; userNVICPrioirySetting
</UL>
<BR>[Calls]<UL><LI><a href="#[7f]">&gt;&gt;</a>&nbsp;&nbsp;&nbsp;userNVICPrioirySetting
<LI><a href="#[7e]">&gt;&gt;</a>&nbsp;&nbsp;&nbsp;NVIC_Init
<LI><a href="#[7d]">&gt;&gt;</a>&nbsp;&nbsp;&nbsp;NVIC_PriorityGroupConfig
</UL>
<BR>[Called By]<UL><LI><a href="#[80]">&gt;&gt;</a>&nbsp;&nbsp;&nbsp;BASIC_TIM_Mode_Config
</UL>

<P><STRONG><a name="[86]"></a>GPIOA_NVIC_Configuration</STRONG> (Thumb, 34 bytes, Stack size 8 bytes, user_exti.o(.text))
<BR><BR>[Stack]<UL><LI>Max Depth = 32<LI>Call Chain = GPIOA_NVIC_Configuration &rArr; userNVICPrioirySetting
</UL>
<BR>[Calls]<UL><LI><a href="#[7f]">&gt;&gt;</a>&nbsp;&nbsp;&nbsp;userNVICPrioirySetting
<LI><a href="#[7e]">&gt;&gt;</a>&nbsp;&nbsp;&nbsp;NVIC_Init
<LI><a href="#[7d]">&gt;&gt;</a>&nbsp;&nbsp;&nbsp;NVIC_PriorityGroupConfig
</UL>
<BR>[Called By]<UL><LI><a href="#[8c]">&gt;&gt;</a>&nbsp;&nbsp;&nbsp;EXTI_Key_Config
</UL>

<P><STRONG><a name="[87]"></a>GPIOB_NVIC_Configuration</STRONG> (Thumb, 26 bytes, Stack size 8 bytes, user_exti.o(.text))
<BR><BR>[Stack]<UL><LI>Max Depth = 24<LI>Call Chain = GPIOB_NVIC_Configuration &rArr; NVIC_Init
</UL>
<BR>[Calls]<UL><LI><a href="#[7e]">&gt;&gt;</a>&nbsp;&nbsp;&nbsp;NVIC_Init
<LI><a href="#[7d]">&gt;&gt;</a>&nbsp;&nbsp;&nbsp;NVIC_PriorityGroupConfig
</UL>
<BR>[Called By]<UL><LI><a href="#[8c]">&gt;&gt;</a>&nbsp;&nbsp;&nbsp;EXTI_Key_Config
</UL>

<P><STRONG><a name="[88]"></a>GPIOC_NVIC_Configuration</STRONG> (Thumb, 28 bytes, Stack size 8 bytes, user_exti.o(.text))
<BR><BR>[Stack]<UL><LI>Max Depth = 24<LI>Call Chain = GPIOC_NVIC_Configuration &rArr; NVIC_Init
</UL>
<BR>[Calls]<UL><LI><a href="#[7e]">&gt;&gt;</a>&nbsp;&nbsp;&nbsp;NVIC_Init
<LI><a href="#[7d]">&gt;&gt;</a>&nbsp;&nbsp;&nbsp;NVIC_PriorityGroupConfig
</UL>
<BR>[Called By]<UL><LI><a href="#[8c]">&gt;&gt;</a>&nbsp;&nbsp;&nbsp;EXTI_Key_Config
</UL>

<P><STRONG><a name="[89]"></a>GPIOD_NVIC_Configuration</STRONG> (Thumb, 28 bytes, Stack size 8 bytes, user_exti.o(.text))
<BR><BR>[Stack]<UL><LI>Max Depth = 24<LI>Call Chain = GPIOD_NVIC_Configuration &rArr; NVIC_Init
</UL>
<BR>[Calls]<UL><LI><a href="#[7e]">&gt;&gt;</a>&nbsp;&nbsp;&nbsp;NVIC_Init
<LI><a href="#[7d]">&gt;&gt;</a>&nbsp;&nbsp;&nbsp;NVIC_PriorityGroupConfig
</UL>
<BR>[Called By]<UL><LI><a href="#[8c]">&gt;&gt;</a>&nbsp;&nbsp;&nbsp;EXTI_Key_Config
</UL>

<P><STRONG><a name="[8d]"></a>GPIO_IRQHandler</STRONG> (Thumb, 240 bytes, Stack size 8 bytes, user_exti.o(.text))
<BR><BR>[Stack]<UL><LI>Max Depth = 168<LI>Call Chain = GPIO_IRQHandler &rArr; entryNormalModeChk &rArr; UART_Config &rArr; UART_Init &rArr; __aeabi_ddiv
</UL>
<BR>[Calls]<UL><LI><a href="#[8f]">&gt;&gt;</a>&nbsp;&nbsp;&nbsp;setPowerKeyPressedFlag
<LI><a href="#[8e]">&gt;&gt;</a>&nbsp;&nbsp;&nbsp;entryNormalModeChk
<LI><a href="#[90]">&gt;&gt;</a>&nbsp;&nbsp;&nbsp;dataReceiveFunc
</UL>
<BR>[Called By]<UL><LI><a href="#[e]">&gt;&gt;</a>&nbsp;&nbsp;&nbsp;GPIOD_IRQHandler
<LI><a href="#[d]">&gt;&gt;</a>&nbsp;&nbsp;&nbsp;GPIOC_IRQHandler
<LI><a href="#[c]">&gt;&gt;</a>&nbsp;&nbsp;&nbsp;GPIOB_IRQHandler
<LI><a href="#[b]">&gt;&gt;</a>&nbsp;&nbsp;&nbsp;GPIOA_IRQHandler
</UL>

<P><STRONG><a name="[9b]"></a>NVIC_Configuration</STRONG> (Thumb, 38 bytes, Stack size 8 bytes, user_lptimer.o(.text))
<BR><BR>[Stack]<UL><LI>Max Depth = 32<LI>Call Chain = NVIC_Configuration &rArr; userNVICPrioirySetting
</UL>
<BR>[Calls]<UL><LI><a href="#[7f]">&gt;&gt;</a>&nbsp;&nbsp;&nbsp;userNVICPrioirySetting
<LI><a href="#[7e]">&gt;&gt;</a>&nbsp;&nbsp;&nbsp;NVIC_Init
<LI><a href="#[7d]">&gt;&gt;</a>&nbsp;&nbsp;&nbsp;NVIC_PriorityGroupConfig
</UL>
<BR>[Called By]<UL><LI><a href="#[9f]">&gt;&gt;</a>&nbsp;&nbsp;&nbsp;LPTIMER_Config
</UL>

<P><STRONG><a name="[f8]"></a>IWDG_NVIC_Config</STRONG> (Thumb, 32 bytes, Stack size 8 bytes, user_awk.o(.text), UNUSED)
<BR><BR>[Calls]<UL><LI><a href="#[7e]">&gt;&gt;</a>&nbsp;&nbsp;&nbsp;NVIC_Init
<LI><a href="#[7d]">&gt;&gt;</a>&nbsp;&nbsp;&nbsp;NVIC_PriorityGroupConfig
</UL>
<BR>[Called By]<UL><LI><a href="#[f9]">&gt;&gt;</a>&nbsp;&nbsp;&nbsp;AWK_Config
</UL>

<P><STRONG><a name="[100]"></a>IWDG_NVIC_Config</STRONG> (Thumb, 32 bytes, Stack size 8 bytes, user_iwdt .o(.text), UNUSED)
<BR><BR>[Calls]<UL><LI><a href="#[7e]">&gt;&gt;</a>&nbsp;&nbsp;&nbsp;NVIC_Init
<LI><a href="#[7d]">&gt;&gt;</a>&nbsp;&nbsp;&nbsp;NVIC_PriorityGroupConfig
</UL>
<BR>[Called By]<UL><LI><a href="#[101]">&gt;&gt;</a>&nbsp;&nbsp;&nbsp;IWDG_Config
</UL>

<P><STRONG><a name="[10a]"></a>NVIC_Configuration</STRONG> (Thumb, 38 bytes, Stack size 8 bytes, user_uart.o(.text))
<BR><BR>[Stack]<UL><LI>Max Depth = 32<LI>Call Chain = NVIC_Configuration &rArr; userNVICPrioirySetting
</UL>
<BR>[Calls]<UL><LI><a href="#[7f]">&gt;&gt;</a>&nbsp;&nbsp;&nbsp;userNVICPrioirySetting
<LI><a href="#[7e]">&gt;&gt;</a>&nbsp;&nbsp;&nbsp;NVIC_Init
<LI><a href="#[7d]">&gt;&gt;</a>&nbsp;&nbsp;&nbsp;NVIC_PriorityGroupConfig
</UL>
<BR>[Called By]<UL><LI><a href="#[b9]">&gt;&gt;</a>&nbsp;&nbsp;&nbsp;UART_Config
</UL>

<P><STRONG><a name="[127]"></a>_dadd1</STRONG> (Thumb, 290 bytes, Stack size 20 bytes, daddsub.o(.text), UNUSED)
<BR><BR>[Called By]<UL><LI><a href="#[129]">&gt;&gt;</a>&nbsp;&nbsp;&nbsp;_drsb
<LI><a href="#[128]">&gt;&gt;</a>&nbsp;&nbsp;&nbsp;_dsub
<LI><a href="#[125]">&gt;&gt;</a>&nbsp;&nbsp;&nbsp;_dadd
</UL>

<P><STRONG><a name="[126]"></a>_dsub1</STRONG> (Thumb, 470 bytes, Stack size 40 bytes, daddsub.o(.text), UNUSED)
<BR><BR>[Called By]<UL><LI><a href="#[129]">&gt;&gt;</a>&nbsp;&nbsp;&nbsp;_drsb
<LI><a href="#[128]">&gt;&gt;</a>&nbsp;&nbsp;&nbsp;_dsub
<LI><a href="#[125]">&gt;&gt;</a>&nbsp;&nbsp;&nbsp;_dadd
</UL>

<P><STRONG><a name="[140]"></a>_fadd1</STRONG> (Thumb, 0 bytes, Stack size unknown bytes, faddsub.o(x$fpl$fadd), UNUSED)
<BR><BR>[Called By]<UL><LI><a href="#[141]">&gt;&gt;</a>&nbsp;&nbsp;&nbsp;_fsub
<LI><a href="#[13f]">&gt;&gt;</a>&nbsp;&nbsp;&nbsp;_frsb
</UL>

<P><STRONG><a name="[13d]"></a>_fsub1</STRONG> (Thumb, 0 bytes, Stack size unknown bytes, faddsub.o(x$fpl$fsub), UNUSED)
<BR><BR>[Called By]<UL><LI><a href="#[13f]">&gt;&gt;</a>&nbsp;&nbsp;&nbsp;_frsb
<LI><a href="#[13c]">&gt;&gt;</a>&nbsp;&nbsp;&nbsp;_fadd
</UL>
<P>
<H3>
Undefined Global Symbols
</H3>
<P><STRONG><a name="[138]"></a>_call_atexit_fns</STRONG> (ARM, 0 bytes, Stack size 0 bytes, UNDEFINED)
<BR><BR>[Called By]<UL><LI><a href="#[3a]">&gt;&gt;</a>&nbsp;&nbsp;&nbsp;exit
</UL>
<HR></body></html>
