Component: ARM Compiler 5.06 update 4 (build 422) Tool: armlink [4d35d2]

==============================================================================

Section Cross References

    startup_cx32l003.o(STACK) refers (Special) to heapauxi.o(.text) for __use_two_region_memory
    startup_cx32l003.o(HEAP) refers (Special) to heapauxi.o(.text) for __use_two_region_memory
    startup_cx32l003.o(RESET) refers (Special) to heapauxi.o(.text) for __use_two_region_memory
    startup_cx32l003.o(RESET) refers to startup_cx32l003.o(STACK) for __initial_sp
    startup_cx32l003.o(RESET) refers to startup_cx32l003.o(.text) for Reset_Handler
    startup_cx32l003.o(RESET) refers to cx32l003_it.o(.text) for NMI_Handler
    startup_cx32l003.o(RESET) refers to user_exti.o(.text) for GPIOA_IRQHandler
    startup_cx32l003.o(RESET) refers to user_basetime.o(.text) for TIMER10_IRQHandler
    startup_cx32l003.o(RESET) refers to user_lptimer.o(.text) for LPTIMER_IRQHandler
    startup_cx32l003.o(RESET) refers to user_advtime.o(.text) for ADVTIM_IRQHandler
    startup_cx32l003.o(RESET) refers to user_awk.o(.text) for AWK_IRQHandler
    startup_cx32l003.o(RESET) refers to user_rtc.o(.text) for RTC_MATCH0_IRQHandler
    startup_cx32l003.o(.text) refers (Special) to heapauxi.o(.text) for __use_two_region_memory
    startup_cx32l003.o(.text) refers to __main.o(!!!main) for __main
    startup_cx32l003.o(.text) refers to startup_cx32l003.o(HEAP) for Heap_Mem
    startup_cx32l003.o(.text) refers to startup_cx32l003.o(STACK) for Stack_Mem
    cx32l003_adc.o(.text) refers to cx32l003_rcc.o(.text) for RCC_PeriphResetCmd
    cx32l003_beeper.o(.text) refers to cx32l003_rcc.o(.text) for RCC_PeriphResetCmd
    cx32l003_crc.o(.text) refers to cx32l003_rcc.o(.text) for RCC_PeriphResetCmd
    cx32l003_gpio.o(.text) refers to cx32l003_rcc.o(.text) for RCC_PeriphResetCmd
    cx32l003_i2c.o(.text) refers to cx32l003_rcc.o(.text) for RCC_PeriphResetCmd
    cx32l003_i2c.o(.text) refers to dflti.o(.text) for __aeabi_ui2d
    cx32l003_i2c.o(.text) refers to ddiv.o(.text) for __aeabi_ddiv
    cx32l003_i2c.o(.text) refers to daddsub.o(.text) for __aeabi_dadd
    cx32l003_i2c.o(.text) refers to dfixui.o(.text) for __aeabi_d2uiz
    cx32l003_lpuart.o(.text) refers to cx32l003_rcc.o(.text) for RCC_PeriphResetCmd
    cx32l003_lpuart.o(.text) refers to dflti.o(.text) for __aeabi_ui2d
    cx32l003_lpuart.o(.text) refers to dmul.o(.text) for __aeabi_dmul
    cx32l003_lpuart.o(.text) refers to ddiv.o(.text) for __aeabi_ddiv
    cx32l003_lpuart.o(.text) refers to daddsub.o(.text) for __aeabi_dadd
    cx32l003_lpuart.o(.text) refers to d2f.o(.text) for __aeabi_d2f
    cx32l003_lpuart.o(.text) refers to ffixi.o(.text) for __aeabi_f2iz
    cx32l003_owire.o(.text) refers to aeabi_sdiv.o(.text) for __aeabi_uidivmod
    cx32l003_owire.o(.text) refers to dflti.o(.text) for __aeabi_ui2d
    cx32l003_owire.o(.text) refers to dmul.o(.text) for __aeabi_dmul
    cx32l003_owire.o(.text) refers to daddsub.o(.text) for __aeabi_dadd
    cx32l003_owire.o(.text) refers to dfixui.o(.text) for __aeabi_d2uiz
    cx32l003_spi.o(.text) refers to cx32l003_rcc.o(.text) for RCC_PeriphResetCmd
    cx32l003_syscon.o(.text) refers to cx32l003_rcc.o(.text) for RCC_PeriphResetCmd
    cx32l003_timer.o(.text) refers to cx32l003_rcc.o(.text) for RCC_PeriphResetCmd
    cx32l003_uart.o(.text) refers to cx32l003_rcc.o(.text) for RCC_PeriphResetCmd
    cx32l003_uart.o(.text) refers to dflti.o(.text) for __aeabi_ui2d
    cx32l003_uart.o(.text) refers to dmul.o(.text) for __aeabi_dmul
    cx32l003_uart.o(.text) refers to ddiv.o(.text) for __aeabi_ddiv
    cx32l003_uart.o(.text) refers to daddsub.o(.text) for __aeabi_dadd
    cx32l003_uart.o(.text) refers to d2f.o(.text) for __aeabi_d2f
    cx32l003_uart.o(.text) refers to ffixi.o(.text) for __aeabi_f2iz
    cx32l003_wwdt.o(.text) refers to cx32l003_rcc.o(.text) for RCC_PeriphResetCmd
    user_advtime.o(.text) refers to misc.o(.text) for NVIC_PriorityGroupConfig
    user_advtime.o(.text) refers to cx32l003_advtim.o(.text) for ADVTIM_TimeBaseInit
    user_advtime.o(.text) refers to aeabi_sdiv.o(.text) for __aeabi_uidivmod
    user_advtime.o(.text) refers to fflti.o(.text) for __aeabi_ui2f
    user_advtime.o(.text) refers to fmul.o(x$fpl$fmul) for __aeabi_fmul
    user_advtime.o(.text) refers to ffixui.o(.text) for __aeabi_f2uiz
    user_advtime.o(.text) refers to system_cx32l003.o(.data) for SystemCoreClock
    user_advtime.o(.text) refers to user_menu.o(.bss) for userPwmParaStruct
    user_advtime.o(.text) refers to cx32l003_gpio.o(.text) for GPIO_PinAFConfig
    user_advtime.o(.text) refers to user_advtime.o(.data) for ucIntCC1Flag
    user_basetime.o(.text) refers to misc.o(.text) for NVIC_PriorityGroupConfig
    user_basetime.o(.text) refers to cx32l003_timer.o(.text) for TIM_TimeBaseInit
    user_basetime.o(.text) refers to user_basetime.o(.data) for vBasicTimer1ms
[...]
    FWLB\\src\\cx32l003_rtc.c                0x00000000   Number         0  cx32l003_rtc.o ABSOLUTE
    FWLB\\src\\cx32l003_spi.c                0x00000000   Number         0  cx32l003_spi.o ABSOLUTE
    FWLB\\src\\cx32l003_syscon.c             0x00000000   Number         0  cx32l003_syscon.o ABSOLUTE
    FWLB\\src\\cx32l003_timer.c              0x00000000   Number         0  cx32l003_timer.o ABSOLUTE
    FWLB\\src\\cx32l003_uart.c               0x00000000   Number         0  cx32l003_uart.o ABSOLUTE
    FWLB\\src\\cx32l003_vc.c                 0x00000000   Number         0  cx32l003_vc.o ABSOLUTE
    FWLB\\src\\cx32l003_wwdt.c               0x00000000   Number         0  cx32l003_wwdt.o ABSOLUTE
    FWLB\\src\\misc.c                        0x00000000   Number         0  misc.o ABSOLUTE
    FWLB\src\cx32l003_adc.c                  0x00000000   Number         0  cx32l003_adc.o ABSOLUTE
    FWLB\src\cx32l003_advtim.c               0x00000000   Number         0  cx32l003_advtim.o ABSOLUTE
    FWLB\src\cx32l003_awk.c                  0x00000000   Number         0  cx32l003_awk.o ABSOLUTE
    FWLB\src\cx32l003_beeper.c               0x00000000   Number         0  cx32l003_beeper.o ABSOLUTE
    FWLB\src\cx32l003_clktrim.c              0x00000000   Number         0  cx32l003_clktrim.o ABSOLUTE
    FWLB\src\cx32l003_crc.c                  0x00000000   Number         0  cx32l003_crc.o ABSOLUTE
    FWLB\src\cx32l003_debug.c                0x00000000   Number         0  cx32l003_debug.o ABSOLUTE
    FWLB\src\cx32l003_exti.c                 0x00000000   Number         0  cx32l003_exti.o ABSOLUTE
    FWLB\src\cx32l003_flash.c                0x00000000   Number         0  cx32l003_flash.o ABSOLUTE
    FWLB\src\cx32l003_gpio.c                 0x00000000   Number         0  cx32l003_gpio.o ABSOLUTE
    FWLB\src\cx32l003_i2c.c                  0x00000000   Number         0  cx32l003_i2c.o ABSOLUTE
    FWLB\src\cx32l003_it.c                   0x00000000   Number         0  cx32l003_it.o ABSOLUTE
    FWLB\src\cx32l003_iwdt.c                 0x00000000   Number         0  cx32l003_iwdt.o ABSOLUTE
    FWLB\src\cx32l003_lptimer.c              0x00000000   Number         0  cx32l003_lptimer.o ABSOLUTE
    FWLB\src\cx32l003_lpuart.c               0x00000000   Number         0  cx32l003_lpuart.o ABSOLUTE
    FWLB\src\cx32l003_lvd.c                  0x00000000   Number         0  cx32l003_lvd.o ABSOLUTE
    FWLB\src\cx32l003_owire.c                0x00000000   Number         0  cx32l003_owire.o ABSOLUTE
    FWLB\src\cx32l003_pca.c                  0x00000000   Number         0  cx32l003_pca.o ABSOLUTE
    FWLB\src\cx32l003_rcc.c                  0x00000000   Number         0  cx32l003_rcc.o ABSOLUTE
    FWLB\src\cx32l003_rtc.c                  0x00000000   Number         0  cx32l003_rtc.o ABSOLUTE
    FWLB\src\cx32l003_spi.c                  0x00000000   Number         0  cx32l003_spi.o ABSOLUTE
    FWLB\src\cx32l003_syscon.c               0x00000000   Number         0  cx32l003_syscon.o ABSOLUTE
    FWLB\src\cx32l003_timer.c                0x00000000   Number         0  cx32l003_timer.o ABSOLUTE
    FWLB\src\cx32l003_uart.c                 0x00000000   Number         0  cx32l003_uart.o ABSOLUTE
    FWLB\src\cx32l003_vc.c                   0x00000000   Number         0  cx32l003_vc.o ABSOLUTE
    FWLB\src\cx32l003_wwdt.c                 0x00000000   Number         0  cx32l003_wwdt.o ABSOLUTE
    FWLB\src\misc.c                          0x00000000   Number         0  misc.o ABSOLUTE
    USER\\src\\main.c                        0x00000000   Number         0  main.o ABSOLUTE
    USER\\src\\user_SysClock.c               0x00000000   Number         0  user_sysclock.o ABSOLUTE
    USER\\src\\user_adc.c                    0x00000000   Number         0  user_adc.o ABSOLUTE
    USER\\src\\user_advtime.c                0x00000000   Number         0  user_advtime.o ABSOLUTE
    USER\\src\\user_awk.c                    0x00000000   Number         0  user_awk.o ABSOLUTE
    USER\\src\\user_basetime.c               0x00000000   Number         0  user_basetime.o ABSOLUTE
    USER\\src\\user_exti.c                   0x00000000   Number         0  user_exti.o ABSOLUTE
    USER\\src\\user_internalFlash.c          0x00000000   Number         0  user_internalflash.o ABSOLUTE
    USER\\src\\user_key.c                    0x00000000   Number         0  user_key.o ABSOLUTE
    USER\\src\\user_led.c                    0x00000000   Number         0  user_led.o ABSOLUTE
    USER\\src\\user_lptimer.c                0x00000000   Number         0  user_lptimer.o ABSOLUTE
    USER\\src\\user_menu.c                   0x00000000   Number         0  user_menu.o ABSOLUTE
    USER\\src\\user_rtc.c                    0x00000000   Number         0  user_rtc.o ABSOLUTE
    USER\src\main.c                          0x00000000   Number         0  main.o ABSOLUTE
    USER\src\user_SysClock.c                 0x00000000   Number         0  user_sysclock.o ABSOLUTE
    USER\src\user_adc.c                      0x00000000   Number         0  user_adc.o ABSOLUTE
    USER\src\user_advtime.c                  0x00000000   Number         0  user_advtime.o ABSOLUTE
    USER\src\user_awk.c                      0x00000000   Number         0  user_awk.o ABSOLUTE
    USER\src\user_basetime.c                 0x00000000   Number         0  user_basetime.o ABSOLUTE
    USER\src\user_exti.c                     0x00000000   Number         0  user_exti.o ABSOLUTE
    USER\src\user_internalFlash.c            0x00000000   Number         0  user_internalflash.o ABSOLUTE
    USER\src\user_key.c                      0x00000000   Number         0  user_key.o ABSOLUTE
    USER\src\user_led.c                      0x00000000   Number         0  user_led.o ABSOLUTE
    USER\src\user_lptimer.c                  0x00000000   Number         0  user_lptimer.o ABSOLUTE
    USER\src\user_menu.c                     0x00000000   Number         0  user_menu.o ABSOLUTE
    USER\src\user_rtc.c                      0x00000000   Number         0  user_rtc.o ABSOLUTE
    dc.s                                     0x00000000   Number         0  dc.o ABSOLUTE
    !!!main                                  0x000000c0   Section        8  __main.o(!!!main)
    !!!scatter                               0x000000c8   Section       60  __scatter.o(!!!scatter)
    !!handler_copy                           0x00000104   Section       26  __scatter_copy.o(!!handler_copy)
    !!handler_zi                             0x00000120   Section       28  __scatter_zi.o(!!handler_zi)
    .ARM.Collect$$libinit$$00000000          0x0000013c   Section        2  libinit.o(.ARM.Collect$$libinit$$00000000)
    .ARM.Collect$$libinit$$00000002          0x0000013e   Section        0  libinit2.o(.ARM.Collect$$libinit$$00000002)
    .ARM.Collect$$libinit$$00000004          0x0000013e   Section        0  libinit2.o(.ARM.Collect$$libinit$$00000004)
    .ARM.Collect$$libinit$$0000000A          0x0000013e   Section        0  libinit2.o(.ARM.Collect$$libinit$$0000000A)
    .ARM.Collect$$libinit$$0000000C          0x0000013e   Section        0  libinit2.o(.ARM.Collect$$libinit$$0000000C)
    .ARM.Collect$$libinit$$0000000E          0x0000013e   Section        0  libinit2.o(.ARM.Collect$$libinit$$0000000E)
    .ARM.Collect$$libinit$$00000011          0x0000013e   Section        0  libinit2.o(.ARM.Collect$$libinit$$00000011)
    .ARM.Collect$$libinit$$00000013          0x0000013e   Section        0  libinit2.o(.ARM.Collect$$libinit$$00000013)
    .ARM.Collect$$libinit$$00000015          0x0000013e   Section        0  libinit2.o(.ARM.Collect$$libinit$$00000015)
    .ARM.Collect$$libinit$$00000017          0x0000013e   Section        0  libinit2.o(.ARM.Collect$$libinit$$00000017)
    .ARM.Collect$$libinit$$00000019          0x0000013e   Section        0  libinit2.o(.ARM.Collect$$libinit$$00000019)
    .ARM.Collect$$libinit$$0000001B          0x0000013e   Section        0  libinit2.o(.ARM.Collect$$libinit$$0000001B)
    .ARM.Collect$$libinit$$0000001D          0x0000013e   Section        0  libinit2.o(.ARM.Collect$$libinit$$0000001D)
    .ARM.Collect$$libinit$$0000001F          0x0000013e   Section        0  libinit2.o(.ARM.Collect$$libinit$$0000001F)
    .ARM.Collect$$libinit$$00000021          0x0000013e   Section        0  libinit2.o(.ARM.Collect$$libinit$$00000021)
    .ARM.Collect$$libinit$$00000023          0x0000013e   Section        0  libinit2.o(.ARM.Collect$$libinit$$00000023)
    .ARM.Collect$$libinit$$00000025          0x0000013e   Section        0  libinit2.o(.ARM.Collect$$libinit$$00000025)
    .ARM.Collect$$libinit$$0000002C          0x0000013e   Section        0  libinit2.o(.ARM.Collect$$libinit$$0000002C)
    .ARM.Collect$$libinit$$0000002E          0x0000013e   Section        0  libinit2.o(.ARM.Collect$$libinit$$0000002E)
    .ARM.Collect$$libinit$$00000030          0x0000013e   Section        0  libinit2.o(.ARM.Collect$$libinit$$00000030)
    .ARM.Collect$$libinit$$00000032          0x0000013e   Section        0  libinit2.o(.ARM.Collect$$libinit$$00000032)
    .ARM.Collect$$libinit$$00000033          0x0000013e   Section        2  libinit2.o(.ARM.Collect$$libinit$$00000033)
    .ARM.Collect$$libshutdown$$00000000      0x00000140   Section        2  libshutdown.o(.ARM.Collect$$libshutdown$$00000000)
    .ARM.Collect$$libshutdown$$00000002      0x00000142   Section        0  libshutdown2.o(.ARM.Collect$$libshutdown$$00000002)
    .ARM.Collect$$libshutdown$$00000004      0x00000142   Section        0  libshutdown2.o(.ARM.Collect$$libshutdown$$00000004)
    .ARM.Collect$$libshutdown$$00000007      0x00000142   Section        0  libshutdown2.o(.ARM.Collect$$libshutdown$$00000007)
    .ARM.Collect$$libshutdown$$0000000A      0x00000142   Section        0  libshutdown2.o(.ARM.Collect$$libshutdown$$0000000A)
    .ARM.Collect$$libshutdown$$0000000C      0x00000142   Section        0  libshutdown2.o(.ARM.Collect$$libshutdown$$0000000C)
    .ARM.Collect$$libshutdown$$0000000F      0x00000142   Section        0  libshutdown2.o(.ARM.Collect$$libshutdown$$0000000F)
    .ARM.Collect$$libshutdown$$00000010      0x00000142   Section        2  libshutdown2.o(.ARM.Collect$$libshutdown$$00000010)
    .ARM.Collect$$rtentry$$00000000          0x00000144   Section        0  __rtentry.o(.ARM.Collect$$rtentry$$00000000)
    .ARM.Collect$$rtentry$$00000002          0x00000144   Section        0  __rtentry2.o(.ARM.Collect$$rtentry$$00000002)
    .ARM.Collect$$rtentry$$00000004          0x00000144   Section        6  __rtentry4.o(.ARM.Collect$$rtentry$$00000004)
    .ARM.Collect$$rtentry$$00000009          0x0000014a   Section        0  __rtentry2.o(.ARM.Collect$$rtentry$$00000009)
    .ARM.Collect$$rtentry$$0000000A          0x0000014a   Section        4  __rtentry2.o(.ARM.Collect$$rtentry$$0000000A)
    .ARM.Collect$$rtentry$$0000000C          0x0000014e   Section        0  __rtentry2.o(.ARM.Collect$$rtentry$$0000000C)
    .ARM.Collect$$rtentry$$0000000D          0x0000014e   Section        8  __rtentry2.o(.ARM.Collect$$rtentry$$0000000D)
    .ARM.Collect$$rtexit$$00000000           0x00000156   Section        2  rtexit.o(.ARM.Collect$$rtexit$$00000000)
    .ARM.Collect$$rtexit$$00000002           0x00000158   Section        0  rtexit2.o(.ARM.Collect$$rtexit$$00000002)
    .ARM.Collect$$rtexit$$00000003           0x00000158   Section        4  rtexit2.o(.ARM.Collect$$rtexit$$00000003)
    .ARM.Collect$$rtexit$$00000004           0x0000015c   Section        6  rtexit2.o(.ARM.Collect$$rtexit$$00000004)
    .text                                    0x00000164   Section       48  startup_cx32l003.o(.text)
    .text                                    0x00000194   Section        0  cx32l003_adc.o(.text)
    .text                                    0x0000041c   Section        0  cx32l003_advtim.o(.text)
    TI4_Config                               0x00000671   Thumb Code    96  cx32l003_advtim.o(.text)
    TI3_Config                               0x000006e3   Thumb Code    96  cx32l003_advtim.o(.text)
    TI2_Config                               0x00000757   Thumb Code    98  cx32l003_advtim.o(.text)
    TI1_Config                               0x000007cb   Thumb Code   142  cx32l003_advtim.o(.text)
    .text                                    0x00000fec   Section        0  cx32l003_awk.o(.text)
    .text                                    0x0000103c   Section        0  cx32l003_exti.o(.text)
    .text                                    0x00001094   Section        0  cx32l003_gpio.o(.text)
    .text                                    0x00001328   Section        0  cx32l003_it.o(.text)
    .text                                    0x00001344   Section        0  cx32l003_lptimer.o(.text)
    .text                                    0x00001458   Section        0  cx32l003_rcc.o(.text)
    .text                                    0x0000184c   Section        0  cx32l003_rtc.o(.text)
    RTC_ByteToBcd2                           0x0000184d   Thumb Code    28  cx32l003_rtc.o(.text)
    RTC_Bcd2ToByte                           0x00001869   Thumb Code    26  cx32l003_rtc.o(.text)
    .text                                    0x00002148   Section        0  cx32l003_syscon.o(.text)
    .text                                    0x000022e8   Section        0  cx32l003_timer.o(.text)
    .text                                    0x0000243c   Section        0  misc.o(.text)
    .text                                    0x00002508   Section        0  user_advtime.o(.text)
    DELAYCELL                                0x00002509   Thumb Code    22  user_advtime.o(.text)
    ADVTIM1_Reset                            0x0000251f   Thumb Code    26  user_advtime.o(.text)
    ADVTIM1_ReleaseReset                     0x00002539   Thumb Code    26  user_advtime.o(.text)
    GPIO_Reset                               0x00002553   Thumb Code    28  user_advtime.o(.text)
    GPIO_ReleaseReset                        0x0000256f   Thumb Code    28  user_advtime.o(.text)
    ADVTIM2_Reset                            0x0000258b   Thumb Code    26  user_advtime.o(.text)
    ADVTIM2_ReleaseReset                     0x000025a5   Thumb Code    26  user_advtime.o(.text)
    DeepSleep                                0x000025bf   Thumb Code    90  user_advtime.o(.text)
    ADVANCE_TIM_NVIC_Config                  0x00002619   Thumb Code    34  user_advtime.o(.text)
    NVIC_EnableIRQ                           0x00003367   Thumb Code    18  user_advtime.o(.text)
    .text                                    0x000033c4   Section        0  user_basetime.o(.text)
    TIM_NVIC_Config                          0x000033c5   Thumb Code    34  user_basetime.o(.text)
    .text                                    0x00003468   Section        0  user_exti.o(.text)
    GPIOA_NVIC_Configuration                 0x00003469   Thumb Code    28  user_exti.o(.text)
    GPIOB_NVIC_Configuration                 0x00003485   Thumb Code    26  user_exti.o(.text)
    GPIOC_NVIC_Configuration                 0x0000349f   Thumb Code    28  user_exti.o(.text)
    GPIOD_NVIC_Configuration                 0x000034bb   Thumb Code    28  user_exti.o(.text)
    GPIO_IRQHandler                          0x000034fb   Thumb Code   304  user_exti.o(.text)
    .text                                    0x000036f4   Section        0  user_internalflash.o(.text)
    .text                                    0x00003708   Section        0  user_led.o(.text)
    .text                                    0x00003750   Section        0  user_lptimer.o(.text)
    NVIC_Configuration                       0x0000379d   Thumb Code    30  user_lptimer.o(.text)
    .text                                    0x00003950   Section        0  user_rtc.o(.text)
    .text                                    0x00003af0   Section        0  user_sysclock.o(.text)
    .text                                    0x00003c1c   Section        0  main.o(.text)
    .text                                    0x00003d60   Section        0  user_key.o(.text)
    .text                                    0x00003f10   Section        0  user_menu.o(.text)
    .text                                    0x000040f8   Section        0  user_adc.o(.text)
    .text                                    0x00004338   Section        0  user_awk.o(.text)
    IWDG_NVIC_Config                         0x00004339   Thumb Code    32  user_awk.o(.text)
    .text                                    0x000043b4   Section      346  aeabi_sdiv.o(.text)
    .text                                    0x0000450e   Section        0  heapauxi.o(.text)
    .text                                    0x00004514   Section        0  d2f.o(.text)
    .text                                    0x00004590   Section        0  daddsub.o(.text)
    _dadd1                                   0x00004591   Thumb Code   290  daddsub.o(.text)
    _dsub1                                   0x000046b3   Thumb Code   470  daddsub.o(.text)
    .text                                    0x000048e8   Section        0  ddiv.o(.text)
    .text                                    0x00004d30   Section        0  dflti.o(.text)
    .text                                    0x00004d88   Section        0  dmul.o(.text)
    .text                                    0x00004fd0   Section        0  f2d.o(.text)
    .text                                    0x00005024   Section        0  ffixui.o(.text)
    .text                                    0x00005054   Section        0  fflti.o(.text)
    .text                                    0x000050b4   Section        0  fcmpin.o(.text)
    .text                                    0x00005118   Section        0  cmpret.o(.text)
    .text                                    0x00005148   Section        0  fnan2.o(.text)
    .text                                    0x00005158   Section       62  sys_stackheap_outer.o(.text)
    .text                                    0x00005196   Section        0  exit.o(.text)
    .text                                    0x000051a6   Section        0  retnan.o(.text)
    .text                                    0x00005204   Section        8  libspace.o(.text)
    .text                                    0x0000520c   Section        0  sys_exit.o(.text)
    .text                                    0x00005218   Section        2  use_no_semi.o(.text)
    .text                                    0x0000521a   Section        0  indicate_semi.o(.text)
    i.__ARM_common_switch8                   0x0000521a   Section        0  user_sysclock.o(i.__ARM_common_switch8)
    x$fpl$fmul                               0x00005238   Section      176  fmul.o(x$fpl$fmul)
    x$fpl$frleqf                             0x000052e8   Section       88  frlef.o(x$fpl$frleqf)
    .constdata                               0x00005340   Section      128  ddiv.o(.constdata)
    x$fpl$usenofp                            0x00005340   Section        0  usenofp.o(x$fpl$usenofp)
    ddiv_reciptbl                            0x00005340   Data         128  ddiv.o(.constdata)
    .data                                    0x20000000   Section       20  system_cx32l003.o(.data)
    .data                                    0x20000014   Section       48  user_advtime.o(.data)
    .data                                    0x20000044   Section        6  user_basetime.o(.data)
    .data                                    0x2000004a   Section        6  user_exti.o(.data)
    .data                                    0x20000050   Section       12  user_lptimer.o(.data)
    .data                                    0x2000005c   Section        1  user_rtc.o(.data)
    .data                                    0x20000060   Section        8  main.o(.data)
    .data                                    0x20000068   Section        5  user_key.o(.data)
    .data                                    0x2000006e   Section        8  user_menu.o(.data)
    .data                                    0x20000078   Section        4  user_awk.o(.data)
    .bss                                     0x2000007c   Section       42  user_menu.o(.bss)
    .bss                                     0x200000a8   Section       96  libspace.o(.bss)
    HEAP                                     0x20000108   Section     1024  startup_cx32l003.o(HEAP)
    Heap_Mem                                 0x20000108   Data        1024  startup_cx32l003.o(HEAP)
    STACK                                    0x20000508   Section     1024  startup_cx32l003.o(STACK)
    Stack_Mem                                0x20000508   Data        1024  startup_cx32l003.o(STACK)
    __initial_sp                             0x20000908   Data           0  startup_cx32l003.o(STACK)

    Global Symbols

    Symbol Name                              Value     Ov Type        Size  Object(Section)

    BuildAttributes$$THM_ISAv3M$S$PE$A:L22$X:L11$S22$IEEE1$IW$USESV6$~STKCKD$USESV7$~SHL$OSPACE$ROPI$EBA8$UX$STANDARDLIB$REQ8$PRES8$EABIv2 0x00000000   Number         0  anon$$obj.o ABSOLUTE
    __ARM_use_no_argv                        0x00000000   Number         0  main.o ABSOLUTE
    __Vectors                                0x00000000   Data           4  startup_cx32l003.o(RESET)
    __ARM_exceptions_init                     - Undefined Weak Reference
    __alloca_initialize                       - Undefined Weak Reference
    __arm_preinit_                            - Undefined Weak Reference
    __cpp_initialize__aeabi_                  - Undefined Weak Reference
    __cxa_finalize                            - Undefined Weak Reference
    __rt_locale                               - Undefined Weak Reference
    __sigvec_lookup                           - Undefined Weak Reference
    _atexit_init                              - Undefined Weak Reference
    _call_atexit_fns                          - Undefined Weak Reference
    _clock_init                               - Undefined Weak Reference
    _fp_trap_init                             - Undefined Weak Reference
    _fp_trap_shutdown                         - Undefined Weak Reference
    _get_lc_collate                           - Undefined Weak Reference
    _get_lc_ctype                             - Undefined Weak Reference
    _get_lc_monetary                          - Undefined Weak Reference
    _get_lc_numeric                           - Undefined Weak Reference
    _get_lc_time                              - Undefined Weak Reference
    _getenv_init                              - Undefined Weak Reference
    _handle_redirection                       - Undefined Weak Reference
    _init_alloc                               - Undefined Weak Reference
    _init_user_alloc                          - Undefined Weak Reference
    _initio                                   - Undefined Weak Reference
    _rand_init                                - Undefined Weak Reference
    _signal_finish                            - Undefined Weak Reference
    _signal_init                              - Undefined Weak Reference
    _terminate_alloc                          - Undefined Weak Reference
    _terminate_user_alloc                     - Undefined Weak Reference
    _terminateio                              - Undefined Weak Reference
    __Vectors_End                            0x000000c0   Data           0  startup_cx32l003.o(RESET)
    __Vectors_Size                           0x000000c0   Number         0  startup_cx32l003.o ABSOLUTE
    __main                                   0x000000c1   Thumb Code     8  __main.o(!!!main)
    __scatterload                            0x000000c9   Thumb Code     0  __scatter.o(!!!scatter)
    __scatterload_rt2                        0x000000c9   Thumb Code    52  __scatter.o(!!!scatter)
    __scatterload_rt2_thumb_only             0x000000c9   Thumb Code     0  __scatter.o(!!!scatter)
    __scatterload_null                       0x000000d9   Thumb Code     0  __scatter.o(!!!scatter)
    __scatterload_copy                       0x00000105   Thumb Code    26  __scatter_copy.o(!!handler_copy)
    __scatterload_zeroinit                   0x00000121   Thumb Code    28  __scatter_zi.o(!!handler_zi)
    __rt_lib_init                            0x0000013d   Thumb Code     0  libinit.o(.ARM.Collect$$libinit$$00000000)
    __rt_lib_init_alloca_1                   0x0000013f   Thumb Code     0  libinit2.o(.ARM.Collect$$libinit$$0000002E)
    __rt_lib_init_argv_1                     0x0000013f   Thumb Code     0  libinit2.o(.ARM.Collect$$libinit$$0000002C)
    __rt_lib_init_atexit_1                   0x0000013f   Thumb Code     0  libinit2.o(.ARM.Collect$$libinit$$0000001B)
    __rt_lib_init_clock_1                    0x0000013f   Thumb Code     0  libinit2.o(.ARM.Collect$$libinit$$00000021)
    __rt_lib_init_cpp_1                      0x0000013f   Thumb Code     0  libinit2.o(.ARM.Collect$$libinit$$00000032)
    __rt_lib_init_exceptions_1               0x0000013f   Thumb Code     0  libinit2.o(.ARM.Collect$$libinit$$00000030)
    __rt_lib_init_fp_1                       0x0000013f   Thumb Code     0  libinit2.o(.ARM.Collect$$libinit$$00000002)
    __rt_lib_init_fp_trap_1                  0x0000013f   Thumb Code     0  libinit2.o(.ARM.Collect$$libinit$$0000001F)
    __rt_lib_init_getenv_1                   0x0000013f   Thumb Code     0  libinit2.o(.ARM.Collect$$libinit$$00000023)
    __rt_lib_init_heap_1                     0x0000013f   Thumb Code     0  libinit2.o(.ARM.Collect$$libinit$$0000000A)
    __rt_lib_init_lc_collate_1               0x0000013f   Thumb Code     0  libinit2.o(.ARM.Collect$$libinit$$00000011)
    __rt_lib_init_lc_ctype_1                 0x0000013f   Thumb Code     0  libinit2.o(.ARM.Collect$$libinit$$00000013)
    __rt_lib_init_lc_monetary_1              0x0000013f   Thumb Code     0  libinit2.o(.ARM.Collect$$libinit$$00000015)
    __rt_lib_init_lc_numeric_1               0x0000013f   Thumb Code     0  libinit2.o(.ARM.Collect$$libinit$$00000017)
    __rt_lib_init_lc_time_1                  0x0000013f   Thumb Code     0  libinit2.o(.ARM.Collect$$libinit$$00000019)
    __rt_lib_init_preinit_1                  0x0000013f   Thumb Code     0  libinit2.o(.ARM.Collect$$libinit$$00000004)
    __rt_lib_init_rand_1                     0x0000013f   Thumb Code     0  libinit2.o(.ARM.Collect$$libinit$$0000000E)
    __rt_lib_init_return                     0x0000013f   Thumb Code     0  libinit2.o(.ARM.Collect$$libinit$$00000033)
    __rt_lib_init_signal_1                   0x0000013f   Thumb Code     0  libinit2.o(.ARM.Collect$$libinit$$0000001D)
    __rt_lib_init_stdio_1                    0x0000013f   Thumb Code     0  libinit2.o(.ARM.Collect$$libinit$$00000025)
    __rt_lib_init_user_alloc_1               0x0000013f   Thumb Code     0  libinit2.o(.ARM.Collect$$libinit$$0000000C)
    __rt_lib_shutdown                        0x00000141   Thumb Code     0  libshutdown.o(.ARM.Collect$$libshutdown$$00000000)
    __rt_lib_shutdown_cpp_1                  0x00000143   Thumb Code     0  libshutdown2.o(.ARM.Collect$$libshutdown$$00000002)
    __rt_lib_shutdown_fp_trap_1              0x00000143   Thumb Code     0  libshutdown2.o(.ARM.Collect$$libshutdown$$00000007)
    __rt_lib_shutdown_heap_1                 0x00000143   Thumb Code     0  libshutdown2.o(.ARM.Collect$$libshutdown$$0000000F)
    __rt_lib_shutdown_return                 0x00000143   Thumb Code     0  libshutdown2.o(.ARM.Collect$$libshutdown$$00000010)
    __rt_lib_shutdown_signal_1               0x00000143   Thumb Code     0  libshutdown2.o(.ARM.Collect$$libshutdown$$0000000A)
    __rt_lib_shutdown_stdio_1                0x00000143   Thumb Code     0  libshutdown2.o(.ARM.Collect$$libshutdown$$00000004)
    __rt_lib_shutdown_user_alloc_1           0x00000143   Thumb Code     0  libshutdown2.o(.ARM.Collect$$libshutdown$$0000000C)
    __rt_entry                               0x00000145   Thumb Code     0  __rtentry.o(.ARM.Collect$$rtentry$$00000000)
    __rt_entry_presh_1                       0x00000145   Thumb Code     0  __rtentry2.o(.ARM.Collect$$rtentry$$00000002)
    __rt_entry_sh                            0x00000145   Thumb Code     0  __rtentry4.o(.ARM.Collect$$rtentry$$00000004)
    __rt_entry_li                            0x0000014b   Thumb Code     0  __rtentry2.o(.ARM.Collect$$rtentry$$0000000A)
    __rt_entry_postsh_1                      0x0000014b   Thumb Code     0  __rtentry2.o(.ARM.Collect$$rtentry$$00000009)
    __rt_entry_main                          0x0000014f   Thumb Code     0  __rtentry2.o(.ARM.Collect$$rtentry$$0000000D)
    __rt_entry_postli_1                      0x0000014f   Thumb Code     0  __rtentry2.o(.ARM.Collect$$rtentry$$0000000C)
    __rt_exit                                0x00000157   Thumb Code     0  rtexit.o(.ARM.Collect$$rtexit$$00000000)
    __rt_exit_ls                             0x00000159   Thumb Code     0  rtexit2.o(.ARM.Collect$$rtexit$$00000003)
    __rt_exit_prels_1                        0x00000159   Thumb Code     0  rtexit2.o(.ARM.Collect$$rtexit$$00000002)
    __rt_exit_exit                           0x0000015d   Thumb Code     0  rtexit2.o(.ARM.Collect$$rtexit$$00000004)
    Reset_Handler                            0x00000165   Thumb Code     4  startup_cx32l003.o(.text)
    ADC0_IRQHandler                          0x00000173   Thumb Code     0  startup_cx32l003.o(.text)
    CLKTRIM_IRQHandler                       0x00000173   Thumb Code     0  startup_cx32l003.o(.text)
    I2C0_IRQHandler                          0x00000173   Thumb Code     0  startup_cx32l003.o(.text)
    I2C_DUMMY_IRQHandler                     0x00000173   Thumb Code     0  startup_cx32l003.o(.text)
    IWDT_IRQHandler                          0x00000173   Thumb Code     0  startup_cx32l003.o(.text)
    LPUART_IRQHandler                        0x00000173   Thumb Code     0  startup_cx32l003.o(.text)
    LVD_IRQHandler                           0x00000173   Thumb Code     0  startup_cx32l003.o(.text)
    ONEWIRE_IRQHandler                       0x00000173   Thumb Code     0  startup_cx32l003.o(.text)
    PCA_IRQHandler                           0x00000173   Thumb Code     0  startup_cx32l003.o(.text)
    PWM_IRQHandler                           0x00000173   Thumb Code     0  startup_cx32l003.o(.text)
    SPI0COMB_IRQHandler                      0x00000173   Thumb Code     0  startup_cx32l003.o(.text)
    SPI_DUMMYCOMB_IRQHandler                 0x00000173   Thumb Code     0  startup_cx32l003.o(.text)
    TIMER11_IRQHandler                       0x00000173   Thumb Code     0  startup_cx32l003.o(.text)
    UART0_IRQHandler                         0x00000173   Thumb Code     0  startup_cx32l003.o(.text)
    UART1_IRQHandler                         0x00000173   Thumb Code     0  startup_cx32l003.o(.text)
    VC_IRQHandler                            0x00000173   Thumb Code     0  startup_cx32l003.o(.text)
    WWDT_IRQHandler                          0x00000173   Thumb Code     0  startup_cx32l003.o(.text)
    __user_initial_stackheap                 0x00000175   Thumb Code    10  startup_cx32l003.o(.text)
    ADC_DeInit                               0x00000195   Thumb Code    26  cx32l003_adc.o(.text)
    ADC_Init                                 0x000001af   Thumb Code    32  cx32l003_adc.o(.text)
    ADC_StructInit                           0x000001cf   Thumb Code    10  cx32l003_adc.o(.text)
    ADC_CommonInit                           0x000001d9   Thumb Code    44  cx32l003_adc.o(.text)
    ADC_CommonStructInit                     0x00000205   Thumb Code    14  cx32l003_adc.o(.text)
    ADC_Cmd                                  0x00000213   Thumb Code    24  cx32l003_adc.o(.text)
    ADC_RegularChannelConfig                 0x0000022b   Thumb Code    52  cx32l003_adc.o(.text)
    ADC_SoftwareStartConv                    0x0000025f   Thumb Code    10  cx32l003_adc.o(.text)
    ADC_GetSoftwareStartConvStatus           0x00000269   Thumb Code    22  cx32l003_adc.o(.text)
    ADC_ContinuousModeCmd                    0x0000027f   Thumb Code    28  cx32l003_adc.o(.text)
    ADC_ContinuousConverChannelCmd           0x0000029b   Thumb Code    20  cx32l003_adc.o(.text)
    ADC_ContinuousConverRstCmd               0x000002af   Thumb Code    28  cx32l003_adc.o(.text)
    ADC_DisContinuousModeCmd                 0x000002cb   Thumb Code    28  cx32l003_adc.o(.text)
    ADC_GetConversionValue                   0x000002e7   Thumb Code     8  cx32l003_adc.o(.text)
    ADC_GetChannelConversionValue            0x000002ef   Thumb Code    98  cx32l003_adc.o(.text)
    ADC_SetCompareHtValue                    0x00000351   Thumb Code     6  cx32l003_adc.o(.text)
    ADC_SetCompareLtValue                    0x00000357   Thumb Code     6  cx32l003_adc.o(.text)
    ADC_CompareControl                       0x0000035d   Thumb Code    22  cx32l003_adc.o(.text)
    ADC_ExternalTrigInjectedConvConfig       0x00000373   Thumb Code    32  cx32l003_adc.o(.text)
    ADC_ITCmd                                0x00000393   Thumb Code    20  cx32l003_adc.o(.text)
    ADC_AccCmd                               0x000003a7   Thumb Code    28  cx32l003_adc.o(.text)
    ADC_AccResultClear                       0x000003c3   Thumb Code    28  cx32l003_adc.o(.text)
    ADC_GetAccResult                         0x000003df   Thumb Code     6  cx32l003_adc.o(.text)
    ADC_GetRISFlagStatus                     0x000003e5   Thumb Code    20  cx32l003_adc.o(.text)
    ADC_GetMISFlagStatus                     0x000003f9   Thumb Code    20  cx32l003_adc.o(.text)
    ADC_ClearFlag                            0x0000040d   Thumb Code     8  cx32l003_adc.o(.text)
    ADVTIM_DeInit                            0x0000041d   Thumb Code     2  cx32l003_advtim.o(.text)
    ADVTIM_TimeBaseInit                      0x0000041f   Thumb Code    78  cx32l003_advtim.o(.text)
    ADVTIM_OC1Init                           0x0000046d   Thumb Code   116  cx32l003_advtim.o(.text)
    ADVTIM_OC2Init                           0x000004e1   Thumb Code   144  cx32l003_advtim.o(.text)
    ADVTIM_OC3Init                           0x00000571   Thumb Code   136  cx32l003_advtim.o(.text)
    ADVTIM_OC4Init                           0x000005f9   Thumb Code   100  cx32l003_advtim.o(.text)
    ADVTIM_SetIC4Prescaler                   0x0000065d   Thumb Code    20  cx32l003_advtim.o(.text)
    ADVTIM_SetIC3Prescaler                   0x000006d1   Thumb Code    18  cx32l003_advtim.o(.text)
    ADVTIM_SetIC2Prescaler                   0x00000743   Thumb Code    20  cx32l003_advtim.o(.text)
    ADVTIM_SetIC1Prescaler                   0x000007b9   Thumb Code    18  cx32l003_advtim.o(.text)
    ADVTIM_ICInit                            0x00000859   Thumb Code   128  cx32l003_advtim.o(.text)
    ADVTIM_PWMIConfig                        0x000008d9   Thumb Code   124  cx32l003_advtim.o(.text)
    ADVTIM_BDTRConfig                        0x00000955   Thumb Code    30  cx32l003_advtim.o(.text)
    ADVTIM_TimeBaseStructInit                0x00000973   Thumb Code    18  cx32l003_advtim.o(.text)
    ADVTIM_OCStructInit                      0x00000985   Thumb Code    20  cx32l003_advtim.o(.text)
    ADVTIM_ICStructInit                      0x00000999   Thumb Code    18  cx32l003_advtim.o(.text)
    ADVTIM_BDTRStructInit                    0x000009ab   Thumb Code    18  cx32l003_advtim.o(.text)
    ADVTIM_Cmd                               0x000009bd   Thumb Code    26  cx32l003_advtim.o(.text)
    ADVTIM_CtrlPWMOutputs                    0x000009d7   Thumb Code    26  cx32l003_advtim.o(.text)
    ADVTIM_ITConfig                          0x000009f1   Thumb Code    26  cx32l003_advtim.o(.text)
    ADVTIM_GenerateEvent                     0x00000a0b   Thumb Code     4  cx32l003_advtim.o(.text)
    ADVTIM_DMAConfig                         0x00000a0f   Thumb Code     8  cx32l003_advtim.o(.text)
    ADVTIM_DMACmd                            0x00000a17   Thumb Code    26  cx32l003_advtim.o(.text)
    ADVTIM_InternalClockConfig               0x00000a31   Thumb Code    12  cx32l003_advtim.o(.text)
    ADVTIM_SelectInputTrigger                0x00000a3d   Thumb Code    24  cx32l003_advtim.o(.text)
    ADVTIM_ITRxExternalClockConfig           0x00000a55   Thumb Code    24  cx32l003_advtim.o(.text)
    ADVTIM_TIxExternalClockConfig            0x00000a6d   Thumb Code    58  cx32l003_advtim.o(.text)
    ADVTIM_ETRConfig                         0x00000aa7   Thumb Code    26  cx32l003_advtim.o(.text)
    ADVTIM_ETRClockMode1Config               0x00000ac1   Thumb Code    50  cx32l003_advtim.o(.text)
    ADVTIM_ETRClockMode2Config               0x00000af3   Thumb Code    34  cx32l003_advtim.o(.text)
    ADVTIM_PrescalerConfig                   0x00000b15   Thumb Code     6  cx32l003_advtim.o(.text)
    ADVTIM_CounterModeConfig                 0x00000b1b   Thumb Code    24  cx32l003_advtim.o(.text)
    ADVTIM_EncoderInterfaceConfig            0x00000b33   Thumb Code    66  cx32l003_advtim.o(.text)
    ADVTIM_ForcedOC1Config                   0x00000b75   Thumb Code    24  cx32l003_advtim.o(.text)
    ADVTIM_ForcedOC2Config                   0x00000b8d   Thumb Code    22  cx32l003_advtim.o(.text)
    ADVTIM_ForcedOC3Config                   0x00000ba3   Thumb Code    24  cx32l003_advtim.o(.text)
    ADVTIM_ForcedOC4Config                   0x00000bbb   Thumb Code    22  cx32l003_advtim.o(.text)
    ADVTIM_ARRPreloadConfig                  0x00000bd1   Thumb Code    26  cx32l003_advtim.o(.text)
    ADVTIM_SelectCOM                         0x00000beb   Thumb Code    26  cx32l003_advtim.o(.text)
    ADVTIM_SelectCCDMA                       0x00000c05   Thumb Code    26  cx32l003_advtim.o(.text)
    ADVTIM_CCPreloadControl                  0x00000c1f   Thumb Code    44  cx32l003_advtim.o(.text)
    ADVTIM_OC1PreloadConfig                  0x00000c4b   Thumb Code    24  cx32l003_advtim.o(.text)
    ADVTIM_OC2PreloadConfig                  0x00000c63   Thumb Code    22  cx32l003_advtim.o(.text)
    ADVTIM_OC3PreloadConfig                  0x00000c79   Thumb Code    24  cx32l003_advtim.o(.text)
    ADVTIM_OC4PreloadConfig                  0x00000c91   Thumb Code    22  cx32l003_advtim.o(.text)
    ADVTIM_OC1FastConfig                     0x00000ca7   Thumb Code    24  cx32l003_advtim.o(.text)
    ADVTIM_OC2FastConfig                     0x00000cbf   Thumb Code    22  cx32l003_advtim.o(.text)
    ADVTIM_OC3FastConfig                     0x00000cd5   Thumb Code    24  cx32l003_advtim.o(.text)
    ADVTIM_OC4FastConfig                     0x00000ced   Thumb Code    22  cx32l003_advtim.o(.text)
    ADVTIM_ClearOC1Ref                       0x00000d03   Thumb Code    24  cx32l003_advtim.o(.text)
    ADVTIM_ClearOC2Ref                       0x00000d1b   Thumb Code    22  cx32l003_advtim.o(.text)
    ADVTIM_ClearOC3Ref                       0x00000d31   Thumb Code    24  cx32l003_advtim.o(.text)
    ADVTIM_ClearOC4Ref                       0x00000d49   Thumb Code    22  cx32l003_advtim.o(.text)
    ADVTIM_OC1PolarityConfig                 0x00000d5f   Thumb Code    24  cx32l003_advtim.o(.text)
    ADVTIM_OC1NPolarityConfig                0x00000d77   Thumb Code    24  cx32l003_advtim.o(.text)
    ADVTIM_OC2PolarityConfig                 0x00000d8f   Thumb Code    24  cx32l003_advtim.o(.text)
    ADVTIM_OC2NPolarityConfig                0x00000da7   Thumb Code    24  cx32l003_advtim.o(.text)
    ADVTIM_OC3PolarityConfig                 0x00000dbf   Thumb Code    22  cx32l003_advtim.o(.text)
    ADVTIM_OC3NPolarityConfig                0x00000dd5   Thumb Code    22  cx32l003_advtim.o(.text)
    ADVTIM_OC4PolarityConfig                 0x00000deb   Thumb Code    22  cx32l003_advtim.o(.text)
    ADVTIM_CCxCmd                            0x00000e01   Thumb Code    34  cx32l003_advtim.o(.text)
    ADVTIM_CCxNCmd                           0x00000e23   Thumb Code    34  cx32l003_advtim.o(.text)
    ADVTIM_SelectOCxM                        0x00000e45   Thumb Code    86  cx32l003_advtim.o(.text)
    ADVTIM_UpdateDisableConfig               0x00000e9b   Thumb Code    26  cx32l003_advtim.o(.text)
    ADVTIM_UpdateRequestConfig               0x00000eb5   Thumb Code    26  cx32l003_advtim.o(.text)
    ADVTIM_SelectHallSensor                  0x00000ecf   Thumb Code    26  cx32l003_advtim.o(.text)
    ADVTIM_SelectOnePulseMode                0x00000ee9   Thumb Code    18  cx32l003_advtim.o(.text)
    ADVTIM_SelectOutputTrigger               0x00000efb   Thumb Code    18  cx32l003_advtim.o(.text)
    ADVTIM_SelectSlaveMode                   0x00000f0d   Thumb Code    18  cx32l003_advtim.o(.text)
    ADVTIM_SelectMasterSlaveMode             0x00000f1f   Thumb Code    18  cx32l003_advtim.o(.text)
    ADVTIM_SetCounter                        0x00000f31   Thumb Code     4  cx32l003_advtim.o(.text)
    ADVTIM_SetAutoreload                     0x00000f35   Thumb Code     4  cx32l003_advtim.o(.text)
    ADVTIM_SetCompare1                       0x00000f39   Thumb Code     4  cx32l003_advtim.o(.text)
    ADVTIM_SetCompare2                       0x00000f3d   Thumb Code     4  cx32l003_advtim.o(.text)
    ADVTIM_SetCompare3                       0x00000f41   Thumb Code     4  cx32l003_advtim.o(.text)
    ADVTIM_SetCompare4                       0x00000f45   Thumb Code     4  cx32l003_advtim.o(.text)
    ADVTIM_SetClockDivision                  0x00000f49   Thumb Code    16  cx32l003_advtim.o(.text)
    ADVTIM_GetCapture1                       0x00000f59   Thumb Code     8  cx32l003_advtim.o(.text)
    ADVTIM_GetCapture2                       0x00000f61   Thumb Code     8  cx32l003_advtim.o(.text)
    ADVTIM_GetCapture3                       0x00000f69   Thumb Code     8  cx32l003_advtim.o(.text)
    ADVTIM_GetCapture4                       0x00000f71   Thumb Code     8  cx32l003_advtim.o(.text)
    ADVTIM_GetCounter                        0x00000f79   Thumb Code     8  cx32l003_advtim.o(.text)
    ADVTIM_GetPrescaler                      0x00000f81   Thumb Code     8  cx32l003_advtim.o(.text)
    ADVTIM_GetFlagStatus                     0x00000f89   Thumb Code    20  cx32l003_advtim.o(.text)
    ADVTIM_ClearFlag                         0x00000f9d   Thumb Code     8  cx32l003_advtim.o(.text)
    ADVTIM_GetITStatus                       0x00000fa5   Thumb Code    38  cx32l003_advtim.o(.text)
    ADVTIM_ClearITPendingBit                 0x00000fcb   Thumb Code     8  cx32l003_advtim.o(.text)
    AWK_Init                                 0x00000fed   Thumb Code    30  cx32l003_awk.o(.text)
    AWK_Cmd                                  0x0000100b   Thumb Code    24  cx32l003_awk.o(.text)
    AWK_SelClk                               0x00001023   Thumb Code    16  cx32l003_awk.o(.text)
    AWK_SetRldval                            0x00001033   Thumb Code     4  cx32l003_awk.o(.text)
    AWK_ClearITFlag                          0x00001037   Thumb Code     6  cx32l003_awk.o(.text)
    GPIO_EXTILineConfig                      0x0000103d   Thumb Code    86  cx32l003_exti.o(.text)
    GPIO_DeInit                              0x00001095   Thumb Code   124  cx32l003_gpio.o(.text)
    GPIO_AFIODeInit                          0x00001111   Thumb Code    28  cx32l003_gpio.o(.text)
    GPIO_Init                                0x0000112d   Thumb Code   164  cx32l003_gpio.o(.text)
    GPIO_StructInit                          0x000011d1   Thumb Code    20  cx32l003_gpio.o(.text)
    GPIO_ReadInputDataBit                    0x000011e5   Thumb Code    20  cx32l003_gpio.o(.text)
    GPIO_ReadInputData                       0x000011f9   Thumb Code     8  cx32l003_gpio.o(.text)
    GPIO_DBSyncCmd                           0x00001201   Thumb Code    28  cx32l003_gpio.o(.text)
    GPIO_DBPinSyncCmd                        0x0000121d   Thumb Code    20  cx32l003_gpio.o(.text)
    GPIO_DBClkCmd                            0x00001231   Thumb Code    24  cx32l003_gpio.o(.text)
    GPIO_SetDBClk                            0x00001249   Thumb Code    16  cx32l003_gpio.o(.text)
    GPIO_ReadOutputDataBit                   0x00001259   Thumb Code    20  cx32l003_gpio.o(.text)
    GPIO_ReadOutputData                      0x0000126d   Thumb Code     8  cx32l003_gpio.o(.text)
    GPIO_SetBits                             0x00001275   Thumb Code     4  cx32l003_gpio.o(.text)
    GPIO_ResetBits                           0x00001279   Thumb Code     4  cx32l003_gpio.o(.text)
    GPIO_WriteBit                            0x0000127d   Thumb Code    12  cx32l003_gpio.o(.text)
    GPIO_Write                               0x00001289   Thumb Code     4  cx32l003_gpio.o(.text)
    GPIO_ToggleBits                          0x0000128d   Thumb Code     8  cx32l003_gpio.o(.text)
    GPIO_PinPuPdCmd                          0x00001295   Thumb Code    28  cx32l003_gpio.o(.text)
    GPIO_PortDRCmd                           0x000012b1   Thumb Code    30  cx32l003_gpio.o(.text)
    GPIO_PinRemapConfig                      0x000012cf   Thumb Code    30  cx32l003_gpio.o(.text)
    GPIO_PinAFConfig                         0x000012ed   Thumb Code    40  cx32l003_gpio.o(.text)
    NMI_Handler                              0x00001329   Thumb Code     2  cx32l003_it.o(.text)
    HardFault_Handler                        0x0000132b   Thumb Code     4  cx32l003_it.o(.text)
    MemManage_Handler                        0x0000132f   Thumb Code     4  cx32l003_it.o(.text)
    BusFault_Handler                         0x00001333   Thumb Code     4  cx32l003_it.o(.text)
    UsageFault_Handler                       0x00001337   Thumb Code     4  cx32l003_it.o(.text)
    SVC_Handler                              0x0000133b   Thumb Code     2  cx32l003_it.o(.text)
    DebugMon_Handler                         0x0000133d   Thumb Code     2  cx32l003_it.o(.text)
    PendSV_Handler                           0x0000133f   Thumb Code     2  cx32l003_it.o(.text)
    SysTick_Handler                          0x00001341   Thumb Code     2  cx32l003_it.o(.text)
    LPTIMER_ReadCnt                          0x00001345   Thumb Code     6  cx32l003_lptimer.o(.text)
    LPTIMER_Init                             0x0000134b   Thumb Code    82  cx32l003_lptimer.o(.text)
    LPTIMER_Cmd                              0x0000139d   Thumb Code    24  cx32l003_lptimer.o(.text)
    LPTIMER_TogCmd                           0x000013b5   Thumb Code    24  cx32l003_lptimer.o(.text)
    LPTIMER_ITConfig                         0x000013cd   Thumb Code    28  cx32l003_lptimer.o(.text)
    LPTIMER_GetWTFlagStatus                  0x000013e9   Thumb Code    24  cx32l003_lptimer.o(.text)
    LPTIMER_BGloadConfig                     0x00001401   Thumb Code    30  cx32l003_lptimer.o(.text)
    LPTIMER_LoadConfig                       0x0000141f   Thumb Code    30  cx32l003_lptimer.o(.text)
    LPTIMER_GetITStatus                      0x0000143d   Thumb Code    20  cx32l003_lptimer.o(.text)
    LPTIMER_ClearITFlag                      0x00001451   Thumb Code     4  cx32l003_lptimer.o(.text)
    RCC_DeInit                               0x00001459   Thumb Code    24  cx32l003_rcc.o(.text)
    RCC_HIRCTrim                             0x00001471   Thumb Code    20  cx32l003_rcc.o(.text)
    RCC_LIRCTrim                             0x00001485   Thumb Code    20  cx32l003_rcc.o(.text)
    RCC_SetHXTDrive                          0x00001499   Thumb Code    28  cx32l003_rcc.o(.text)
    RCC_SetLXTDrive                          0x000014b5   Thumb Code    28  cx32l003_rcc.o(.text)
    RCC_WaitForHIRCStable                    0x000014d1   Thumb Code    64  cx32l003_rcc.o(.text)
    RCC_WaitForHXTStable                     0x00001511   Thumb Code    70  cx32l003_rcc.o(.text)
    RCC_WaitForLIRCStable                    0x00001557   Thumb Code    80  cx32l003_rcc.o(.text)
    RCC_WaitForLXTStable                     0x000015a7   Thumb Code    66  cx32l003_rcc.o(.text)
    RCC_LXTCmd                               0x000015e9   Thumb Code    58  cx32l003_rcc.o(.text)
    RCC_SetX32KPort                          0x00001623   Thumb Code    26  cx32l003_rcc.o(.text)
    RCC_SetM0IRQLatency                      0x0000163d   Thumb Code    12  cx32l003_rcc.o(.text)
    RCC_SystemTickTimerConfig                0x00001649   Thumb Code    26  cx32l003_rcc.o(.text)
    RCC_SetSystemTickTimerCoreRefClockcmd    0x00001663   Thumb Code    34  cx32l003_rcc.o(.text)
    RCC_SysclkCmd                            0x00001685   Thumb Code   130  cx32l003_rcc.o(.text)
    RCC_SelSysclk                            0x00001707   Thumb Code    26  cx32l003_rcc.o(.text)
    RCC_SysclkOutputConfig                   0x00001721   Thumb Code    28  cx32l003_rcc.o(.text)
    RCC_SysclkOutputCmd                      0x0000173d   Thumb Code    34  cx32l003_rcc.o(.text)
    RCC_SysclkFclkDiv                        0x0000175f   Thumb Code    20  cx32l003_rcc.o(.text)
    RCC_GetSysclkSource                      0x00001773   Thumb Code    10  cx32l003_rcc.o(.text)
    RCC_SetHclkDiv                           0x0000177d   Thumb Code     4  cx32l003_rcc.o(.text)
    RCC_SetPclkDiv                           0x00001781   Thumb Code     4  cx32l003_rcc.o(.text)
    RCC_AHBPeriphClockCmd                    0x00001785   Thumb Code    20  cx32l003_rcc.o(.text)
    RCC_APBPeriphClockCmd                    0x00001799   Thumb Code    20  cx32l003_rcc.o(.text)
    RCC_PeriphResetCmd                       0x000017ad   Thumb Code    30  cx32l003_rcc.o(.text)
    RCC_RTCResetCmd                          0x000017cb   Thumb Code    28  cx32l003_rcc.o(.text)
    RCC_ResetCmd                             0x000017e7   Thumb Code    40  cx32l003_rcc.o(.text)
    RCC_GetFlagStatus                        0x0000180f   Thumb Code    26  cx32l003_rcc.o(.text)
    RCC_SetIoMux                             0x00001829   Thumb Code    36  cx32l003_rcc.o(.text)
    RTC_WaitForSynchro                       0x00001883   Thumb Code    78  cx32l003_rtc.o(.text)
    RTC_EnterInitMode                        0x000018d1   Thumb Code    88  cx32l003_rtc.o(.text)
    RTC_DeInit                               0x00001929   Thumb Code   154  cx32l003_rtc.o(.text)
    RTC_ExitInitMode                         0x000019c3   Thumb Code    46  cx32l003_rtc.o(.text)
    RTC_Init                                 0x000019f1   Thumb Code    94  cx32l003_rtc.o(.text)
    RTC_StructInit                           0x00001a4f   Thumb Code    14  cx32l003_rtc.o(.text)
    RTC_WriteProtectionCmd                   0x00001a5d   Thumb Code    20  cx32l003_rtc.o(.text)
    RTC_RtcClkCmd                            0x00001a71   Thumb Code    40  cx32l003_rtc.o(.text)
    RTC_SelRtcClk                            0x00001a99   Thumb Code    30  cx32l003_rtc.o(.text)
    RTC_BypassShadowCmd                      0x00001ab7   Thumb Code    36  cx32l003_rtc.o(.text)
    RTC_SetTime                              0x00001adb   Thumb Code   210  cx32l003_rtc.o(.text)
    RTC_TimeStructInit                       0x00001bad   Thumb Code    14  cx32l003_rtc.o(.text)
    RTC_GetTime                              0x00001bbb   Thumb Code   132  cx32l003_rtc.o(.text)
    RTC_SetDate                              0x00001c3f   Thumb Code   204  cx32l003_rtc.o(.text)
    RTC_DateStructInit                       0x00001d0b   Thumb Code    30  cx32l003_rtc.o(.text)
    RTC_GetDate                              0x00001d29   Thumb Code    92  cx32l003_rtc.o(.text)
    RTC_SetAlarm1                            0x00001d85   Thumb Code   408  cx32l003_rtc.o(.text)
    RTC_SetAlarm2                            0x00001f1d   Thumb Code    16  cx32l003_rtc.o(.text)
    RTC_AlarmStructInit                      0x00001f2d   Thumb Code    22  cx32l003_rtc.o(.text)
    RTC_GetAlarm1                            0x00001f43   Thumb Code   192  cx32l003_rtc.o(.text)
    RTC_GetAlarm2                            0x00002003   Thumb Code     8  cx32l003_rtc.o(.text)
    RTC_AlarmCmd                             0x0000200b   Thumb Code    38  cx32l003_rtc.o(.text)
    RTC_CoarseCalibConfig                    0x00002031   Thumb Code    52  cx32l003_rtc.o(.text)
    RTC_CalibOutputCmd                       0x00002065   Thumb Code    36  cx32l003_rtc.o(.text)
    RTC_CountCmd                             0x00002089   Thumb Code    40  cx32l003_rtc.o(.text)
    RTC_SmoothCalibConfig                    0x000020b1   Thumb Code    20  cx32l003_rtc.o(.text)
    RTC_AlprITConfig                         0x000020c5   Thumb Code    32  cx32l003_rtc.o(.text)
    RTC_AlmITConfig                          0x000020e5   Thumb Code    32  cx32l003_rtc.o(.text)
    RTC_GetFlagStatus                        0x00002105   Thumb Code    32  cx32l003_rtc.o(.text)
    RTC_ClearFlag                            0x00002125   Thumb Code    16  cx32l003_rtc.o(.text)
    RTC_GetITStatus                          0x00002135   Thumb Code    20  cx32l003_rtc.o(.text)
    SYSCTRL_DeInit                           0x00002149   Thumb Code    24  cx32l003_syscon.o(.text)
    SYSCTRL_CortexM0LockUpCmd                0x00002161   Thumb Code    34  cx32l003_syscon.o(.text)
    SYSCTRL_DeepsleepPortITCmd               0x00002183   Thumb Code    22  cx32l003_syscon.o(.text)
    SYSCTRL_ActiveSleepPortITCmd             0x00002199   Thumb Code    24  cx32l003_syscon.o(.text)
    SYSCTRL_SPICSConfig                      0x000021b1   Thumb Code    16  cx32l003_syscon.o(.text)
    SYSCTRL_TIM10_GateConfig                 0x000021c1   Thumb Code    16  cx32l003_syscon.o(.text)
    SYSCTRL_TIM11_GateConfig                 0x000021d1   Thumb Code    16  cx32l003_syscon.o(.text)
    SYSCTRL_IPTIM_GateConfig                 0x000021e1   Thumb Code    18  cx32l003_syscon.o(.text)
    SYSCTRL_PCACapMuxConfig                  0x000021f3   Thumb Code    28  cx32l003_syscon.o(.text)
    SYSCTRL_TIM1_InputSignalConfig           0x0000220f   Thumb Code    28  cx32l003_syscon.o(.text)
    SYSCTRL_TIM1_ETRSignalConfig             0x0000222b   Thumb Code    18  cx32l003_syscon.o(.text)
    SYSCTRL_TIM1_SetBreakSTM                 0x0000223d   Thumb Code    18  cx32l003_syscon.o(.text)
    SYSCTRL_TIM1_SetBreakZERO                0x0000224f   Thumb Code    12  cx32l003_syscon.o(.text)
    SYSCTRL_TIM2_InputSignalConfig           0x0000225b   Thumb Code    28  cx32l003_syscon.o(.text)
    SYSCTRL_TIM2_ETRSignalConfig             0x00002277   Thumb Code    18  cx32l003_syscon.o(.text)
    SYSCTRL_LPUART_CLKConfig                 0x00002289   Thumb Code    34  cx32l003_syscon.o(.text)
    SYSCTRL_LPUART_CLKCmd                    0x000022ab   Thumb Code    48  cx32l003_syscon.o(.text)
    TIM_DeInit                               0x000022e9   Thumb Code    38  cx32l003_timer.o(.text)
    TIM_TimeBaseInit                         0x0000230f   Thumb Code    44  cx32l003_timer.o(.text)
    TIM_StructInit                           0x0000233b   Thumb Code    34  cx32l003_timer.o(.text)
    TIM_Cmd                                  0x0000235d   Thumb Code    24  cx32l003_timer.o(.text)
    TIM_TogCmd                               0x00002375   Thumb Code    28  cx32l003_timer.o(.text)
    TIM_ITConfig                             0x00002391   Thumb Code    24  cx32l003_timer.o(.text)
    TIM_CounterModeConfig                    0x000023a9   Thumb Code    18  cx32l003_timer.o(.text)
    TIM_SelectGatePolarity                   0x000023bb   Thumb Code    20  cx32l003_timer.o(.text)
    TIM_SetClockDivision                     0x000023cf   Thumb Code    16  cx32l003_timer.o(.text)
    TIM_GetPrescaler                         0x000023df   Thumb Code    10  cx32l003_timer.o(.text)
    TIM_SetTimerLoadRegister                 0x000023e9   Thumb Code     6  cx32l003_timer.o(.text)
    TIM_GetTimerLoadRegister                 0x000023ef   Thumb Code     6  cx32l003_timer.o(.text)
    TIM_SetCountRegister                     0x000023f5   Thumb Code     4  cx32l003_timer.o(.text)
    TIM_GetCountRegister                     0x000023f9   Thumb Code     6  cx32l003_timer.o(.text)
    TIM_GetITSourceFlagStatus                0x000023ff   Thumb Code    20  cx32l003_timer.o(.text)
    TIM_GetITShieldFlagStatus                0x00002413   Thumb Code    20  cx32l003_timer.o(.text)
    TIM_ClearITFlag                          0x00002427   Thumb Code     8  cx32l003_timer.o(.text)
    NVIC_PriorityGroupConfig                 0x0000243d   Thumb Code    10  misc.o(.text)
    NVIC_Init                                0x00002447   Thumb Code   114  misc.o(.text)
    NVIC_SetVectorTable                      0x000024b9   Thumb Code     2  misc.o(.text)
    NVIC_SystemLPConfig                      0x000024bb   Thumb Code    28  misc.o(.text)
    SysTick_CLKSourceConfig                  0x000024d7   Thumb Code    32  misc.o(.text)
    TEST_TIM_Mode_Config                     0x0000263b   Thumb Code    74  user_advtime.o(.text)
    TEST_ADVTIM_MULTICHANEEL_Config          0x00002685   Thumb Code   176  user_advtime.o(.text)
    ADVTIM_PWMMODE_Config                    0x00002735   Thumb Code   236  user_advtime.o(.text)
    switchPwmChannel                         0x00002821   Thumb Code    84  user_advtime.o(.text)
    offBuzzerChl                             0x00002875   Thumb Code    16  user_advtime.o(.text)
    onBuzzerChl                              0x00002885   Thumb Code    16  user_advtime.o(.text)
    offMotorChl                              0x00002895   Thumb Code    16  user_advtime.o(.text)
    onMotorChl                               0x000028a5   Thumb Code    16  user_advtime.o(.text)
    offDischargeChl                          0x000028b5   Thumb Code    16  user_advtime.o(.text)
    onDischargeChl                           0x000028c5   Thumb Code    16  user_advtime.o(.text)
    offChargeChl                             0x000028d5   Thumb Code    16  user_advtime.o(.text)
    onChargeChl                              0x000028e5   Thumb Code    16  user_advtime.o(.text)
    updatePWMChlDuty                         0x000028f5   Thumb Code   214  user_advtime.o(.text)
    updateBuzzerDuty                         0x000029cb   Thumb Code    14  user_advtime.o(.text)
    updateMotorDuty                          0x000029d9   Thumb Code    14  user_advtime.o(.text)
    updateDischargeDuty                      0x000029e7   Thumb Code    14  user_advtime.o(.text)
    updateChargeDuty                         0x000029f5   Thumb Code    14  user_advtime.o(.text)
    updatePwmFreq                            0x00002a03   Thumb Code   100  user_advtime.o(.text)
    TEST_ADVTIM_CAPTUREMODE_Config           0x00002a67   Thumb Code   170  user_advtime.o(.text)
    TEST_ADVTIM_SINGLECAPTUREMODE_Config     0x00002b11   Thumb Code   222  user_advtime.o(.text)
    TEST_ADVTIM_CASACADEMODE_Config          0x00002bef   Thumb Code   196  user_advtime.o(.text)
    TEST_ADVTIM_OUTPUTCOMPARE_Config         0x00002cb3   Thumb Code   238  user_advtime.o(.text)
    TEST_ADVTIM_ONEPLUS_Config               0x00002da1   Thumb Code   142  user_advtime.o(.text)
    TEST_ADVTIM_DEADTIME_BREAK               0x00002e2f   Thumb Code   236  user_advtime.o(.text)
    TEST_ADVTIM_DEADTIME_BREAK_DEEPSLEEP_Config 0x00002f1b   Thumb Code   276  user_advtime.o(.text)
    TEST_ADVTIM_EVENT_GENERATION_Config      0x0000302f   Thumb Code   234  user_advtime.o(.text)
    TEST_ADVTIM_ETR_FUNCTION_Config          0x00003119   Thumb Code    96  user_advtime.o(.text)
    ADVTIM_IRQHandler                        0x00003179   Thumb Code   494  user_advtime.o(.text)
    BASIC_TIM_Mode_Config                    0x000033e7   Thumb Code    66  user_basetime.o(.text)
    TIMER10_IRQHandler                       0x00003429   Thumb Code    44  user_basetime.o(.text)
    EXTI_Key_Config                          0x000034d7   Thumb Code    36  user_exti.o(.text)
    GPIOA_IRQHandler                         0x0000362b   Thumb Code    40  user_exti.o(.text)
    GPIOB_IRQHandler                         0x00003653   Thumb Code    40  user_exti.o(.text)
    GPIOC_IRQHandler                         0x0000367b   Thumb Code    40  user_exti.o(.text)
    GPIOD_IRQHandler                         0x000036a3   Thumb Code    40  user_exti.o(.text)
    readInternalFlashData                    0x000036f5   Thumb Code     6  user_internalflash.o(.text)
    readInternalFlashWrod                    0x000036fb   Thumb Code     6  user_internalflash.o(.text)
    readInternalFlashByte                    0x00003701   Thumb Code     6  user_internalflash.o(.text)
    LED_GPIO_Config                          0x00003709   Thumb Code    62  user_led.o(.text)
    Enter_DeepSleep                          0x00003751   Thumb Code    50  user_lptimer.o(.text)
    Enter_Sleep                              0x00003783   Thumb Code    26  user_lptimer.o(.text)
    TEST_SETLPTIMERGATE                      0x000037bb   Thumb Code   100  user_lptimer.o(.text)
    LPTIMER_Config                           0x0000381f   Thumb Code   106  user_lptimer.o(.text)
    LPTIMER_IRQHandler                       0x00003889   Thumb Code   134  user_lptimer.o(.text)
    RTC_NVIC_Config                          0x00003951   Thumb Code    34  user_rtc.o(.text)
    TEST_RTC1MHZOUTPUT_Config                0x00003973   Thumb Code   136  user_rtc.o(.text)
    RTC_SetALM2PR                            0x000039fb   Thumb Code    54  user_rtc.o(.text)
    RTC_Configuration                        0x00003a31   Thumb Code   126  user_rtc.o(.text)
    RTC_MATCH0_IRQHandler                    0x00003aaf   Thumb Code    50  user_rtc.o(.text)
    setSystemHIRC                            0x00003af1   Thumb Code   122  user_sysclock.o(.text)
    setSystemLIRC                            0x00003b6b   Thumb Code    80  user_sysclock.o(.text)
    systemClkSelect                          0x00003bbb   Thumb Code    28  user_sysclock.o(.text)
    systemClkSet                             0x00003bd7   Thumb Code    54  user_sysclock.o(.text)
    main                                     0x00003c1d   Thumb Code   272  main.o(.text)
    funcKeyTask                              0x00003d61   Thumb Code   364  user_key.o(.text)
    keyDoubleClickChk                        0x00003ecd   Thumb Code    32  user_key.o(.text)
    powerOnIoInit                            0x00003f11   Thumb Code    24  user_menu.o(.text)
    resetEntrySleepTime                      0x00003f29   Thumb Code     8  user_menu.o(.text)
    entryNormalModeChk                       0x00003f31   Thumb Code    16  user_menu.o(.text)
    stopChargingChk                          0x00003f41   Thumb Code     2  user_menu.o(.text)
    fucnPer50ms                              0x00003f43   Thumb Code     2  user_menu.o(.text)
    fucnPer100ms                             0x00003f45   Thumb Code     2  user_menu.o(.text)
    fucnPer500ms                             0x00003f47   Thumb Code     2  user_menu.o(.text)
    fucnPer1s                                0x00003f49   Thumb Code    94  user_menu.o(.text)
    fucnPer5ms                               0x00003fa7   Thumb Code   144  user_menu.o(.text)
    MenuFunction                             0x00004037   Thumb Code   122  user_menu.o(.text)
    ADCPinAFSet                              0x000040f9   Thumb Code   132  user_adc.o(.text)
    adcChlCMD2adcIndex                       0x0000417d   Thumb Code    30  user_adc.o(.text)
    adcChlCMD2adcAdcChl                      0x0000419b   Thumb Code    18  user_adc.o(.text)
    ADC_SignalMode_Config                    0x000041ad   Thumb Code    86  user_adc.o(.text)
    ADC_MutiMode_Config                      0x00004203   Thumb Code   106  user_adc.o(.text)
    mutiChannesADC                           0x0000426d   Thumb Code    90  user_adc.o(.text)
    getSignalChlADC                          0x000042c7   Thumb Code    76  user_adc.o(.text)
    readADCResultFromMutiChls                0x00004313   Thumb Code    22  user_adc.o(.text)
    AWK_Config                               0x00004359   Thumb Code    52  user_awk.o(.text)
    AWK_Feed                                 0x0000438d   Thumb Code    12  user_awk.o(.text)
    AWK_IRQHandler                           0x00004399   Thumb Code    20  user_awk.o(.text)
    __aeabi_uidiv                            0x000043b5   Thumb Code     0  aeabi_sdiv.o(.text)
    __aeabi_uidivmod                         0x000043b5   Thumb Code    20  aeabi_sdiv.o(.text)
    __aeabi_idiv                             0x000043c9   Thumb Code     0  aeabi_sdiv.o(.text)
    __aeabi_idivmod                          0x000043c9   Thumb Code   326  aeabi_sdiv.o(.text)
    __use_two_region_memory                  0x0000450f   Thumb Code     2  heapauxi.o(.text)
    __rt_heap_escrow$2region                 0x00004511   Thumb Code     2  heapauxi.o(.text)
    __rt_heap_expand$2region                 0x00004513   Thumb Code     2  heapauxi.o(.text)
    __aeabi_d2f                              0x00004515   Thumb Code     0  d2f.o(.text)
    _d2f                                     0x00004515   Thumb Code   120  d2f.o(.text)
    __aeabi_dadd                             0x00004889   Thumb Code     0  daddsub.o(.text)
    _dadd                                    0x00004889   Thumb Code    26  daddsub.o(.text)
    __aeabi_dsub                             0x000048a3   Thumb Code     0  daddsub.o(.text)
    _dsub                                    0x000048a3   Thumb Code    22  daddsub.o(.text)
    __aeabi_drsub                            0x000048b9   Thumb Code     0  daddsub.o(.text)
    _drsb                                    0x000048b9   Thumb Code    28  daddsub.o(.text)
    __aeabi_ddiv                             0x000048e9   Thumb Code     0  ddiv.o(.text)
    _ddiv                                    0x000048e9   Thumb Code  1072  ddiv.o(.text)
    _drdiv                                   0x00004d19   Thumb Code    20  ddiv.o(.text)
    __aeabi_i2d_normalise                    0x00004d31   Thumb Code    66  dflti.o(.text)
    __aeabi_i2d                              0x00004d73   Thumb Code    16  dflti.o(.text)
    _dflt                                    0x00004d73   Thumb Code     0  dflti.o(.text)
    __aeabi_ui2d                             0x00004d83   Thumb Code     6  dflti.o(.text)
    _dfltu                                   0x00004d83   Thumb Code     0  dflti.o(.text)
    __aeabi_dmul                             0x00004d89   Thumb Code     0  dmul.o(.text)
    _dmul                                    0x00004d89   Thumb Code   558  dmul.o(.text)
    __aeabi_f2d                              0x00004fd1   Thumb Code     0  f2d.o(.text)
    _f2d                                     0x00004fd1   Thumb Code    80  f2d.o(.text)
    __aeabi_f2uiz                            0x00005025   Thumb Code     0  ffixui.o(.text)
    _ffixu                                   0x00005025   Thumb Code    48  ffixui.o(.text)
    __aeabi_i2f_normalise                    0x00005055   Thumb Code    72  fflti.o(.text)
    __aeabi_i2f                              0x0000509d   Thumb Code    16  fflti.o(.text)
    _fflt                                    0x0000509d   Thumb Code     0  fflti.o(.text)
    __aeabi_ui2f                             0x000050ad   Thumb Code     6  fflti.o(.text)
    _ffltu                                   0x000050ad   Thumb Code     0  fflti.o(.text)
    __fpl_fcmp_InfNaN                        0x000050b5   Thumb Code    96  fcmpin.o(.text)
    __fpl_cmpreturn                          0x00005119   Thumb Code    46  cmpret.o(.text)
    __fpl_fcheck_NaN2                        0x00005149   Thumb Code    10  fnan2.o(.text)
    __user_setup_stackheap                   0x00005159   Thumb Code    62  sys_stackheap_outer.o(.text)
    exit                                     0x00005197   Thumb Code    16  exit.o(.text)
    __fpl_return_NaN                         0x000051a7   Thumb Code    94  retnan.o(.text)
    __user_libspace                          0x00005205   Thumb Code     8  libspace.o(.text)
    __user_perproc_libspace                  0x00005205   Thumb Code     0  libspace.o(.text)
    __user_perthread_libspace                0x00005205   Thumb Code     0  libspace.o(.text)
    _sys_exit                                0x0000520d   Thumb Code     8  sys_exit.o(.text)
    __I$use$semihosting                      0x00005219   Thumb Code     0  use_no_semi.o(.text)
    __use_no_semihosting_swi                 0x00005219   Thumb Code     2  use_no_semi.o(.text)
    __ARM_common_switch8                     0x0000521b   Thumb Code    28  user_sysclock.o(i.__ARM_common_switch8)
    __semihosting_library_function           0x0000521b   Thumb Code     0  indicate_semi.o(.text)
    __aeabi_fmul                             0x00005239   Thumb Code     0  fmul.o(x$fpl$fmul)
    _fmul                                    0x00005239   Thumb Code   172  fmul.o(x$fpl$fmul)
    __aeabi_cfrcmple                         0x000052e9   Thumb Code     0  frlef.o(x$fpl$frleqf)
    _frcmple                                 0x000052e9   Thumb Code    84  frlef.o(x$fpl$frleqf)
    __I$use$fp                               0x00005340   Number         0  usenofp.o(x$fpl$usenofp)
    Region$$Table$$Base                      0x000053c0   Number         0  anon$$obj.o(Region$$Table)
    Region$$Table$$Limit                     0x000053e0   Number         0  anon$$obj.o(Region$$Table)
    SystemCoreClock                          0x20000000   Data           4  system_cx32l003.o(.data)
    AHBPrescTable                            0x20000004   Data          16  system_cx32l003.o(.data)
    ucIntCC1Flag                             0x20000014   Data           1  user_advtime.o(.data)
    ucIntCC2Flag                             0x20000015   Data           1  user_advtime.o(.data)
    ucIntCC3Flag                             0x20000016   Data           1  user_advtime.o(.data)
    ucIntCC4Flag                             0x20000017   Data           1  user_advtime.o(.data)
    ucIntCOMFlag                             0x20000018   Data           1  user_advtime.o(.data)
    ucIntTriggerFlag                         0x20000019   Data           1  user_advtime.o(.data)
    ucIntBreakFlag                           0x2000001a   Data           1  user_advtime.o(.data)
    ucIntServedFlag                          0x2000001b   Data           1  user_advtime.o(.data)
    ulIntCntTmp                              0x2000001c   Data           4  user_advtime.o(.data)
    CaptureValue                             0x20000020   Data           4  user_advtime.o(.data)
    ulFrequencyCH1                           0x20000024   Data           4  user_advtime.o(.data)
    ulFrequencyCH2                           0x20000028   Data           4  user_advtime.o(.data)
    ulFrequencyCH3                           0x2000002c   Data           4  user_advtime.o(.data)
    ulFrequencyCH4                           0x20000030   Data           4  user_advtime.o(.data)
    ulCaptureCC1Old                          0x20000034   Data           4  user_advtime.o(.data)
    ulCaptureCC2Old                          0x20000038   Data           4  user_advtime.o(.data)
    ulCaptureCC3Old                          0x2000003c   Data           4  user_advtime.o(.data)
    ulCaptureCC4Old                          0x20000040   Data           4  user_advtime.o(.data)
    BASIC_TIMFLag                            0x20000044   Data           4  user_basetime.o(.data)
    vBasicTimer1ms                           0x20000048   Data           2  user_basetime.o(.data)
    EXTI_IT_FLAG                             0x2000004a   Data           1  user_exti.o(.data)
    vIntPortSigned                           0x2000004b   Data           1  user_exti.o(.data)
    vClosedKeyTimer                          0x2000004c   Data           2  user_exti.o(.data)
    vFuncKeyTimer                            0x2000004e   Data           2  user_exti.o(.data)
    fTestFlag                                0x20000050   Data           1  user_lptimer.o(.data)
    vSystemLIRC5ms                           0x20000052   Data           2  user_lptimer.o(.data)
    vSystem5ms                               0x20000054   Data           2  user_lptimer.o(.data)
    vTimerCnt                                0x20000056   Data           1  user_lptimer.o(.data)
    fTime50ms                                0x20000057   Data           1  user_lptimer.o(.data)
    fTime100ms                               0x20000058   Data           1  user_lptimer.o(.data)
    fTime500ms                               0x20000059   Data           1  user_lptimer.o(.data)
    fTime1s                                  0x2000005a   Data           1  user_lptimer.o(.data)
    lPTIMER_FLAG                             0x2000005b   Data           1  user_lptimer.o(.data)
    RTC_FLAG                                 0x2000005c   Data           1  user_rtc.o(.data)
    vDaValue                                 0x20000060   Data           2  main.o(.data)
    vDaVolt                                  0x20000064   Data           4  main.o(.data)
    vKeyValue                                0x20000068   Data           1  user_key.o(.data)
    vIsKeyPressed                            0x20000069   Data           1  user_key.o(.data)
    vIsFuncKeyGod                            0x2000006a   Data           1  user_key.o(.data)
    vIsClosedKeyGod                          0x2000006b   Data           1  user_key.o(.data)
    vDoubleClickCountDown                    0x2000006c   Data           1  user_key.o(.data)
    vSystem1s                                0x2000006e   Data           2  user_menu.o(.data)
    vTest                                    0x20000070   Data           1  user_menu.o(.data)
    vtIndex                                  0x20000071   Data           1  user_menu.o(.data)
    vTimeToSleep                             0x20000072   Data           1  user_menu.o(.data)
    fIsCharging                              0x20000073   Data           1  user_menu.o(.data)
    fIsBattFully                             0x20000074   Data           1  user_menu.o(.data)
    vSkipDCUnpluggedCnt                      0x20000075   Data           1  user_menu.o(.data)
    AWK_flg                                  0x20000078   Data           4  user_awk.o(.data)
    userPwmParaStruct                        0x2000007c   Data          24  user_menu.o(.bss)
    userAdcStruct                            0x20000094   Data          18  user_menu.o(.bss)
    __libspace_start                         0x200000a8   Data          96  libspace.o(.bss)
    __temporary_stack_top$libspace           0x20000108   Data           0  libspace.o(.bss)



==============================================================================

Memory Map of the image

  Image Entry point : 0x000000c1

  Load Region LR_IROM1 (Base: 0x00000000, Size: 0x0000545c, Max: 0x00040000, ABSOLUTE)

    Execution Region ER_IROM1 (Base: 0x00000000, Size: 0x000053e0, Max: 0x00040000, ABSOLUTE)

    Base Addr    Size         Type   Attr      Idx    E Section Name        Object

    0x00000000   0x000000c0   Data   RO           47    RESET               startup_cx32l003.o
    0x000000c0   0x00000008   Code   RO         1084  * !!!main             c_p.l(__main.o)
    0x000000c8   0x0000003c   Code   RO         1287    !!!scatter          c_p.l(__scatter.o)
    0x00000104   0x0000001a   Code   RO         1289    !!handler_copy      c_p.l(__scatter_copy.o)
    0x0000011e   0x00000002   PAD
    0x00000120   0x0000001c   Code   RO         1291    !!handler_zi        c_p.l(__scatter_zi.o)
    0x0000013c   0x00000002   Code   RO         1154    .ARM.Collect$$libinit$$00000000  c_p.l(libinit.o)
    0x0000013e   0x00000000   Code   RO         1170    .ARM.Collect$$libinit$$00000002  c_p.l(libinit2.o)
    0x0000013e   0x00000000   Code   RO         1172    .ARM.Collect$$libinit$$00000004  c_p.l(libinit2.o)
    0x0000013e   0x00000000   Code   RO         1175    .ARM.Collect$$libinit$$0000000A  c_p.l(libinit2.o)
    0x0000013e   0x00000000   Code   RO         1177    .ARM.Collect$$libinit$$0000000C  c_p.l(libinit2.o)
    0x0000013e   0x00000000   Code   RO         1179    .ARM.Collect$$libinit$$0000000E  c_p.l(libinit2.o)
    0x0000013e   0x00000000   Code   RO         1182    .ARM.Collect$$libinit$$00000011  c_p.l(libinit2.o)
    0x0000013e   0x00000000   Code   RO         1184    .ARM.Collect$$libinit$$00000013  c_p.l(libinit2.o)
    0x0000013e   0x00000000   Code   RO         1186    .ARM.Collect$$libinit$$00000015  c_p.l(libinit2.o)
    0x0000013e   0x00000000   Code   RO         1188    .ARM.Collect$$libinit$$00000017  c_p.l(libinit2.o)
    0x0000013e   0x00000000   Code   RO         1190    .ARM.Collect$$libinit$$00000019  c_p.l(libinit2.o)
    0x0000013e   0x00000000   Code   RO         1192    .ARM.Collect$$libinit$$0000001B  c_p.l(libinit2.o)
    0x0000013e   0x00000000   Code   RO         1194    .ARM.Collect$$libinit$$0000001D  c_p.l(libinit2.o)
    0x0000013e   0x00000000   Code   RO         1196    .ARM.Collect$$libinit$$0000001F  c_p.l(libinit2.o)
    0x0000013e   0x00000000   Code   RO         1198    .ARM.Collect$$libinit$$00000021  c_p.l(libinit2.o)
    0x0000013e   0x00000000   Code   RO         1200    .ARM.Collect$$libinit$$00000023  c_p.l(libinit2.o)
    0x0000013e   0x00000000   Code   RO         1202    .ARM.Collect$$libinit$$00000025  c_p.l(libinit2.o)
    0x0000013e   0x00000000   Code   RO         1206    .ARM.Collect$$libinit$$0000002C  c_p.l(libinit2.o)
    0x0000013e   0x00000000   Code   RO         1208    .ARM.Collect$$libinit$$0000002E  c_p.l(libinit2.o)
    0x0000013e   0x00000000   Code   RO         1210    .ARM.Collect$$libinit$$00000030  c_p.l(libinit2.o)
    0x0000013e   0x00000000   Code   RO         1212    .ARM.Collect$$libinit$$00000032  c_p.l(libinit2.o)
    0x0000013e   0x00000002   Code   RO         1213    .ARM.Collect$$libinit$$00000033  c_p.l(libinit2.o)
    0x00000140   0x00000002   Code   RO         1244    .ARM.Collect$$libshutdown$$00000000  c_p.l(libshutdown.o)
    0x00000142   0x00000000   Code   RO         1270    .ARM.Collect$$libshutdown$$00000002  c_p.l(libshutdown2.o)
    0x00000142   0x00000000   Code   RO         1272    .ARM.Collect$$libshutdown$$00000004  c_p.l(libshutdown2.o)
    0x00000142   0x00000000   Code   RO         1275    .ARM.Collect$$libshutdown$$00000007  c_p.l(libshutdown2.o)
    0x00000142   0x00000000   Code   RO         1278    .ARM.Collect$$libshutdown$$0000000A  c_p.l(libshutdown2.o)
    0x00000142   0x00000000   Code   RO         1280    .ARM.Collect$$libshutdown$$0000000C  c_p.l(libshutdown2.o)
    0x00000142   0x00000000   Code   RO         1283    .ARM.Collect$$libshutdown$$0000000F  c_p.l(libshutdown2.o)
    0x00000142   0x00000002   Code   RO         1284    .ARM.Collect$$libshutdown$$00000010  c_p.l(libshutdown2.o)
    0x00000144   0x00000000   Code   RO         1111    .ARM.Collect$$rtentry$$00000000  c_p.l(__rtentry.o)
    0x00000144   0x00000000   Code   RO         1120    .ARM.Collect$$rtentry$$00000002  c_p.l(__rtentry2.o)
    0x00000144   0x00000006   Code   RO         1132    .ARM.Collect$$rtentry$$00000004  c_p.l(__rtentry4.o)
    0x0000014a   0x00000000   Code   RO         1122    .ARM.Collect$$rtentry$$00000009  c_p.l(__rtentry2.o)
    0x0000014a   0x00000004   Code   RO         1123    .ARM.Collect$$rtentry$$0000000A  c_p.l(__rtentry2.o)
    0x0000014e   0x00000000   Code   RO         1125    .ARM.Collect$$rtentry$$0000000C  c_p.l(__rtentry2.o)
    0x0000014e   0x00000008   Code   RO         1126    .ARM.Collect$$rtentry$$0000000D  c_p.l(__rtentry2.o)
    0x00000156   0x00000002   Code   RO         1161    .ARM.Collect$$rtexit$$00000000  c_p.l(rtexit.o)
    0x00000158   0x00000000   Code   RO         1217    .ARM.Collect$$rtexit$$00000002  c_p.l(rtexit2.o)
    0x00000158   0x00000004   Code   RO         1218    .ARM.Collect$$rtexit$$00000003  c_p.l(rtexit2.o)
    0x0000015c   0x00000006   Code   RO         1219    .ARM.Collect$$rtexit$$00000004  c_p.l(rtexit2.o)
    0x00000162   0x00000002   PAD
    0x00000164   0x00000030   Code   RO           48    .text               startup_cx32l003.o
    0x00000194   0x00000288   Code   RO           54    .text               cx32l003_adc.o
    0x0000041c   0x00000bd0   Code   RO           99    .text               cx32l003_advtim.o
    0x00000fec   0x00000050   Code   RO          122    .text               cx32l003_awk.o
    0x0000103c   0x00000056   Code   RO          240    .text               cx32l003_exti.o
    0x00001092   0x00000002   PAD
    0x00001094   0x00000294   Code   RO          289    .text               cx32l003_gpio.o
    0x00001328   0x0000001a   Code   RO          332    .text               cx32l003_it.o
    0x00001342   0x00000002   PAD
    0x00001344   0x00000114   Code   RO          378    .text               cx32l003_lptimer.o
    0x00001458   0x000003f4   Code   RO          502    .text               cx32l003_rcc.o
    0x0000184c   0x000008fc   Code   RO          522    .text               cx32l003_rtc.o
    0x00002148   0x000001a0   Code   RO          571    .text               cx32l003_syscon.o
    0x000022e8   0x00000154   Code   RO          594    .text               cx32l003_timer.o
    0x0000243c   0x000000cc   Code   RO          696    .text               misc.o
    0x00002508   0x00000ebc   Code   RO          716    .text               user_advtime.o
    0x000033c4   0x000000a4   Code   RO          755    .text               user_basetime.o
    0x00003468   0x0000028c   Code   RO          782    .text               user_exti.o
    0x000036f4   0x00000012   Code   RO          813    .text               user_internalflash.o
    0x00003706   0x00000002   PAD
    0x00003708   0x00000048   Code   RO          836    .text               user_led.o
    0x00003750   0x00000200   Code   RO          859    .text               user_lptimer.o
    0x00003950   0x000001a0   Code   RO          888    .text               user_rtc.o
    0x00003af0   0x0000012c   Code   RO          917    .text               user_sysclock.o
    0x00003c1c   0x00000144   Code   RO          948    .text               main.o
    0x00003d60   0x000001b0   Code   RO          979    .text               user_key.o
    0x00003f10   0x000001e8   Code   RO         1006    .text               user_menu.o
    0x000040f8   0x00000240   Code   RO         1035    .text               user_adc.o
    0x00004338   0x0000007c   Code   RO         1055    .text               user_awk.o
    0x000043b4   0x0000015a   Code   RO         1078    .text               c_p.l(aeabi_sdiv.o)
    0x0000450e   0x00000006   Code   RO         1082    .text               c_p.l(heapauxi.o)
    0x00004514   0x0000007c   Code   RO         1086    .text               fz_ps.l(d2f.o)
    0x00004590   0x00000358   Code   RO         1088    .text               fz_ps.l(daddsub.o)
    0x000048e8   0x00000448   Code   RO         1090    .text               fz_ps.l(ddiv.o)
    0x00004d30   0x00000058   Code   RO         1095    .text               fz_ps.l(dflti.o)
    0x00004d88   0x00000248   Code   RO         1097    .text               fz_ps.l(dmul.o)
    0x00004fd0   0x00000054   Code   RO         1099    .text               fz_ps.l(f2d.o)
    0x00005024   0x00000030   Code   RO         1103    .text               fz_ps.l(ffixui.o)
    0x00005054   0x0000005e   Code   RO         1105    .text               fz_ps.l(fflti.o)
    0x000050b2   0x00000002   PAD
    0x000050b4   0x00000064   Code   RO         1116    .text               fz_ps.l(fcmpin.o)
    0x00005118   0x0000002e   Code   RO         1136    .text               fz_ps.l(cmpret.o)
    0x00005146   0x00000002   PAD
    0x00005148   0x00000010   Code   RO         1138    .text               fz_ps.l(fnan2.o)
    0x00005158   0x0000003e   Code   RO         1140    .text               c_p.l(sys_stackheap_outer.o)
    0x00005196   0x00000010   Code   RO         1143    .text               c_p.l(exit.o)
    0x000051a6   0x0000005e   Code   RO         1155    .text               fz_ps.l(retnan.o)
    0x00005204   0x00000008   Code   RO         1157    .text               c_p.l(libspace.o)
    0x0000520c   0x0000000c   Code   RO         1214    .text               c_p.l(sys_exit.o)
    0x00005218   0x00000002   Code   RO         1233    .text               c_p.l(use_no_semi.o)
    0x0000521a   0x00000000   Code   RO         1235    .text               c_p.l(indicate_semi.o)
    0x0000521a   0x0000001c   Code   RO          932    i.__ARM_common_switch8  user_sysclock.o
    0x00005236   0x00000002   PAD
    0x00005238   0x000000b0   Code   RO         1107    x$fpl$fmul          fz_ps.l(fmul.o)
    0x000052e8   0x00000058   Code   RO         1109    x$fpl$frleqf        fz_ps.l(frlef.o)
    0x00005340   0x00000000   Code   RO         1118    x$fpl$usenofp       fz_ps.l(usenofp.o)
    0x00005340   0x00000080   Data   RO         1091    .constdata          fz_ps.l(ddiv.o)
    0x000053c0   0x00000020   Data   RO         1285    Region$$Table       anon$$obj.o


    Execution Region RW_IRAM1 (Base: 0x20000000, Size: 0x00000908, Max: 0x00020000, ABSOLUTE)

    Base Addr    Size         Type   Attr      Idx    E Section Name        Object

    0x20000000   0x00000014   Data   RW            4    .data               system_cx32l003.o
    0x20000014   0x00000030   Data   RW          717    .data               user_advtime.o
    0x20000044   0x00000006   Data   RW          756    .data               user_basetime.o
    0x2000004a   0x00000006   Data   RW          783    .data               user_exti.o
    0x20000050   0x0000000c   Data   RW          860    .data               user_lptimer.o
    0x2000005c   0x00000001   Data   RW          889    .data               user_rtc.o
    0x2000005d   0x00000003   PAD
    0x20000060   0x00000008   Data   RW          949    .data               main.o
    0x20000068   0x00000005   Data   RW          980    .data               user_key.o
    0x2000006d   0x00000001   PAD
    0x2000006e   0x00000008   Data   RW         1008    .data               user_menu.o
    0x20000076   0x00000002   PAD
    0x20000078   0x00000004   Data   RW         1056    .data               user_awk.o
    0x2000007c   0x0000002a   Zero   RW         1007    .bss                user_menu.o
    0x200000a6   0x00000002   PAD
    0x200000a8   0x00000060   Zero   RW         1158    .bss                c_p.l(libspace.o)
    0x20000108   0x00000400   Zero   RW           46    HEAP                startup_cx32l003.o
    0x20000508   0x00000400   Zero   RW           45    STACK               startup_cx32l003.o


==============================================================================

Image component sizes


      Code (inc. data)   RO Data    RW Data    ZI Data      Debug   Object Name

       648          8          0          0          0      42280   cx32l003_adc.o
      3024        106          0          0          0      43373   cx32l003_advtim.o
        80          0          0          0          0       2256   cx32l003_awk.o
        86          0          0          0          0       3078   cx32l003_exti.o
       660         20          0          0          0      20690   cx32l003_gpio.o
        26          0          0          0          0       1174   cx32l003_it.o
       276          4          0          0          0       5143   cx32l003_lptimer.o
      1012         16          0          0          0       7866   cx32l003_rcc.o
      2300         28          0          0          0      20622   cx32l003_rtc.o
       416         14          0          0          0       4484   cx32l003_syscon.o
       340         14          0          0          0       7108   cx32l003_timer.o
       324         52          0          8          0        818   main.o
       204         18          0          0          0       1717   misc.o
        48         22        192          0       2048        644   startup_cx32l003.o
         0          0          0         20          0       5084   system_cx32l003.o
       576         16          0          0          0       2780   user_adc.o
      3772        298          0         48          0      17840   user_advtime.o
       124          8          0          4          0       1043   user_awk.o
       164         20          0          6          0       1106   user_basetime.o
       652         42          0          6          0       2747   user_exti.o
        18          0          0          0          0        868   user_internalflash.o
       432         36          0          5          0       1142   user_key.o
        72         10          0          0          0        482   user_led.o
       512         66          0         12          0       2085   user_lptimer.o
       488         72          0          8         42       2223   user_menu.o
       416         16          0          1          0       3437   user_rtc.o
       328         24          0          0          0       1227   user_sysclock.o

    ----------------------------------------------------------------------
     17006        910        224        124       2092     203317   Object Totals
         0          0         32          0          0          0   (incl. Generated)
         8          0          0          6          2          0   (incl. Padding)

    ----------------------------------------------------------------------

      Code (inc. data)   RO Data    RW Data    ZI Data      Debug   Library Member Name

         8          0          0          0          0         68   __main.o
         0          0          0          0          0          0   __rtentry.o
        12          0          0          0          0          0   __rtentry2.o
         6          0          0          0          0          0   __rtentry4.o
        60          8          0          0          0          0   __scatter.o
        26          0          0          0          0          0   __scatter_copy.o
        28          0          0          0          0          0   __scatter_zi.o
       346          0          0          0          0         92   aeabi_sdiv.o
        16          0          0          0          0         68   exit.o
         6          0          0          0          0        136   heapauxi.o
         0          0          0          0          0          0   indicate_semi.o
         2          0          0          0          0          0   libinit.o
         2          0          0          0          0          0   libinit2.o
         2          0          0          0          0          0   libshutdown.o
         2          0          0          0          0          0   libshutdown2.o
         8          4          0          0         96         68   libspace.o
         2          0          0          0          0          0   rtexit.o
        10          0          0          0          0          0   rtexit2.o
        12          4          0          0          0         60   sys_exit.o
        62          0          0          0          0         80   sys_stackheap_outer.o
         2          0          0          0          0         68   use_no_semi.o
        46          0          0          0          0         60   cmpret.o
       124          4          0          0          0         72   d2f.o
       856         20          0          0          0        208   daddsub.o
      1096         26        128          0          0        112   ddiv.o
        88          0          0          0          0         92   dflti.o
       584         26          0          0          0         84   dmul.o
        84          4          0          0          0         60   f2d.o
       100          4          0          0          0         68   fcmpin.o
        48          0          0          0          0         60   ffixui.o
        94          0          0          0          0         92   fflti.o
       176          4          0          0          0         80   fmul.o
        16          6          0          0          0         68   fnan2.o
        88          4          0          0          0         76   frlef.o
        94          0          0          0          0         68   retnan.o
         0          0          0          0          0          0   usenofp.o

    ----------------------------------------------------------------------
      4114        114        128          0         96       1840   Library Totals
         8          0          0          0          0          0   (incl. Padding)

    ----------------------------------------------------------------------

      Code (inc. data)   RO Data    RW Data    ZI Data      Debug   Library Name

       612         16          0          0         96        640   c_p.l
      3494         98        128          0          0       1200   fz_ps.l

    ----------------------------------------------------------------------
      4114        114        128          0         96       1840   Library Totals

    ----------------------------------------------------------------------

==============================================================================


      Code (inc. data)   RO Data    RW Data    ZI Data      Debug   

     21120       1024        352        124       2188     202401   Grand Totals
     21120       1024        352        124       2188     202401   ELF Image Totals
     21120       1024        352        124          0          0   ROM Totals

==============================================================================

    Total RO  Size (Code + RO Data)                21472 (  20.97kB)
    Total RW  Size (RW Data + ZI Data)              2312 (   2.26kB)
    Total ROM Size (Code + RO Data + RW Data)      21596 (  21.09kB)

==============================================================================

