Component: ARM Compiler 5.06 update 6 (build 750) Tool: armlink [4d35ed]

==============================================================================

Section Cross References

    startup_cx32l003.o(STACK) refers (Special) to heapauxi.o(.text) for __use_two_region_memory
    startup_cx32l003.o(HEAP) refers (Special) to heapauxi.o(.text) for __use_two_region_memory
    startup_cx32l003.o(RESET) refers (Special) to heapauxi.o(.text) for __use_two_region_memory
    startup_cx32l003.o(RESET) refers to startup_cx32l003.o(STACK) for __initial_sp
    startup_cx32l003.o(RESET) refers to startup_cx32l003.o(.text) for Reset_Handler
    startup_cx32l003.o(RESET) refers to cx32l003_it.o(.text) for NMI_Handler
    startup_cx32l003.o(RESET) refers to user_exti.o(.text) for GPIOA_IRQHandler
    startup_cx32l003.o(RESET) refers to user_uart.o(.text) for UART0_IRQHandler
    startup_cx32l003.o(RESET) refers to user_basetime.o(.text) for TIMER10_IRQHandler
    startup_cx32l003.o(RESET) refers to user_lptimer.o(.text) for LPTIMER_IRQHandler
    startup_cx32l003.o(RESET) refers to user_advtime.o(.text) for ADVTIM_IRQHandler
    startup_cx32l003.o(RESET) refers to user_iwdt .o(.text) for IWDT_IRQHandler
    startup_cx32l003.o(RESET) refers to user_awk.o(.text) for AWK_IRQHandler
    startup_cx32l003.o(.text) refers (Special) to heapauxi.o(.text) for __use_two_region_memory
    startup_cx32l003.o(.text) refers to __main.o(!!!main) for __main
    startup_cx32l003.o(.text) refers to startup_cx32l003.o(HEAP) for Heap_Mem
    startup_cx32l003.o(.text) refers to startup_cx32l003.o(STACK) for Stack_Mem
    cx32l003_adc.o(.text) refers to cx32l003_rcc.o(.text) for RCC_PeriphResetCmd
    cx32l003_beeper.o(.text) refers to cx32l003_rcc.o(.text) for RCC_PeriphResetCmd
    cx32l003_crc.o(.text) refers to cx32l003_rcc.o(.text) for RCC_PeriphResetCmd
    cx32l003_gpio.o(.text) refers to cx32l003_rcc.o(.text) for RCC_PeriphResetCmd
    cx32l003_i2c.o(.text) refers to cx32l003_rcc.o(.text) for RCC_PeriphResetCmd
    cx32l003_i2c.o(.text) refers to dflti.o(.text) for __aeabi_ui2d
    cx32l003_i2c.o(.text) refers to ddiv.o(.text) for __aeabi_ddiv
    cx32l003_i2c.o(.text) refers to daddsub.o(.text) for __aeabi_dadd
    cx32l003_i2c.o(.text) refers to dfixui.o(.text) for __aeabi_d2uiz
    cx32l003_lpuart.o(.text) refers to cx32l003_rcc.o(.text) for RCC_PeriphResetCmd
    cx32l003_lpuart.o(.text) refers to dflti.o(.text) for __aeabi_ui2d
    cx32l003_lpuart.o(.text) refers to dmul.o(.text) for __aeabi_dmul
    cx32l003_lpuart.o(.text) refers to ddiv.o(.text) for __aeabi_ddiv
    cx32l003_lpuart.o(.text) refers to daddsub.o(.text) for __aeabi_dadd
    cx32l003_lpuart.o(.text) refers to d2f.o(.text) for __aeabi_d2f
    cx32l003_lpuart.o(.text) refers to ffixi.o(.text) for __aeabi_f2iz
    cx32l003_owire.o(.text) refers to aeabi_sdiv.o(.text) for __aeabi_uidivmod
    cx32l003_owire.o(.text) refers to dflti.o(.text) for __aeabi_ui2d
    cx32l003_owire.o(.text) refers to dmul.o(.text) for __aeabi_dmul
    cx32l003_owire.o(.text) refers to daddsub.o(.text) for __aeabi_dadd
    cx32l003_owire.o(.text) refers to dfixui.o(.text) for __aeabi_d2uiz
    cx32l003_spi.o(.text) refers to cx32l003_rcc.o(.text) for RCC_PeriphResetCmd
    cx32l003_syscon.o(.text) refers to cx32l003_rcc.o(.text) for RCC_PeriphResetCmd
    cx32l003_timer.o(.text) refers to cx32l003_rcc.o(.text) for RCC_PeriphResetCmd
    cx32l003_uart.o(.text) refers to cx32l003_rcc.o(.text) for RCC_PeriphResetCmd
    cx32l003_uart.o(.text) refers to dflti.o(.text) for __aeabi_ui2d
    cx32l003_uart.o(.text) refers to dmul.o(.text) for __aeabi_dmul
    cx32l003_uart.o(.text) refers to ddiv.o(.text) for __aeabi_ddiv
    cx32l003_uart.o(.text) refers to daddsub.o(.text) for __aeabi_dadd
    cx32l003_uart.o(.text) refers to d2f.o(.text) for __aeabi_d2f
    cx32l003_uart.o(.text) refers to ffixi.o(.text) for __aeabi_f2iz
    cx32l003_wwdt.o(.text) refers to cx32l003_rcc.o(.text) for RCC_PeriphResetCmd
    user_advtime.o(.text) refers to cx32l003_advtim.o(.text) for ADVTIM_TimeBaseInit
    user_advtime.o(.text) refers to frlef.o(x$fpl$frleqf) for __aeabi_cfrcmple
    user_advtime.o(.text) refers to fflti.o(.text) for __aeabi_i2f
    user_advtime.o(.text) refers to fmul.o(x$fpl$fmul) for __aeabi_fmul
    user_advtime.o(.text) refers to ffixui.o(.text) for __aeabi_f2uiz
    user_advtime.o(.text) refers to faddsub.o(x$fpl$frsb) for __aeabi_frsub
    user_advtime.o(.text) refers to aeabi_sdiv.o(.text) for __aeabi_uidivmod
    user_advtime.o(.text) refers to user_menu.o(.bss) for userPwmParaStruct
    user_advtime.o(.text) refers to user_advtime.o(.data) for ulIntCntTmp
    user_basetime.o(.text) refers to misc.o(.text) for NVIC_PriorityGroupConfig
    user_basetime.o(.text) refers to user_exti.o(.text) for userNVICPrioirySetting
    user_basetime.o(.text) refers to cx32l003_timer.o(.text) for TIM_TimeBaseInit
[...]
    __ARM_exceptions_init                     - Undefined Weak Reference
    __alloca_initialize                       - Undefined Weak Reference
    __arm_preinit_                            - Undefined Weak Reference
    __cpp_initialize__aeabi_                  - Undefined Weak Reference
    __cxa_finalize                            - Undefined Weak Reference
    __rt_locale                               - Undefined Weak Reference
    __sigvec_lookup                           - Undefined Weak Reference
    _atexit_init                              - Undefined Weak Reference
    _call_atexit_fns                          - Undefined Weak Reference
    _clock_init                               - Undefined Weak Reference
    _fp_trap_init                             - Undefined Weak Reference
    _fp_trap_shutdown                         - Undefined Weak Reference
    _get_lc_collate                           - Undefined Weak Reference
    _get_lc_ctype                             - Undefined Weak Reference
    _get_lc_monetary                          - Undefined Weak Reference
    _get_lc_numeric                           - Undefined Weak Reference
    _get_lc_time                              - Undefined Weak Reference
    _getenv_init                              - Undefined Weak Reference
    _handle_redirection                       - Undefined Weak Reference
    _init_alloc                               - Undefined Weak Reference
    _init_user_alloc                          - Undefined Weak Reference
    _initio                                   - Undefined Weak Reference
    _rand_init                                - Undefined Weak Reference
    _signal_finish                            - Undefined Weak Reference
    _signal_init                              - Undefined Weak Reference
    _terminate_alloc                          - Undefined Weak Reference
    _terminate_user_alloc                     - Undefined Weak Reference
    _terminateio                              - Undefined Weak Reference
    __Vectors_End                            0x000000c0   Data           0  startup_cx32l003.o(RESET)
    __Vectors_Size                           0x000000c0   Number         0  startup_cx32l003.o ABSOLUTE
    __main                                   0x000000c1   Thumb Code     8  __main.o(!!!main)
    __scatterload                            0x000000c9   Thumb Code     0  __scatter.o(!!!scatter)
    __scatterload_rt2                        0x000000c9   Thumb Code    52  __scatter.o(!!!scatter)
    __scatterload_rt2_thumb_only             0x000000c9   Thumb Code     0  __scatter.o(!!!scatter)
    __scatterload_null                       0x000000d9   Thumb Code     0  __scatter.o(!!!scatter)
    __scatterload_copy                       0x00000105   Thumb Code    26  __scatter_copy.o(!!handler_copy)
    __scatterload_zeroinit                   0x00000121   Thumb Code    28  __scatter_zi.o(!!handler_zi)
    __rt_lib_init                            0x0000013d   Thumb Code     0  libinit.o(.ARM.Collect$$libinit$$00000000)
    __rt_lib_init_alloca_1                   0x0000013f   Thumb Code     0  libinit2.o(.ARM.Collect$$libinit$$0000002E)
    __rt_lib_init_argv_1                     0x0000013f   Thumb Code     0  libinit2.o(.ARM.Collect$$libinit$$0000002C)
    __rt_lib_init_atexit_1                   0x0000013f   Thumb Code     0  libinit2.o(.ARM.Collect$$libinit$$0000001B)
    __rt_lib_init_clock_1                    0x0000013f   Thumb Code     0  libinit2.o(.ARM.Collect$$libinit$$00000021)
    __rt_lib_init_cpp_1                      0x0000013f   Thumb Code     0  libinit2.o(.ARM.Collect$$libinit$$00000032)
    __rt_lib_init_exceptions_1               0x0000013f   Thumb Code     0  libinit2.o(.ARM.Collect$$libinit$$00000030)
    __rt_lib_init_fp_1                       0x0000013f   Thumb Code     0  libinit2.o(.ARM.Collect$$libinit$$00000002)
    __rt_lib_init_fp_trap_1                  0x0000013f   Thumb Code     0  libinit2.o(.ARM.Collect$$libinit$$0000001F)
    __rt_lib_init_getenv_1                   0x0000013f   Thumb Code     0  libinit2.o(.ARM.Collect$$libinit$$00000023)
    __rt_lib_init_heap_1                     0x0000013f   Thumb Code     0  libinit2.o(.ARM.Collect$$libinit$$0000000A)
    __rt_lib_init_lc_collate_1               0x0000013f   Thumb Code     0  libinit2.o(.ARM.Collect$$libinit$$00000011)
    __rt_lib_init_lc_ctype_1                 0x0000013f   Thumb Code     0  libinit2.o(.ARM.Collect$$libinit$$00000013)
    __rt_lib_init_lc_monetary_1              0x0000013f   Thumb Code     0  libinit2.o(.ARM.Collect$$libinit$$00000015)
    __rt_lib_init_lc_numeric_1               0x0000013f   Thumb Code     0  libinit2.o(.ARM.Collect$$libinit$$00000017)
    __rt_lib_init_lc_time_1                  0x0000013f   Thumb Code     0  libinit2.o(.ARM.Collect$$libinit$$00000019)
    __rt_lib_init_preinit_1                  0x0000013f   Thumb Code     0  libinit2.o(.ARM.Collect$$libinit$$00000004)
    __rt_lib_init_rand_1                     0x0000013f   Thumb Code     0  libinit2.o(.ARM.Collect$$libinit$$0000000E)
    __rt_lib_init_return                     0x0000013f   Thumb Code     0  libinit2.o(.ARM.Collect$$libinit$$00000033)
    __rt_lib_init_signal_1                   0x0000013f   Thumb Code     0  libinit2.o(.ARM.Collect$$libinit$$0000001D)
    __rt_lib_init_stdio_1                    0x0000013f   Thumb Code     0  libinit2.o(.ARM.Collect$$libinit$$00000025)
    __rt_lib_init_user_alloc_1               0x0000013f   Thumb Code     0  libinit2.o(.ARM.Collect$$libinit$$0000000C)
    __rt_lib_shutdown                        0x00000141   Thumb Code     0  libshutdown.o(.ARM.Collect$$libshutdown$$00000000)
    __rt_lib_shutdown_cpp_1                  0x00000143   Thumb Code     0  libshutdown2.o(.ARM.Collect$$libshutdown$$00000002)
    __rt_lib_shutdown_fp_trap_1              0x00000143   Thumb Code     0  libshutdown2.o(.ARM.Collect$$libshutdown$$00000007)
    __rt_lib_shutdown_heap_1                 0x00000143   Thumb Code     0  libshutdown2.o(.ARM.Collect$$libshutdown$$0000000F)
    __rt_lib_shutdown_return                 0x00000143   Thumb Code     0  libshutdown2.o(.ARM.Collect$$libshutdown$$00000010)
    __rt_lib_shutdown_signal_1               0x00000143   Thumb Code     0  libshutdown2.o(.ARM.Collect$$libshutdown$$0000000A)
    __rt_lib_shutdown_stdio_1                0x00000143   Thumb Code     0  libshutdown2.o(.ARM.Collect$$libshutdown$$00000004)
    __rt_lib_shutdown_user_alloc_1           0x00000143   Thumb Code     0  libshutdown2.o(.ARM.Collect$$libshutdown$$0000000C)
    __rt_entry                               0x00000145   Thumb Code     0  __rtentry.o(.ARM.Collect$$rtentry$$00000000)
    __rt_entry_presh_1                       0x00000145   Thumb Code     0  __rtentry2.o(.ARM.Collect$$rtentry$$00000002)
    __rt_entry_sh                            0x00000145   Thumb Code     0  __rtentry4.o(.ARM.Collect$$rtentry$$00000004)
    __rt_entry_li                            0x0000014b   Thumb Code     0  __rtentry2.o(.ARM.Collect$$rtentry$$0000000A)
    __rt_entry_postsh_1                      0x0000014b   Thumb Code     0  __rtentry2.o(.ARM.Collect$$rtentry$$00000009)
    __rt_entry_main                          0x0000014f   Thumb Code     0  __rtentry2.o(.ARM.Collect$$rtentry$$0000000D)
    __rt_entry_postli_1                      0x0000014f   Thumb Code     0  __rtentry2.o(.ARM.Collect$$rtentry$$0000000C)
    __rt_exit                                0x00000157   Thumb Code     0  rtexit.o(.ARM.Collect$$rtexit$$00000000)
    __rt_exit_ls                             0x00000159   Thumb Code     0  rtexit2.o(.ARM.Collect$$rtexit$$00000003)
    __rt_exit_prels_1                        0x00000159   Thumb Code     0  rtexit2.o(.ARM.Collect$$rtexit$$00000002)
    __rt_exit_exit                           0x0000015d   Thumb Code     0  rtexit2.o(.ARM.Collect$$rtexit$$00000004)
    __aeabi_memcpy4                          0x00000165   Thumb Code    56  rt_memcpy.o(.emb_text)
    __aeabi_memcpy8                          0x00000165   Thumb Code     0  rt_memcpy.o(.emb_text)
    Reset_Handler                            0x0000019d   Thumb Code     4  startup_cx32l003.o(.text)
    ADC0_IRQHandler                          0x000001ab   Thumb Code     0  startup_cx32l003.o(.text)
    CLKTRIM_IRQHandler                       0x000001ab   Thumb Code     0  startup_cx32l003.o(.text)
    I2C0_IRQHandler                          0x000001ab   Thumb Code     0  startup_cx32l003.o(.text)
    I2C_DUMMY_IRQHandler                     0x000001ab   Thumb Code     0  startup_cx32l003.o(.text)
    LPUART_IRQHandler                        0x000001ab   Thumb Code     0  startup_cx32l003.o(.text)
    LVD_IRQHandler                           0x000001ab   Thumb Code     0  startup_cx32l003.o(.text)
    ONEWIRE_IRQHandler                       0x000001ab   Thumb Code     0  startup_cx32l003.o(.text)
    PCA_IRQHandler                           0x000001ab   Thumb Code     0  startup_cx32l003.o(.text)
    PWM_IRQHandler                           0x000001ab   Thumb Code     0  startup_cx32l003.o(.text)
    RTC_MATCH0_IRQHandler                    0x000001ab   Thumb Code     0  startup_cx32l003.o(.text)
    SPI0COMB_IRQHandler                      0x000001ab   Thumb Code     0  startup_cx32l003.o(.text)
    SPI_DUMMYCOMB_IRQHandler                 0x000001ab   Thumb Code     0  startup_cx32l003.o(.text)
    TIMER11_IRQHandler                       0x000001ab   Thumb Code     0  startup_cx32l003.o(.text)
    UART1_IRQHandler                         0x000001ab   Thumb Code     0  startup_cx32l003.o(.text)
    VC_IRQHandler                            0x000001ab   Thumb Code     0  startup_cx32l003.o(.text)
    WWDT_IRQHandler                          0x000001ab   Thumb Code     0  startup_cx32l003.o(.text)
    __user_initial_stackheap                 0x000001ad   Thumb Code    10  startup_cx32l003.o(.text)
    ADC_DeInit                               0x000001cd   Thumb Code    26  cx32l003_adc.o(.text)
    ADC_Init                                 0x000001e7   Thumb Code    32  cx32l003_adc.o(.text)
    ADC_StructInit                           0x00000207   Thumb Code    10  cx32l003_adc.o(.text)
    ADC_CommonInit                           0x00000211   Thumb Code    44  cx32l003_adc.o(.text)
    ADC_CommonStructInit                     0x0000023d   Thumb Code    14  cx32l003_adc.o(.text)
    ADC_Cmd                                  0x0000024b   Thumb Code    24  cx32l003_adc.o(.text)
    ADC_RegularChannelConfig                 0x00000263   Thumb Code    52  cx32l003_adc.o(.text)
    ADC_SoftwareStartConv                    0x00000297   Thumb Code    10  cx32l003_adc.o(.text)
    ADC_GetSoftwareStartConvStatus           0x000002a1   Thumb Code    22  cx32l003_adc.o(.text)
    ADC_ContinuousModeCmd                    0x000002b7   Thumb Code    28  cx32l003_adc.o(.text)
    ADC_ContinuousConverChannelCmd           0x000002d3   Thumb Code    20  cx32l003_adc.o(.text)
    ADC_ContinuousConverRstCmd               0x000002e7   Thumb Code    28  cx32l003_adc.o(.text)
    ADC_DisContinuousModeCmd                 0x00000303   Thumb Code    28  cx32l003_adc.o(.text)
    ADC_GetConversionValue                   0x0000031f   Thumb Code     8  cx32l003_adc.o(.text)
    ADC_GetChannelConversionValue            0x00000327   Thumb Code    98  cx32l003_adc.o(.text)
    ADC_SetCompareHtValue                    0x00000389   Thumb Code     8  cx32l003_adc.o(.text)
    ADC_SetCompareLtValue                    0x00000391   Thumb Code     8  cx32l003_adc.o(.text)
    ADC_CompareControl                       0x00000399   Thumb Code    24  cx32l003_adc.o(.text)
    ADC_ExternalTrigInjectedConvConfig       0x000003b1   Thumb Code    32  cx32l003_adc.o(.text)
    ADC_ITCmd                                0x000003d1   Thumb Code    20  cx32l003_adc.o(.text)
    ADC_AccCmd                               0x000003e5   Thumb Code    28  cx32l003_adc.o(.text)
    ADC_AccResultClear                       0x00000401   Thumb Code    28  cx32l003_adc.o(.text)
    ADC_GetAccResult                         0x0000041d   Thumb Code     6  cx32l003_adc.o(.text)
    ADC_GetRISFlagStatus                     0x00000423   Thumb Code    20  cx32l003_adc.o(.text)
    ADC_GetMISFlagStatus                     0x00000437   Thumb Code    20  cx32l003_adc.o(.text)
    ADC_ClearFlag                            0x0000044b   Thumb Code     8  cx32l003_adc.o(.text)
    ADVTIM_DeInit                            0x0000045d   Thumb Code     2  cx32l003_advtim.o(.text)
    ADVTIM_TimeBaseInit                      0x0000045f   Thumb Code    78  cx32l003_advtim.o(.text)
    ADVTIM_OC1Init                           0x000004ad   Thumb Code   116  cx32l003_advtim.o(.text)
    ADVTIM_OC2Init                           0x00000521   Thumb Code   144  cx32l003_advtim.o(.text)
    ADVTIM_OC3Init                           0x000005b1   Thumb Code   136  cx32l003_advtim.o(.text)
    ADVTIM_OC4Init                           0x00000639   Thumb Code   100  cx32l003_advtim.o(.text)
    ADVTIM_SetIC4Prescaler                   0x0000069d   Thumb Code    20  cx32l003_advtim.o(.text)
    ADVTIM_SetIC3Prescaler                   0x00000711   Thumb Code    18  cx32l003_advtim.o(.text)
    ADVTIM_SetIC2Prescaler                   0x00000783   Thumb Code    20  cx32l003_advtim.o(.text)
    ADVTIM_SetIC1Prescaler                   0x000007f9   Thumb Code    18  cx32l003_advtim.o(.text)
    ADVTIM_ICInit                            0x00000899   Thumb Code   128  cx32l003_advtim.o(.text)
    ADVTIM_PWMIConfig                        0x00000919   Thumb Code   124  cx32l003_advtim.o(.text)
    ADVTIM_BDTRConfig                        0x00000995   Thumb Code    30  cx32l003_advtim.o(.text)
    ADVTIM_TimeBaseStructInit                0x000009b3   Thumb Code    18  cx32l003_advtim.o(.text)
    ADVTIM_OCStructInit                      0x000009c5   Thumb Code    20  cx32l003_advtim.o(.text)
    ADVTIM_ICStructInit                      0x000009d9   Thumb Code    18  cx32l003_advtim.o(.text)
    ADVTIM_BDTRStructInit                    0x000009eb   Thumb Code    18  cx32l003_advtim.o(.text)
    ADVTIM_Cmd                               0x000009fd   Thumb Code    26  cx32l003_advtim.o(.text)
    ADVTIM_CtrlPWMOutputs                    0x00000a17   Thumb Code    26  cx32l003_advtim.o(.text)
    ADVTIM_ITConfig                          0x00000a31   Thumb Code    26  cx32l003_advtim.o(.text)
    ADVTIM_GenerateEvent                     0x00000a4b   Thumb Code     4  cx32l003_advtim.o(.text)
    ADVTIM_DMAConfig                         0x00000a4f   Thumb Code     8  cx32l003_advtim.o(.text)
    ADVTIM_DMACmd                            0x00000a57   Thumb Code    26  cx32l003_advtim.o(.text)
    ADVTIM_InternalClockConfig               0x00000a71   Thumb Code    12  cx32l003_advtim.o(.text)
    ADVTIM_SelectInputTrigger                0x00000a7d   Thumb Code    24  cx32l003_advtim.o(.text)
    ADVTIM_ITRxExternalClockConfig           0x00000a95   Thumb Code    24  cx32l003_advtim.o(.text)
    ADVTIM_TIxExternalClockConfig            0x00000aad   Thumb Code    58  cx32l003_advtim.o(.text)
    ADVTIM_ETRConfig                         0x00000ae7   Thumb Code    26  cx32l003_advtim.o(.text)
    ADVTIM_ETRClockMode1Config               0x00000b01   Thumb Code    50  cx32l003_advtim.o(.text)
    ADVTIM_ETRClockMode2Config               0x00000b33   Thumb Code    34  cx32l003_advtim.o(.text)
    ADVTIM_PrescalerConfig                   0x00000b55   Thumb Code     6  cx32l003_advtim.o(.text)
    ADVTIM_CounterModeConfig                 0x00000b5b   Thumb Code    24  cx32l003_advtim.o(.text)
    ADVTIM_EncoderInterfaceConfig            0x00000b73   Thumb Code    66  cx32l003_advtim.o(.text)
    ADVTIM_ForcedOC1Config                   0x00000bb5   Thumb Code    24  cx32l003_advtim.o(.text)
    ADVTIM_ForcedOC2Config                   0x00000bcd   Thumb Code    22  cx32l003_advtim.o(.text)
    ADVTIM_ForcedOC3Config                   0x00000be3   Thumb Code    24  cx32l003_advtim.o(.text)
    ADVTIM_ForcedOC4Config                   0x00000bfb   Thumb Code    22  cx32l003_advtim.o(.text)
    ADVTIM_ARRPreloadConfig                  0x00000c11   Thumb Code    26  cx32l003_advtim.o(.text)
    ADVTIM_SelectCOM                         0x00000c2b   Thumb Code    26  cx32l003_advtim.o(.text)
    ADVTIM_SelectCCDMA                       0x00000c45   Thumb Code    26  cx32l003_advtim.o(.text)
    ADVTIM_CCPreloadControl                  0x00000c5f   Thumb Code    44  cx32l003_advtim.o(.text)
    ADVTIM_OC1PreloadConfig                  0x00000c8b   Thumb Code    24  cx32l003_advtim.o(.text)
    ADVTIM_OC2PreloadConfig                  0x00000ca3   Thumb Code    22  cx32l003_advtim.o(.text)
    ADVTIM_OC3PreloadConfig                  0x00000cb9   Thumb Code    24  cx32l003_advtim.o(.text)
    ADVTIM_OC4PreloadConfig                  0x00000cd1   Thumb Code    22  cx32l003_advtim.o(.text)
    ADVTIM_OC1FastConfig                     0x00000ce7   Thumb Code    24  cx32l003_advtim.o(.text)
    ADVTIM_OC2FastConfig                     0x00000cff   Thumb Code    22  cx32l003_advtim.o(.text)
    ADVTIM_OC3FastConfig                     0x00000d15   Thumb Code    24  cx32l003_advtim.o(.text)
    ADVTIM_OC4FastConfig                     0x00000d2d   Thumb Code    22  cx32l003_advtim.o(.text)
    ADVTIM_ClearOC1Ref                       0x00000d43   Thumb Code    24  cx32l003_advtim.o(.text)
    ADVTIM_ClearOC2Ref                       0x00000d5b   Thumb Code    22  cx32l003_advtim.o(.text)
    ADVTIM_ClearOC3Ref                       0x00000d71   Thumb Code    24  cx32l003_advtim.o(.text)
    ADVTIM_ClearOC4Ref                       0x00000d89   Thumb Code    22  cx32l003_advtim.o(.text)
    ADVTIM_OC1PolarityConfig                 0x00000d9f   Thumb Code    24  cx32l003_advtim.o(.text)
    ADVTIM_OC1NPolarityConfig                0x00000db7   Thumb Code    24  cx32l003_advtim.o(.text)
    ADVTIM_OC2PolarityConfig                 0x00000dcf   Thumb Code    24  cx32l003_advtim.o(.text)
    ADVTIM_OC2NPolarityConfig                0x00000de7   Thumb Code    24  cx32l003_advtim.o(.text)
    ADVTIM_OC3PolarityConfig                 0x00000dff   Thumb Code    22  cx32l003_advtim.o(.text)
    ADVTIM_OC3NPolarityConfig                0x00000e15   Thumb Code    22  cx32l003_advtim.o(.text)
    ADVTIM_OC4PolarityConfig                 0x00000e2b   Thumb Code    22  cx32l003_advtim.o(.text)
    ADVTIM_CCxCmd                            0x00000e41   Thumb Code    34  cx32l003_advtim.o(.text)
    ADVTIM_CCxNCmd                           0x00000e63   Thumb Code    34  cx32l003_advtim.o(.text)
    ADVTIM_SelectOCxM                        0x00000e85   Thumb Code    86  cx32l003_advtim.o(.text)
    ADVTIM_UpdateDisableConfig               0x00000edb   Thumb Code    26  cx32l003_advtim.o(.text)
    ADVTIM_UpdateRequestConfig               0x00000ef5   Thumb Code    26  cx32l003_advtim.o(.text)
    ADVTIM_SelectHallSensor                  0x00000f0f   Thumb Code    26  cx32l003_advtim.o(.text)
    ADVTIM_SelectOnePulseMode                0x00000f29   Thumb Code    18  cx32l003_advtim.o(.text)
    ADVTIM_SelectOutputTrigger               0x00000f3b   Thumb Code    18  cx32l003_advtim.o(.text)
    ADVTIM_SelectSlaveMode                   0x00000f4d   Thumb Code    18  cx32l003_advtim.o(.text)
    ADVTIM_SelectMasterSlaveMode             0x00000f5f   Thumb Code    18  cx32l003_advtim.o(.text)
    ADVTIM_SetCounter                        0x00000f71   Thumb Code     4  cx32l003_advtim.o(.text)
    ADVTIM_SetAutoreload                     0x00000f75   Thumb Code     4  cx32l003_advtim.o(.text)
    ADVTIM_SetCompare1                       0x00000f79   Thumb Code     4  cx32l003_advtim.o(.text)
    ADVTIM_SetCompare2                       0x00000f7d   Thumb Code     4  cx32l003_advtim.o(.text)
    ADVTIM_SetCompare3                       0x00000f81   Thumb Code     4  cx32l003_advtim.o(.text)
    ADVTIM_SetCompare4                       0x00000f85   Thumb Code     4  cx32l003_advtim.o(.text)
    ADVTIM_SetClockDivision                  0x00000f89   Thumb Code    16  cx32l003_advtim.o(.text)
    ADVTIM_GetCapture1                       0x00000f99   Thumb Code     8  cx32l003_advtim.o(.text)
    ADVTIM_GetCapture2                       0x00000fa1   Thumb Code     8  cx32l003_advtim.o(.text)
    ADVTIM_GetCapture3                       0x00000fa9   Thumb Code     8  cx32l003_advtim.o(.text)
    ADVTIM_GetCapture4                       0x00000fb1   Thumb Code     8  cx32l003_advtim.o(.text)
    ADVTIM_GetCounter                        0x00000fb9   Thumb Code     8  cx32l003_advtim.o(.text)
    ADVTIM_GetPrescaler                      0x00000fc1   Thumb Code     8  cx32l003_advtim.o(.text)
    ADVTIM_GetFlagStatus                     0x00000fc9   Thumb Code    20  cx32l003_advtim.o(.text)
    ADVTIM_ClearFlag                         0x00000fdd   Thumb Code     8  cx32l003_advtim.o(.text)
    ADVTIM_GetITStatus                       0x00000fe5   Thumb Code    38  cx32l003_advtim.o(.text)
    ADVTIM_ClearITPendingBit                 0x0000100b   Thumb Code     8  cx32l003_advtim.o(.text)
    AWK_Init                                 0x0000102d   Thumb Code    30  cx32l003_awk.o(.text)
    AWK_Cmd                                  0x0000104b   Thumb Code    24  cx32l003_awk.o(.text)
    AWK_SelClk                               0x00001063   Thumb Code    16  cx32l003_awk.o(.text)
    AWK_SetRldval                            0x00001073   Thumb Code     4  cx32l003_awk.o(.text)
    AWK_ClearITFlag                          0x00001077   Thumb Code     6  cx32l003_awk.o(.text)
    GPIO_EXTILineConfig                      0x0000107d   Thumb Code   102  cx32l003_exti.o(.text)
    FLASH_GetStatus                          0x000010e5   Thumb Code    22  cx32l003_flash.o(.text)
    FLASH_WaitForLastOperation               0x000010fb   Thumb Code    34  cx32l003_flash.o(.text)
    FLASH_EraseSector                        0x0000111d   Thumb Code   118  cx32l003_flash.o(.text)
    FLASH_EraseAllSectors                    0x00001193   Thumb Code    86  cx32l003_flash.o(.text)
    FLASH_ProgramWord                        0x000011e9   Thumb Code   154  cx32l003_flash.o(.text)
    FLASH_ProgramHalfWord                    0x00001283   Thumb Code   154  cx32l003_flash.o(.text)
    FLASH_ProgramByte                        0x0000131d   Thumb Code   154  cx32l003_flash.o(.text)
    FLASH_OB_WRPConfig                       0x000013b7   Thumb Code   116  cx32l003_flash.o(.text)
    FLASH_OB_UserConfig                      0x0000142b   Thumb Code    28  cx32l003_flash.o(.text)
    FLASH_OB_ISPConfig                       0x00001447   Thumb Code    28  cx32l003_flash.o(.text)
    FLASH_ITConfig                           0x00001463   Thumb Code    36  cx32l003_flash.o(.text)
    FLASH_GetFlagStatus                      0x00001487   Thumb Code    22  cx32l003_flash.o(.text)
    FLASH_ClearFlag                          0x0000149d   Thumb Code    20  cx32l003_flash.o(.text)
    GPIO_DeInit                              0x000014c1   Thumb Code   124  cx32l003_gpio.o(.text)
    GPIO_AFIODeInit                          0x0000153d   Thumb Code    28  cx32l003_gpio.o(.text)
    GPIO_Init                                0x00001559   Thumb Code   164  cx32l003_gpio.o(.text)
    GPIO_StructInit                          0x000015fd   Thumb Code    20  cx32l003_gpio.o(.text)
    GPIO_ReadInputDataBit                    0x00001611   Thumb Code    20  cx32l003_gpio.o(.text)
    GPIO_ReadInputData                       0x00001625   Thumb Code     8  cx32l003_gpio.o(.text)
    GPIO_DBSyncCmd                           0x0000162d   Thumb Code    28  cx32l003_gpio.o(.text)
    GPIO_DBPinSyncCmd                        0x00001649   Thumb Code    20  cx32l003_gpio.o(.text)
    GPIO_DBClkCmd                            0x0000165d   Thumb Code    24  cx32l003_gpio.o(.text)
    GPIO_SetDBClk                            0x00001675   Thumb Code    16  cx32l003_gpio.o(.text)
    GPIO_ReadOutputDataBit                   0x00001685   Thumb Code    20  cx32l003_gpio.o(.text)
    GPIO_ReadOutputData                      0x00001699   Thumb Code     8  cx32l003_gpio.o(.text)
    GPIO_SetBits                             0x000016a1   Thumb Code     4  cx32l003_gpio.o(.text)
    GPIO_ResetBits                           0x000016a5   Thumb Code     4  cx32l003_gpio.o(.text)
    GPIO_WriteBit                            0x000016a9   Thumb Code    12  cx32l003_gpio.o(.text)
    GPIO_Write                               0x000016b5   Thumb Code     4  cx32l003_gpio.o(.text)
    GPIO_ToggleBits                          0x000016b9   Thumb Code     8  cx32l003_gpio.o(.text)
    GPIO_PinPuPdCmd                          0x000016c1   Thumb Code    28  cx32l003_gpio.o(.text)
    GPIO_PortDRCmd                           0x000016dd   Thumb Code    30  cx32l003_gpio.o(.text)
    GPIO_PinRemapConfig                      0x000016fb   Thumb Code    30  cx32l003_gpio.o(.text)
    GPIO_PinAFConfig                         0x00001719   Thumb Code    44  cx32l003_gpio.o(.text)
    NMI_Handler                              0x00001759   Thumb Code     2  cx32l003_it.o(.text)
    HardFault_Handler                        0x0000175b   Thumb Code     4  cx32l003_it.o(.text)
    MemManage_Handler                        0x0000175f   Thumb Code     4  cx32l003_it.o(.text)
    BusFault_Handler                         0x00001763   Thumb Code     4  cx32l003_it.o(.text)
    UsageFault_Handler                       0x00001767   Thumb Code     4  cx32l003_it.o(.text)
    SVC_Handler                              0x0000176b   Thumb Code     2  cx32l003_it.o(.text)
    DebugMon_Handler                         0x0000176d   Thumb Code     2  cx32l003_it.o(.text)
    PendSV_Handler                           0x0000176f   Thumb Code     2  cx32l003_it.o(.text)
    SysTick_Handler                          0x00001771   Thumb Code     2  cx32l003_it.o(.text)
    IWDG_WriteAccessCmd                      0x00001775   Thumb Code     6  cx32l003_iwdt.o(.text)
    IWDG_SetReload                           0x0000177b   Thumb Code     6  cx32l003_iwdt.o(.text)
    IWDG_SetWdtMode                          0x00001781   Thumb Code    32  cx32l003_iwdt.o(.text)
    IWDG_GetReload                           0x000017a1   Thumb Code     6  cx32l003_iwdt.o(.text)
    IWDG_ReloadCounter                       0x000017a7   Thumb Code     8  cx32l003_iwdt.o(.text)
    IWDG_Cmd                                 0x000017af   Thumb Code     8  cx32l003_iwdt.o(.text)
    IWDG_RELOAD                              0x000017b7   Thumb Code     8  cx32l003_iwdt.o(.text)
    IWDG_GetFlagStatus                       0x000017bf   Thumb Code    22  cx32l003_iwdt.o(.text)
    IWDG_WdtITShieldCmd                      0x000017d5   Thumb Code    32  cx32l003_iwdt.o(.text)
    IWDG_WdtITClear                          0x000017f5   Thumb Code     8  cx32l003_iwdt.o(.text)
    LPTIMER_ReadCnt                          0x00001801   Thumb Code     6  cx32l003_lptimer.o(.text)
    LPTIMER_Init                             0x00001807   Thumb Code    82  cx32l003_lptimer.o(.text)
    LPTIMER_Cmd                              0x00001859   Thumb Code    24  cx32l003_lptimer.o(.text)
    LPTIMER_TogCmd                           0x00001871   Thumb Code    24  cx32l003_lptimer.o(.text)
    LPTIMER_ITConfig                         0x00001889   Thumb Code    28  cx32l003_lptimer.o(.text)
    LPTIMER_GetWTFlagStatus                  0x000018a5   Thumb Code    24  cx32l003_lptimer.o(.text)
    LPTIMER_BGloadConfig                     0x000018bd   Thumb Code    30  cx32l003_lptimer.o(.text)
    LPTIMER_LoadConfig                       0x000018db   Thumb Code    30  cx32l003_lptimer.o(.text)
    LPTIMER_GetITStatus                      0x000018f9   Thumb Code    20  cx32l003_lptimer.o(.text)
    LPTIMER_ClearITFlag                      0x0000190d   Thumb Code     4  cx32l003_lptimer.o(.text)
    RCC_DeInit                               0x00001915   Thumb Code    24  cx32l003_rcc.o(.text)
    RCC_HIRCTrim                             0x0000192d   Thumb Code    20  cx32l003_rcc.o(.text)
    RCC_LIRCTrim                             0x00001941   Thumb Code    20  cx32l003_rcc.o(.text)
    RCC_SetHXTDrive                          0x00001955   Thumb Code    28  cx32l003_rcc.o(.text)
    RCC_SetLXTDrive                          0x00001971   Thumb Code    28  cx32l003_rcc.o(.text)
    RCC_WaitForHIRCStable                    0x0000198d   Thumb Code    64  cx32l003_rcc.o(.text)
    RCC_WaitForHXTStable                     0x000019cd   Thumb Code    70  cx32l003_rcc.o(.text)
    RCC_WaitForLIRCStable                    0x00001a13   Thumb Code    80  cx32l003_rcc.o(.text)
    RCC_WaitForLXTStable                     0x00001a63   Thumb Code    66  cx32l003_rcc.o(.text)
    RCC_LXTCmd                               0x00001aa5   Thumb Code    58  cx32l003_rcc.o(.text)
    RCC_SetX32KPort                          0x00001adf   Thumb Code    26  cx32l003_rcc.o(.text)
    RCC_SetM0IRQLatency                      0x00001af9   Thumb Code    12  cx32l003_rcc.o(.text)
    RCC_SystemTickTimerConfig                0x00001b05   Thumb Code    26  cx32l003_rcc.o(.text)
    RCC_SetSystemTickTimerCoreRefClockcmd    0x00001b1f   Thumb Code    34  cx32l003_rcc.o(.text)
    RCC_SysclkCmd                            0x00001b41   Thumb Code   130  cx32l003_rcc.o(.text)
    RCC_SelSysclk                            0x00001bc3   Thumb Code    26  cx32l003_rcc.o(.text)
    RCC_SysclkOutputConfig                   0x00001bdd   Thumb Code    28  cx32l003_rcc.o(.text)
    RCC_SysclkOutputCmd                      0x00001bf9   Thumb Code    34  cx32l003_rcc.o(.text)
    RCC_SysclkFclkDiv                        0x00001c1b   Thumb Code    20  cx32l003_rcc.o(.text)
    RCC_GetSysclkSource                      0x00001c2f   Thumb Code    10  cx32l003_rcc.o(.text)
    RCC_SetHclkDiv                           0x00001c39   Thumb Code     4  cx32l003_rcc.o(.text)
    RCC_SetPclkDiv                           0x00001c3d   Thumb Code     4  cx32l003_rcc.o(.text)
    RCC_AHBPeriphClockCmd                    0x00001c41   Thumb Code    20  cx32l003_rcc.o(.text)
    RCC_APBPeriphClockCmd                    0x00001c55   Thumb Code    20  cx32l003_rcc.o(.text)
    RCC_PeriphResetCmd                       0x00001c69   Thumb Code    30  cx32l003_rcc.o(.text)
    RCC_RTCResetCmd                          0x00001c87   Thumb Code    28  cx32l003_rcc.o(.text)
    RCC_ResetCmd                             0x00001ca3   Thumb Code    40  cx32l003_rcc.o(.text)
    RCC_GetFlagStatus                        0x00001ccb   Thumb Code    26  cx32l003_rcc.o(.text)
    RCC_SetIoMux                             0x00001ce5   Thumb Code    36  cx32l003_rcc.o(.text)
    SYSCTRL_DeInit                           0x00001d09   Thumb Code    24  cx32l003_syscon.o(.text)
    SYSCTRL_CortexM0LockUpCmd                0x00001d21   Thumb Code    34  cx32l003_syscon.o(.text)
    SYSCTRL_DeepsleepPortITCmd               0x00001d43   Thumb Code    22  cx32l003_syscon.o(.text)
    SYSCTRL_ActiveSleepPortITCmd             0x00001d59   Thumb Code    24  cx32l003_syscon.o(.text)
    SYSCTRL_SPICSConfig                      0x00001d71   Thumb Code    16  cx32l003_syscon.o(.text)
    SYSCTRL_TIM10_GateConfig                 0x00001d81   Thumb Code    16  cx32l003_syscon.o(.text)
    SYSCTRL_TIM11_GateConfig                 0x00001d91   Thumb Code    16  cx32l003_syscon.o(.text)
    SYSCTRL_IPTIM_GateConfig                 0x00001da1   Thumb Code    18  cx32l003_syscon.o(.text)
    SYSCTRL_PCACapMuxConfig                  0x00001db3   Thumb Code    28  cx32l003_syscon.o(.text)
    SYSCTRL_TIM1_InputSignalConfig           0x00001dcf   Thumb Code    28  cx32l003_syscon.o(.text)
    SYSCTRL_TIM1_ETRSignalConfig             0x00001deb   Thumb Code    18  cx32l003_syscon.o(.text)
    SYSCTRL_TIM1_SetBreakSTM                 0x00001dfd   Thumb Code    18  cx32l003_syscon.o(.text)
    SYSCTRL_TIM1_SetBreakZERO                0x00001e0f   Thumb Code    12  cx32l003_syscon.o(.text)
    SYSCTRL_TIM2_InputSignalConfig           0x00001e1b   Thumb Code    28  cx32l003_syscon.o(.text)
    SYSCTRL_TIM2_ETRSignalConfig             0x00001e37   Thumb Code    18  cx32l003_syscon.o(.text)
    SYSCTRL_LPUART_CLKConfig                 0x00001e49   Thumb Code    34  cx32l003_syscon.o(.text)
    SYSCTRL_LPUART_CLKCmd                    0x00001e6b   Thumb Code    48  cx32l003_syscon.o(.text)
    TIM_DeInit                               0x00001ea9   Thumb Code    38  cx32l003_timer.o(.text)
    TIM_TimeBaseInit                         0x00001ecf   Thumb Code    44  cx32l003_timer.o(.text)
    TIM_StructInit                           0x00001efb   Thumb Code    34  cx32l003_timer.o(.text)
    TIM_Cmd                                  0x00001f1d   Thumb Code    24  cx32l003_timer.o(.text)
    TIM_TogCmd                               0x00001f35   Thumb Code    28  cx32l003_timer.o(.text)
    TIM_ITConfig                             0x00001f51   Thumb Code    24  cx32l003_timer.o(.text)
    TIM_CounterModeConfig                    0x00001f69   Thumb Code    18  cx32l003_timer.o(.text)
    TIM_SelectGatePolarity                   0x00001f7b   Thumb Code    20  cx32l003_timer.o(.text)
    TIM_SetClockDivision                     0x00001f8f   Thumb Code    16  cx32l003_timer.o(.text)
    TIM_GetPrescaler                         0x00001f9f   Thumb Code    10  cx32l003_timer.o(.text)
    TIM_SetTimerLoadRegister                 0x00001fa9   Thumb Code     6  cx32l003_timer.o(.text)
    TIM_GetTimerLoadRegister                 0x00001faf   Thumb Code     6  cx32l003_timer.o(.text)
    TIM_SetCountRegister                     0x00001fb5   Thumb Code     4  cx32l003_timer.o(.text)
    TIM_GetCountRegister                     0x00001fb9   Thumb Code     6  cx32l003_timer.o(.text)
    TIM_GetITSourceFlagStatus                0x00001fbf   Thumb Code    20  cx32l003_timer.o(.text)
    TIM_GetITShieldFlagStatus                0x00001fd3   Thumb Code    20  cx32l003_timer.o(.text)
    TIM_ClearITFlag                          0x00001fe7   Thumb Code     8  cx32l003_timer.o(.text)
    UART_DeInit                              0x0000202f   Thumb Code    62  cx32l003_uart.o(.text)
    UART_Init                                0x0000206d   Thumb Code   328  cx32l003_uart.o(.text)
    UART_StructInit                          0x000021b5   Thumb Code    16  cx32l003_uart.o(.text)
    UART_Cmd                                 0x000021c5   Thumb Code    46  cx32l003_uart.o(.text)
    UART_ITConfig                            0x000021f3   Thumb Code    20  cx32l003_uart.o(.text)
    UART_SetAddress                          0x00002207   Thumb Code    32  cx32l003_uart.o(.text)
    UART_ReciveCmd                           0x00002227   Thumb Code    68  cx32l003_uart.o(.text)
    UART_SendData                            0x0000226b   Thumb Code     4  cx32l003_uart.o(.text)
    UART_ReceiveData                         0x0000226f   Thumb Code     8  cx32l003_uart.o(.text)
    UART_TB8Cmd                              0x00002277   Thumb Code    24  cx32l003_uart.o(.text)
    UART_RB8Cmd                              0x0000228f   Thumb Code    24  cx32l003_uart.o(.text)
    UART_IrDAConfig                          0x000022a7   Thumb Code    24  cx32l003_uart.o(.text)
    UART_IrDACmd                             0x000022bf   Thumb Code    28  cx32l003_uart.o(.text)
    UART_GetITStatus                         0x000022db   Thumb Code    20  cx32l003_uart.o(.text)
    UART_ClearITBit                          0x000022ef   Thumb Code     4  cx32l003_uart.o(.text)
    NVIC_PriorityGroupConfig                 0x0000230d   Thumb Code    10  misc.o(.text)
    NVIC_Init                                0x00002317   Thumb Code   114  misc.o(.text)
    NVIC_SetVectorTable                      0x00002389   Thumb Code     2  misc.o(.text)
    NVIC_SystemLPConfig                      0x0000238b   Thumb Code    28  misc.o(.text)
    SysTick_CLKSourceConfig                  0x000023a7   Thumb Code    32  misc.o(.text)
    TEST_TIM_Mode_Config                     0x000023d9   Thumb Code     2  user_advtime.o(.text)
    TEST_ADVTIM_MULTICHANEEL_Config          0x000023db   Thumb Code     2  user_advtime.o(.text)
    ADVTIM_PWMMODE_Config                    0x000023dd   Thumb Code   148  user_advtime.o(.text)
    switchPwmChannel                         0x00002471   Thumb Code    84  user_advtime.o(.text)
    updatePWMChlDuty                         0x000024c5   Thumb Code   192  user_advtime.o(.text)
    TEST_ADVTIM_CAPTUREMODE_Config           0x00002585   Thumb Code     2  user_advtime.o(.text)
    TEST_ADVTIM_SINGLECAPTUREMODE_Config     0x00002587   Thumb Code     2  user_advtime.o(.text)
    TEST_ADVTIM_CASACADEMODE_Config          0x00002589   Thumb Code     2  user_advtime.o(.text)
    TEST_ADVTIM_OUTPUTCOMPARE_Config         0x0000258b   Thumb Code     2  user_advtime.o(.text)
    TEST_ADVTIM_ONEPLUS_Config               0x0000258d   Thumb Code     2  user_advtime.o(.text)
    TEST_ADVTIM_DEADTIME_BREAK               0x0000258f   Thumb Code     2  user_advtime.o(.text)
    TEST_ADVTIM_DEADTIME_BREAK_DEEPSLEEP_Config 0x00002591   Thumb Code     2  user_advtime.o(.text)
    TEST_ADVTIM_EVENT_GENERATION_Config      0x00002593   Thumb Code     2  user_advtime.o(.text)
    TEST_ADVTIM_ETR_FUNCTION_Config          0x00002595   Thumb Code     2  user_advtime.o(.text)
    ADVTIM_IRQHandler                        0x00002597   Thumb Code   408  user_advtime.o(.text)
    BASIC_TIM_Mode_Config                    0x000027bb   Thumb Code   122  user_basetime.o(.text)
    TIMER10_IRQHandler                       0x00002835   Thumb Code    38  user_basetime.o(.text)
    userNVICPrioirySetting                   0x0000286d   Thumb Code   122  user_exti.o(.text)
    disableRXInt                             0x0000295b   Thumb Code    30  user_exti.o(.text)
    EXTI_Key_Config                          0x00002979   Thumb Code    74  user_exti.o(.text)
    GPIOA_IRQHandler                         0x00002ab3   Thumb Code    16  user_exti.o(.text)
    GPIOB_IRQHandler                         0x00002ac3   Thumb Code    16  user_exti.o(.text)
    GPIOC_IRQHandler                         0x00002ad3   Thumb Code    16  user_exti.o(.text)
    GPIOD_IRQHandler                         0x00002ae3   Thumb Code    16  user_exti.o(.text)
    readInternalFlashData                    0x00002b0d   Thumb Code     6  user_internalflash.o(.text)
    readInternalFlashWrod                    0x00002b13   Thumb Code     6  user_internalflash.o(.text)
    readInternalFlashByte                    0x00002b19   Thumb Code     6  user_internalflash.o(.text)
    EraseFlash                               0x00002b1f   Thumb Code    24  user_internalflash.o(.text)
    StoreData2Flash                          0x00002b37   Thumb Code    46  user_internalflash.o(.text)
    LoadAllDataFromFlash                     0x00002b65   Thumb Code    40  user_internalflash.o(.text)
    StoreDataInit                            0x00002b8d   Thumb Code    58  user_internalflash.o(.text)
    FlashInit                                0x00002bc7   Thumb Code    28  user_internalflash.o(.text)
    Enter_DeepSleep                          0x00002bed   Thumb Code    30  user_lptimer.o(.text)
    Enter_Sleep                              0x00002c0b   Thumb Code    26  user_lptimer.o(.text)
    TEST_SETLPTIMERGATE                      0x00002c4b   Thumb Code   100  user_lptimer.o(.text)
    LPTIMER_Config                           0x00002caf   Thumb Code    84  user_lptimer.o(.text)
    LPTIMER_IRQHandler                       0x00002d03   Thumb Code   194  user_lptimer.o(.text)
    setSystemHIRC                            0x00002e05   Thumb Code   122  user_sysclock.o(.text)
    setSystemLIRC                            0x00002e7f   Thumb Code    80  user_sysclock.o(.text)
    systemClkSelect                          0x00002ecf   Thumb Code    28  user_sysclock.o(.text)
    systemClkSet                             0x00002eeb   Thumb Code    54  user_sysclock.o(.text)
    main                                     0x00002f31   Thumb Code   148  main.o(.text)
    uartRXPortAsNormalIoInput                0x00002ff5   Thumb Code    30  user_menu.o(.text)
    powerOnIoInit                            0x00003013   Thumb Code   288  user_menu.o(.text)
    resetEntrySleepTime                      0x00003133   Thumb Code    26  user_menu.o(.text)
    entryNormalModeChk                       0x0000314d   Thumb Code    24  user_menu.o(.text)
    clrAllSttsBeforeEntrySleep               0x00003165   Thumb Code    66  user_menu.o(.text)
    systemPowerDown                          0x000031a7   Thumb Code    18  user_menu.o(.text)
    fucnPer50ms                              0x000031b9   Thumb Code     2  user_menu.o(.text)
    fucnPer100ms                             0x000031bb   Thumb Code     2  user_menu.o(.text)
    selectTimeIndicatior                     0x000031bd   Thumb Code    62  user_menu.o(.text)
    pairedResult                             0x000031fb   Thumb Code    62  user_menu.o(.text)
    checkPairingTimeout                      0x00003239   Thumb Code    40  user_menu.o(.text)
    fucnPer500ms                             0x00003261   Thumb Code     8  user_menu.o(.text)
    getBattVolt                              0x00003269   Thumb Code    42  user_menu.o(.text)
    startUvFunc                              0x00003293   Thumb Code    72  user_menu.o(.text)
    systemOffByManual                        0x000032db   Thumb Code     8  user_menu.o(.text)
    UVcountDownFunc                          0x000032e3   Thumb Code   182  user_menu.o(.text)
    fucnPer1s                                0x00003399   Thumb Code    12  user_menu.o(.text)
    entrySleepCheck                          0x000033a5   Thumb Code    52  user_menu.o(.text)
    fucnPer5ms                               0x000033d9   Thumb Code   252  user_menu.o(.text)
    chkSystemResume                          0x000034d5   Thumb Code    26  user_menu.o(.text)
    checkRemoteTimerKey                      0x000034ef   Thumb Code   142  user_menu.o(.text)
    MenuFunction                             0x0000357d   Thumb Code   266  user_menu.o(.text)
    powerDataInit                            0x00003687   Thumb Code    28  user_menu.o(.text)
    commandExcute                            0x000036a3   Thumb Code     2  user_menu.o(.text)
    addCheckToSendBuff                       0x000036a5   Thumb Code    36  user_menu.o(.text)
    ADCPinAFSet                              0x00003705   Thumb Code   132  user_adc.o(.text)
    adcChlCMD2adcIndex                       0x00003789   Thumb Code    30  user_adc.o(.text)
    adcChlCMD2adcAdcChl                      0x000037a7   Thumb Code    18  user_adc.o(.text)
    ADC_SignalMode_Config                    0x000037b9   Thumb Code   106  user_adc.o(.text)
    ADC_MutiMode_Config                      0x00003823   Thumb Code   102  user_adc.o(.text)
    mutiChannesADC                           0x00003889   Thumb Code    90  user_adc.o(.text)
    getSignalChlADC                          0x000038e3   Thumb Code   104  user_adc.o(.text)
    readADCResultFromMutiChls                0x0000394b   Thumb Code    22  user_adc.o(.text)
    exception                                0x00003961   Thumb Code    70  user_adc.o(.text)
    adcThresholdGenerate                     0x000039a7   Thumb Code    18  user_adc.o(.text)
    getSystemperature                        0x000039b9   Thumb Code    40  user_adc.o(.text)
    vSystemErrorCheck                        0x000039e1   Thumb Code   166  user_adc.o(.text)
    AWK_Config                               0x00003aed   Thumb Code    52  user_awk.o(.text)
    AWK_Feed                                 0x00003b21   Thumb Code    12  user_awk.o(.text)
    AWK_IRQHandler                           0x00003b2d   Thumb Code    20  user_awk.o(.text)
    IWDG_Config                              0x00003b69   Thumb Code    76  user_iwdt .o(.text)
    IWDG_Feed                                0x00003bb5   Thumb Code    24  user_iwdt .o(.text)
    IWDT_IRQHandler                          0x00003bcd   Thumb Code    28  user_iwdt .o(.text)
    ddl_memclr                               0x00003bf9   Thumb Code    32  user_ddl.o(.text)
    delay100us                               0x00003c19   Thumb Code    32  user_ddl.o(.text)
    UART_Config                              0x00003c5f   Thumb Code   148  user_uart.o(.text)
    Uart_SendByte                            0x00003cf3   Thumb Code    22  user_uart.o(.text)
    Uart_SendString                          0x00003d09   Thumb Code    28  user_uart.o(.text)
    resetUartRecTimer                        0x00003d25   Thumb Code    14  user_uart.o(.text)
    uartReceivedDataProcess                  0x00003d33   Thumb Code   414  user_uart.o(.text)
    uartSendDataProcess                      0x00003ed1   Thumb Code   228  user_uart.o(.text)
    UART0_IRQHandler                         0x00003fb5   Thumb Code   266  user_uart.o(.text)
    initLEDStyleParams                       0x000040c1   Thumb Code    36  user_lighteffect.o(.text)
    setLEDFunc                               0x000040e5   Thumb Code    34  user_lighteffect.o(.text)
    lightEffectProcess                       0x00004107   Thumb Code    52  user_lighteffect.o(.text)
    lightEffectFunc                          0x0000413b   Thumb Code    44  user_lighteffect.o(.text)
    turnOffAllLightEffect                    0x00004167   Thumb Code    46  user_lighteffect.o(.text)
    setFlashEffectPub                        0x00004195   Thumb Code    30  user_lighteffect.o(.text)
    offPowerLedCb                            0x000041b3   Thumb Code    12  user_lighteffect.o(.text)
    onPowerLedCb                             0x000041bf   Thumb Code    12  user_lighteffect.o(.text)
    off15mLedCb                              0x000041cb   Thumb Code    12  user_lighteffect.o(.text)
    on15mLedCb                               0x000041d7   Thumb Code    12  user_lighteffect.o(.text)
    off30mLedCb                              0x000041e3   Thumb Code    12  user_lighteffect.o(.text)
    on30mLedCb                               0x000041ef   Thumb Code    12  user_lighteffect.o(.text)
    off60mLedCb                              0x000041fb   Thumb Code    12  user_lighteffect.o(.text)
    on60mLedCb                               0x00004207   Thumb Code    12  user_lighteffect.o(.text)
    setPowerLedEffect                        0x00004213   Thumb Code    52  user_lighteffect.o(.text)
    setPairingLedEffect                      0x00004247   Thumb Code    52  user_lighteffect.o(.text)
    setTimer15mLedEffect                     0x0000427b   Thumb Code    84  user_lighteffect.o(.text)
    setTimer30mLedEffect                     0x000042cf   Thumb Code    84  user_lighteffect.o(.text)
    setTimer60mLedEffect                     0x00004323   Thumb Code    84  user_lighteffect.o(.text)
    allLedEffectModeCb                       0x00004377   Thumb Code    12  user_lighteffect.o(.text)
    syncAllLedEffect                         0x00004383   Thumb Code   178  user_lighteffect.o(.text)
    setVoltErrorLed                          0x00004435   Thumb Code    14  user_lighteffect.o(.text)
    setHotLed                                0x00004443   Thumb Code    14  user_lighteffect.o(.text)
    funcPowerKeyReleased                     0x000044d5   Thumb Code    32  user_key.o(.text)
    funcTimerKeyReleased                     0x000044f5   Thumb Code    32  user_key.o(.text)
    setTimerKeyPressedFlag                   0x00004515   Thumb Code    34  user_key.o(.text)
    setPowerKeyPressedFlag                   0x00004537   Thumb Code    28  user_key.o(.text)
    funcKeyTask                              0x00004553   Thumb Code   372  user_key.o(.text)
    genTonePub                               0x000046e9   Thumb Code    26  user_tone.o(.text)
    genErrorTone                             0x00004703   Thumb Code    24  user_tone.o(.text)
    genConfrimTone                           0x0000471b   Thumb Code    24  user_tone.o(.text)
    genKeyTone                               0x00004733   Thumb Code    24  user_tone.o(.text)
    genEndTone                               0x0000474b   Thumb Code    24  user_tone.o(.text)
    turnOffTone                              0x00004763   Thumb Code    20  user_tone.o(.text)
    voiceFunc                                0x00004777   Thumb Code   118  user_tone.o(.text)
    deinitComm                               0x0000481d   Thumb Code    12  communication.o(.text)
    initChargeComm                           0x00004829   Thumb Code    20  communication.o(.text)
    testLedFunc                              0x0000483d   Thumb Code    34  communication.o(.text)
    validCodeReceived                        0x0000485f   Thumb Code    32  communication.o(.text)
    dataReceiveFunc                          0x0000487f   Thumb Code   546  communication.o(.text)
    dataReceivedProcess                      0x00004aa1   Thumb Code   454  communication.o(.text)
    memcmp                                   0x00004c71   Thumb Code    90  memcmp.o(.text)
    __aeabi_memcpy                           0x00004ccb   Thumb Code   130  rt_memcpy.o(.text)
    __rt_memcpy                              0x00004ccb   Thumb Code     0  rt_memcpy.o(.text)
    __aeabi_uidiv                            0x00004d4d   Thumb Code     0  aeabi_sdiv.o(.text)
    __aeabi_uidivmod                         0x00004d4d   Thumb Code    20  aeabi_sdiv.o(.text)
    __aeabi_idiv                             0x00004d61   Thumb Code     0  aeabi_sdiv.o(.text)
    __aeabi_idivmod                          0x00004d61   Thumb Code   326  aeabi_sdiv.o(.text)
    __use_two_region_memory                  0x00004ea7   Thumb Code     2  heapauxi.o(.text)
    __rt_heap_escrow$2region                 0x00004ea9   Thumb Code     2  heapauxi.o(.text)
    __rt_heap_expand$2region                 0x00004eab   Thumb Code     2  heapauxi.o(.text)
    __aeabi_d2f                              0x00004ead   Thumb Code     0  d2f.o(.text)
    _d2f                                     0x00004ead   Thumb Code   120  d2f.o(.text)
    __aeabi_dadd                             0x00005221   Thumb Code     0  daddsub.o(.text)
    _dadd                                    0x00005221   Thumb Code    26  daddsub.o(.text)
    __aeabi_dsub                             0x0000523b   Thumb Code     0  daddsub.o(.text)
    _dsub                                    0x0000523b   Thumb Code    22  daddsub.o(.text)
    __aeabi_drsub                            0x00005251   Thumb Code     0  daddsub.o(.text)
    _drsb                                    0x00005251   Thumb Code    28  daddsub.o(.text)
    __aeabi_ddiv                             0x00005281   Thumb Code     0  ddiv.o(.text)
    _ddiv                                    0x00005281   Thumb Code  1072  ddiv.o(.text)
    _drdiv                                   0x000056b1   Thumb Code    20  ddiv.o(.text)
    __aeabi_i2d_normalise                    0x000056c9   Thumb Code    66  dflti.o(.text)
    __aeabi_i2d                              0x0000570b   Thumb Code    16  dflti.o(.text)
    _dflt                                    0x0000570b   Thumb Code     0  dflti.o(.text)
    __aeabi_ui2d                             0x0000571b   Thumb Code     6  dflti.o(.text)
    _dfltu                                   0x0000571b   Thumb Code     0  dflti.o(.text)
    __aeabi_dmul                             0x00005721   Thumb Code     0  dmul.o(.text)
    _dmul                                    0x00005721   Thumb Code   558  dmul.o(.text)
    __aeabi_f2d                              0x00005969   Thumb Code     0  f2d.o(.text)
    _f2d                                     0x00005969   Thumb Code    80  f2d.o(.text)
    __aeabi_fdiv                             0x000059bd   Thumb Code     0  fdiv.o(.text)
    _fdiv                                    0x000059bd   Thumb Code   334  fdiv.o(.text)
    _frdiv                                   0x00005b0b   Thumb Code     8  fdiv.o(.text)
    __aeabi_f2iz                             0x00005b1d   Thumb Code     0  ffixi.o(.text)
    _ffix                                    0x00005b1d   Thumb Code    76  ffixi.o(.text)
    __aeabi_f2uiz                            0x00005b69   Thumb Code     0  ffixui.o(.text)
    _ffixu                                   0x00005b69   Thumb Code    48  ffixui.o(.text)
    __aeabi_i2f_normalise                    0x00005b99   Thumb Code    72  fflti.o(.text)
    __aeabi_i2f                              0x00005be1   Thumb Code    16  fflti.o(.text)
    _fflt                                    0x00005be1   Thumb Code     0  fflti.o(.text)
    __aeabi_ui2f                             0x00005bf1   Thumb Code     6  fflti.o(.text)
    _ffltu                                   0x00005bf1   Thumb Code     0  fflti.o(.text)
    __fpl_dcmp_InfNaN                        0x00005bf9   Thumb Code   140  dcmpin.o(.text)
    __fpl_fcmp_InfNaN                        0x00005c89   Thumb Code    96  fcmpin.o(.text)
    __fpl_cmpreturn                          0x00005ced   Thumb Code    46  cmpret.o(.text)
    __fpl_dcheck_NaN2                        0x00005d1d   Thumb Code    14  dnan2.o(.text)
    __fpl_fcheck_NaN2                        0x00005d31   Thumb Code    10  fnan2.o(.text)
    __user_setup_stackheap                   0x00005d41   Thumb Code    62  sys_stackheap_outer.o(.text)
    exit                                     0x00005d7f   Thumb Code    16  exit.o(.text)
    __fpl_return_NaN                         0x00005d8f   Thumb Code    94  retnan.o(.text)
    __user_libspace                          0x00005ded   Thumb Code     8  libspace.o(.text)
    __user_perproc_libspace                  0x00005ded   Thumb Code     0  libspace.o(.text)
    __user_perthread_libspace                0x00005ded   Thumb Code     0  libspace.o(.text)
    _sys_exit                                0x00005df5   Thumb Code     8  sys_exit.o(.text)
    __I$use$semihosting                      0x00005e01   Thumb Code     0  use_no_semi.o(.text)
    __use_no_semihosting_swi                 0x00005e01   Thumb Code     2  use_no_semi.o(.text)
    __ARM_common_switch8                     0x00005e03   Thumb Code    28  user_sysclock.o(i.__ARM_common_switch8)
    __semihosting_library_function           0x00005e03   Thumb Code     0  indicate_semi.o(.text)
    __aeabi_cdcmple                          0x00005e21   Thumb Code     0  dlef.o(x$fpl$dleqf)
    _dcmple                                  0x00005e21   Thumb Code    94  dlef.o(x$fpl$dleqf)
    __aeabi_cdrcmple                         0x00005e85   Thumb Code     0  drlef.o(x$fpl$drleqf)
    _drcmple                                 0x00005e85   Thumb Code   100  drlef.o(x$fpl$drleqf)
    __aeabi_fadd                             0x00005eed   Thumb Code     0  faddsub.o(x$fpl$fadd)
    _fadd                                    0x00005eed   Thumb Code   134  faddsub.o(x$fpl$fadd)
    __aeabi_fmul                             0x00005f79   Thumb Code     0  fmul.o(x$fpl$fmul)
    _fmul                                    0x00005f79   Thumb Code   172  fmul.o(x$fpl$fmul)
    __aeabi_cfrcmple                         0x00006029   Thumb Code     0  frlef.o(x$fpl$frleqf)
    _frcmple                                 0x00006029   Thumb Code    84  frlef.o(x$fpl$frleqf)
    __aeabi_frsub                            0x00006081   Thumb Code     0  faddsub.o(x$fpl$frsb)
    _frsb                                    0x00006081   Thumb Code    24  faddsub.o(x$fpl$frsb)
    __aeabi_fsub                             0x00006099   Thumb Code     0  faddsub.o(x$fpl$fsub)
    _fsub                                    0x00006099   Thumb Code   204  faddsub.o(x$fpl$fsub)
    __I$use$fp                               0x00006168   Number         0  usenofp.o(x$fpl$usenofp)
    flashPowerLedTimerArray                  0x00006168   Data           2  user_lighteffect.o(.constdata)
    flashPowerLedSttsArray                   0x0000616a   Data           2  user_lighteffect.o(.constdata)
    flash15mLedTimerArray                    0x0000616c   Data           2  user_lighteffect.o(.constdata)
    flash15mLedSttsArray                     0x0000616e   Data           2  user_lighteffect.o(.constdata)
    flash30mLedTimerArray                    0x00006170   Data           2  user_lighteffect.o(.constdata)
    flash30mLedSttsArray                     0x00006172   Data           2  user_lighteffect.o(.constdata)
    flash60mLedTimerArray                    0x00006174   Data           2  user_lighteffect.o(.constdata)
    flash60mLedSttsArray                     0x00006176   Data           2  user_lighteffect.o(.constdata)
    voltErrorLedTimerArray                   0x00006178   Data           4  user_lighteffect.o(.constdata)
    voltErrorLedSttsArray                    0x0000617c   Data           4  user_lighteffect.o(.constdata)
    temperatureErrorLedTimerArray            0x00006180   Data           3  user_lighteffect.o(.constdata)
    temperatureErrorLedSttsArray             0x00006183   Data           3  user_lighteffect.o(.constdata)
    pairingLedTimerArray                     0x00006186   Data           2  user_lighteffect.o(.constdata)
    pairingLedSttsArray                      0x00006188   Data           2  user_lighteffect.o(.constdata)
    keyToneTimeArray                         0x0000618a   Data           2  user_tone.o(.constdata)
    keyToneSttsArray                         0x0000618c   Data           2  user_tone.o(.constdata)
    endToneTimeArray                         0x0000618e   Data          10  user_tone.o(.constdata)
    endToneSttsArray                         0x00006198   Data          10  user_tone.o(.constdata)
    confirmToneTimeArray                     0x000061a2   Data           2  user_tone.o(.constdata)
    confirmToneSttsArray                     0x000061a4   Data           2  user_tone.o(.constdata)
    systemVoltErrorTimeArray                 0x000061a6   Data           6  user_tone.o(.constdata)
    systemVoltErrorSttsArray                 0x000061ac   Data           6  user_tone.o(.constdata)
    Region$$Table$$Base                      0x00006274   Number         0  anon$$obj.o(Region$$Table)
    Region$$Table$$Limit                     0x00006294   Number         0  anon$$obj.o(Region$$Table)
    ucIntCC1Flag                             0x20000000   Data           1  user_advtime.o(.data)
    ucIntCC2Flag                             0x20000001   Data           1  user_advtime.o(.data)
    ucIntCC3Flag                             0x20000002   Data           1  user_advtime.o(.data)
    ucIntCC4Flag                             0x20000003   Data           1  user_advtime.o(.data)
    ucIntCOMFlag                             0x20000004   Data           1  user_advtime.o(.data)
    ucIntTriggerFlag                         0x20000005   Data           1  user_advtime.o(.data)
    ucIntBreakFlag                           0x20000006   Data           1  user_advtime.o(.data)
    ucIntServedFlag                          0x20000007   Data           1  user_advtime.o(.data)
    ulIntCntTmp                              0x20000008   Data           4  user_advtime.o(.data)
    CaptureValue                             0x2000000c   Data           4  user_advtime.o(.data)
    ulFrequencyCH1                           0x20000010   Data           4  user_advtime.o(.data)
    ulFrequencyCH2                           0x20000014   Data           4  user_advtime.o(.data)
    ulFrequencyCH3                           0x20000018   Data           4  user_advtime.o(.data)
    ulFrequencyCH4                           0x2000001c   Data           4  user_advtime.o(.data)
    ulCaptureCC1Old                          0x20000020   Data           4  user_advtime.o(.data)
    ulCaptureCC2Old                          0x20000024   Data           4  user_advtime.o(.data)
    ulCaptureCC3Old                          0x20000028   Data           4  user_advtime.o(.data)
    ulCaptureCC4Old                          0x2000002c   Data           4  user_advtime.o(.data)
    BASIC_TIMFLag                            0x20000030   Data           4  user_basetime.o(.data)
    vTime1msCnt                              0x20000034   Data           2  user_basetime.o(.data)
    EXTI_IT_FLAG                             0x20000036   Data           1  user_exti.o(.data)
    storageParamsStruct                      0x20000038   Data           4  user_internalflash.o(.data)
    pStorageParamsStruct                     0x2000003c   Data           4  user_internalflash.o(.data)
    fTestFlag                                0x20000040   Data           1  user_lptimer.o(.data)
    vSystemLIRC5ms                           0x20000042   Data           2  user_lptimer.o(.data)
    vSystem5ms                               0x20000044   Data           2  user_lptimer.o(.data)
    vTimerCnt                                0x20000046   Data           1  user_lptimer.o(.data)
    fTime50ms                                0x20000047   Data           1  user_lptimer.o(.data)
    fTime100ms                               0x20000048   Data           1  user_lptimer.o(.data)
    fTime500ms                               0x20000049   Data           1  user_lptimer.o(.data)
    fTime1s                                  0x2000004a   Data           1  user_lptimer.o(.data)
    lPTIMER_FLAG                             0x2000004b   Data           1  user_lptimer.o(.data)
    vTimerTest                               0x2000004c   Data           1  user_lptimer.o(.data)
    vSystem1s                                0x20000050   Data           2  user_menu.o(.data)
    vTimeToSleep                             0x20000052   Data           2  user_menu.o(.data)
    fIsSystemInitialing                      0x20000054   Data           1  user_menu.o(.data)
    fIsSystemOff                             0x20000055   Data           1  user_menu.o(.data)
    fIsLightActive                           0x20000056   Data           1  user_menu.o(.data)
    fTimerToPowerOnLED                       0x20000057   Data           1  user_menu.o(.data)
    vPowerOnLEDCnt                           0x20000058   Data           1  user_menu.o(.data)
    uvParams                                 0x2000005a   Data           4  user_menu.o(.data)
    uvPairParams                             0x2000005e   Data           2  user_menu.o(.data)
    vSystemStts                              0x20000060   Data           1  user_menu.o(.data)
    fIsTurnOffByException                    0x20000061   Data           1  user_menu.o(.data)
    fIsNewCMDGod                             0x20000062   Data           1  user_menu.o(.data)
    vSystemVdd                               0x20000064   Data           4  user_menu.o(.data)
    vBreakVoltDectCnt                        0x20000068   Data           1  user_menu.o(.data)
    vFunctionIndex                           0x20000069   Data           1  user_menu.o(.data)
    vTempThreshold                           0x2000006a   Data           2  user_adc.o(.data)
    vTempThresholdHi                         0x2000006c   Data           2  user_adc.o(.data)
    vTempThresholdLow                        0x2000006e   Data           2  user_adc.o(.data)
    vVoltThresholdHi                         0x20000070   Data           2  user_adc.o(.data)
    vVoltThresholdLow                        0x20000072   Data           2  user_adc.o(.data)
    AWK_flg                                  0x20000074   Data           4  user_awk.o(.data)
    IWDG_FLAG                                0x20000078   Data           4  user_iwdt .o(.data)
    FlagState                                0x2000007c   Data           1  user_uart.o(.data)
    vUartRecevieOverCnt                      0x2000007e   Data           2  user_uart.o(.data)
    fIsUartReceiving                         0x20000080   Data           1  user_uart.o(.data)
    fIsUartStartRecevingValidData            0x20000081   Data           1  user_uart.o(.data)
    fIsMasterWritCmd                         0x20000082   Data           1  user_uart.o(.data)
    vUartReceivedLength                      0x20000083   Data           1  user_uart.o(.data)
    fIsUartSending                           0x20000084   Data           1  user_uart.o(.data)
    vUartSentLength                          0x20000085   Data           1  user_uart.o(.data)
    SendState                                0x20000086   Data           1  user_uart.o(.data)
    fIsHeaderSent                            0x20000087   Data           1  user_uart.o(.data)
    fIsLightEffectOn                         0x20000088   Data           1  user_lighteffect.o(.data)
    pPwLedStruct                             0x2000008c   Data           4  user_lighteffect.o(.data)
    p15mLedStruct                            0x20000090   Data           4  user_lighteffect.o(.data)
    p30mLedStruct                            0x20000094   Data           4  user_lighteffect.o(.data)
    p60mLedStruct                            0x20000098   Data           4  user_lighteffect.o(.data)
    vKeyValue                                0x2000009c   Data           1  user_key.o(.data)
    vIsKeyPressed                            0x2000009d   Data           1  user_key.o(.data)
    vIsFuncKeyGod                            0x2000009e   Data           1  user_key.o(.data)
    vIsClosedKeyGod                          0x2000009f   Data           1  user_key.o(.data)
    vDoubleClickCountDown                    0x200000a0   Data           1  user_key.o(.data)
    vFuncKeyTimer                            0x200000a2   Data           2  user_key.o(.data)
    vIsPowerKeyGod                           0x200000a4   Data           1  user_key.o(.data)
    vPowerKeyTimer                           0x200000a6   Data           2  user_key.o(.data)
    vTimerKeyTimer                           0x200000a8   Data           2  user_key.o(.data)
    vIsTimerKeyGod                           0x200000aa   Data           1  user_key.o(.data)
    vCommBitCnt                              0x200000ac   Data           1  communication.o(.data)
    receivedData                             0x200000ad   Data           1  communication.o(.data)
    vTimeoutCnt                              0x200000ae   Data           2  communication.o(.data)
    chgRecStts                               0x200000b0   Data           7  communication.o(.data)
    vtRecSttsTemp                            0x200000b7   Data           7  communication.o(.data)
    lastRecData                              0x200000be   Data           5  communication.o(.data)
    vSkipCommKeyTimer                        0x200000c3   Data           1  communication.o(.data)
    vtTest                                   0x200000c4   Data           1  communication.o(.data)
    vSyncCnt                                 0x200000c6   Data           2  communication.o(.data)
    userPwmParaStruct                        0x200000c8   Data          24  user_menu.o(.bss)
    userAdcStruct                            0x200000e0   Data          18  user_menu.o(.bss)
    UART_RX_BUF                              0x200000f2   Data          20  user_uart.o(.bss)
    UART_ACK_BUF                             0x20000106   Data          20  user_uart.o(.bss)
    uartCMDStruct                            0x2000011a   Data          16  user_uart.o(.bss)
    PwLedStruct                              0x2000012c   Data          24  user_lighteffect.o(.bss)
    Timer15mLedStruct                        0x20000144   Data          24  user_lighteffect.o(.bss)
    Timer30mLedStruct                        0x2000015c   Data          24  user_lighteffect.o(.bss)
    Timer60mLedStruct                        0x20000174   Data          24  user_lighteffect.o(.bss)
    voiceParams                              0x2000018c   Data          16  user_tone.o(.bss)
    chgRecingParams                          0x2000019c   Data           9  communication.o(.bss)
    __libspace_start                         0x200001a8   Data          96  libspace.o(.bss)
    __temporary_stack_top$libspace           0x20000208   Data           0  libspace.o(.bss)



==============================================================================

Memory Map of the image

  Image Entry point : 0x000000c1

  Load Region LR_IROM1 (Base: 0x00000000, Size: 0x0000635c, Max: 0x00040000, ABSOLUTE)

    Execution Region ER_IROM1 (Exec base: 0x00000000, Load base: 0x00000000, Size: 0x00006294, Max: 0x00040000, ABSOLUTE)

    Exec Addr    Load Addr    Size         Type   Attr      Idx    E Section Name        Object

    0x00000000   0x00000000   0x000000c0   Data   RO           50    RESET               startup_cx32l003.o
    0x000000c0   0x000000c0   0x00000008   Code   RO         1254  * !!!main             c_p.l(__main.o)
    0x000000c8   0x000000c8   0x0000003c   Code   RO         1474    !!!scatter          c_p.l(__scatter.o)
    0x00000104   0x00000104   0x0000001a   Code   RO         1476    !!handler_copy      c_p.l(__scatter_copy.o)
    0x0000011e   0x0000011e   0x00000002   PAD
    0x00000120   0x00000120   0x0000001c   Code   RO         1478    !!handler_zi        c_p.l(__scatter_zi.o)
    0x0000013c   0x0000013c   0x00000002   Code   RO         1341    .ARM.Collect$$libinit$$00000000  c_p.l(libinit.o)
    0x0000013e   0x0000013e   0x00000000   Code   RO         1357    .ARM.Collect$$libinit$$00000002  c_p.l(libinit2.o)
    0x0000013e   0x0000013e   0x00000000   Code   RO         1359    .ARM.Collect$$libinit$$00000004  c_p.l(libinit2.o)
    0x0000013e   0x0000013e   0x00000000   Code   RO         1362    .ARM.Collect$$libinit$$0000000A  c_p.l(libinit2.o)
    0x0000013e   0x0000013e   0x00000000   Code   RO         1364    .ARM.Collect$$libinit$$0000000C  c_p.l(libinit2.o)
    0x0000013e   0x0000013e   0x00000000   Code   RO         1366    .ARM.Collect$$libinit$$0000000E  c_p.l(libinit2.o)
    0x0000013e   0x0000013e   0x00000000   Code   RO         1369    .ARM.Collect$$libinit$$00000011  c_p.l(libinit2.o)
    0x0000013e   0x0000013e   0x00000000   Code   RO         1371    .ARM.Collect$$libinit$$00000013  c_p.l(libinit2.o)
    0x0000013e   0x0000013e   0x00000000   Code   RO         1373    .ARM.Collect$$libinit$$00000015  c_p.l(libinit2.o)
    0x0000013e   0x0000013e   0x00000000   Code   RO         1375    .ARM.Collect$$libinit$$00000017  c_p.l(libinit2.o)
    0x0000013e   0x0000013e   0x00000000   Code   RO         1377    .ARM.Collect$$libinit$$00000019  c_p.l(libinit2.o)
    0x0000013e   0x0000013e   0x00000000   Code   RO         1379    .ARM.Collect$$libinit$$0000001B  c_p.l(libinit2.o)
    0x0000013e   0x0000013e   0x00000000   Code   RO         1381    .ARM.Collect$$libinit$$0000001D  c_p.l(libinit2.o)
    0x0000013e   0x0000013e   0x00000000   Code   RO         1383    .ARM.Collect$$libinit$$0000001F  c_p.l(libinit2.o)
    0x0000013e   0x0000013e   0x00000000   Code   RO         1385    .ARM.Collect$$libinit$$00000021  c_p.l(libinit2.o)
    0x0000013e   0x0000013e   0x00000000   Code   RO         1387    .ARM.Collect$$libinit$$00000023  c_p.l(libinit2.o)
    0x0000013e   0x0000013e   0x00000000   Code   RO         1389    .ARM.Collect$$libinit$$00000025  c_p.l(libinit2.o)
    0x0000013e   0x0000013e   0x00000000   Code   RO         1393    .ARM.Collect$$libinit$$0000002C  c_p.l(libinit2.o)
    0x0000013e   0x0000013e   0x00000000   Code   RO         1395    .ARM.Collect$$libinit$$0000002E  c_p.l(libinit2.o)
    0x0000013e   0x0000013e   0x00000000   Code   RO         1397    .ARM.Collect$$libinit$$00000030  c_p.l(libinit2.o)
    0x0000013e   0x0000013e   0x00000000   Code   RO         1399    .ARM.Collect$$libinit$$00000032  c_p.l(libinit2.o)
    0x0000013e   0x0000013e   0x00000002   Code   RO         1400    .ARM.Collect$$libinit$$00000033  c_p.l(libinit2.o)
    0x00000140   0x00000140   0x00000002   Code   RO         1431    .ARM.Collect$$libshutdown$$00000000  c_p.l(libshutdown.o)
    0x00000142   0x00000142   0x00000000   Code   RO         1457    .ARM.Collect$$libshutdown$$00000002  c_p.l(libshutdown2.o)
    0x00000142   0x00000142   0x00000000   Code   RO         1459    .ARM.Collect$$libshutdown$$00000004  c_p.l(libshutdown2.o)
    0x00000142   0x00000142   0x00000000   Code   RO         1462    .ARM.Collect$$libshutdown$$00000007  c_p.l(libshutdown2.o)
    0x00000142   0x00000142   0x00000000   Code   RO         1465    .ARM.Collect$$libshutdown$$0000000A  c_p.l(libshutdown2.o)
    0x00000142   0x00000142   0x00000000   Code   RO         1467    .ARM.Collect$$libshutdown$$0000000C  c_p.l(libshutdown2.o)
    0x00000142   0x00000142   0x00000000   Code   RO         1470    .ARM.Collect$$libshutdown$$0000000F  c_p.l(libshutdown2.o)
    0x00000142   0x00000142   0x00000002   Code   RO         1471    .ARM.Collect$$libshutdown$$00000010  c_p.l(libshutdown2.o)
    0x00000144   0x00000144   0x00000000   Code   RO         1294    .ARM.Collect$$rtentry$$00000000  c_p.l(__rtentry.o)
    0x00000144   0x00000144   0x00000000   Code   RO         1305    .ARM.Collect$$rtentry$$00000002  c_p.l(__rtentry2.o)
    0x00000144   0x00000144   0x00000006   Code   RO         1317    .ARM.Collect$$rtentry$$00000004  c_p.l(__rtentry4.o)
    0x0000014a   0x0000014a   0x00000000   Code   RO         1307    .ARM.Collect$$rtentry$$00000009  c_p.l(__rtentry2.o)
    0x0000014a   0x0000014a   0x00000004   Code   RO         1308    .ARM.Collect$$rtentry$$0000000A  c_p.l(__rtentry2.o)
    0x0000014e   0x0000014e   0x00000000   Code   RO         1310    .ARM.Collect$$rtentry$$0000000C  c_p.l(__rtentry2.o)
    0x0000014e   0x0000014e   0x00000008   Code   RO         1311    .ARM.Collect$$rtentry$$0000000D  c_p.l(__rtentry2.o)
    0x00000156   0x00000156   0x00000002   Code   RO         1348    .ARM.Collect$$rtexit$$00000000  c_p.l(rtexit.o)
    0x00000158   0x00000158   0x00000000   Code   RO         1404    .ARM.Collect$$rtexit$$00000002  c_p.l(rtexit2.o)
    0x00000158   0x00000158   0x00000004   Code   RO         1405    .ARM.Collect$$rtexit$$00000003  c_p.l(rtexit2.o)
    0x0000015c   0x0000015c   0x00000006   Code   RO         1406    .ARM.Collect$$rtexit$$00000004  c_p.l(rtexit2.o)
    0x00000162   0x00000162   0x00000002   PAD
    0x00000164   0x00000164   0x00000038   Code   RO         1244    .emb_text           c_p.l(rt_memcpy.o)
    0x0000019c   0x0000019c   0x00000030   Code   RO           51    .text               startup_cx32l003.o
    0x000001cc   0x000001cc   0x00000290   Code   RO           57    .text               cx32l003_adc.o
    0x0000045c   0x0000045c   0x00000bd0   Code   RO          102    .text               cx32l003_advtim.o
    0x0000102c   0x0000102c   0x00000050   Code   RO          125    .text               cx32l003_awk.o
    0x0000107c   0x0000107c   0x00000066   Code   RO          243    .text               cx32l003_exti.o
    0x000010e2   0x000010e2   0x00000002   PAD
    0x000010e4   0x000010e4   0x000003dc   Code   RO          269    .text               cx32l003_flash.o
    0x000014c0   0x000014c0   0x00000298   Code   RO          292    .text               cx32l003_gpio.o
    0x00001758   0x00001758   0x0000001a   Code   RO          335    .text               cx32l003_it.o
    0x00001772   0x00001772   0x00000002   PAD
    0x00001774   0x00001774   0x0000008c   Code   RO          355    .text               cx32l003_iwdt.o
    0x00001800   0x00001800   0x00000114   Code   RO          381    .text               cx32l003_lptimer.o
    0x00001914   0x00001914   0x000003f4   Code   RO          505    .text               cx32l003_rcc.o
    0x00001d08   0x00001d08   0x000001a0   Code   RO          574    .text               cx32l003_syscon.o
    0x00001ea8   0x00001ea8   0x00000154   Code   RO          597    .text               cx32l003_timer.o
    0x00001ffc   0x00001ffc   0x00000310   Code   RO          623    .text               cx32l003_uart.o
    0x0000230c   0x0000230c   0x000000cc   Code   RO          702    .text               misc.o
    0x000023d8   0x000023d8   0x000003bc   Code   RO          722    .text               user_advtime.o
    0x00002794   0x00002794   0x000000d8   Code   RO          762    .text               user_basetime.o
    0x0000286c   0x0000286c   0x000002a0   Code   RO          788    .text               user_exti.o
    0x00002b0c   0x00002b0c   0x000000e0   Code   RO          823    .text               user_internalflash.o
    0x00002bec   0x00002bec   0x00000218   Code   RO          852    .text               user_lptimer.o
    0x00002e04   0x00002e04   0x0000012c   Code   RO          891    .text               user_sysclock.o
    0x00002f30   0x00002f30   0x000000c4   Code   RO          926    .text               main.o
    0x00002ff4   0x00002ff4   0x00000710   Code   RO          969    .text               user_menu.o
    0x00003704   0x00003704   0x000003c8   Code   RO         1008    .text               user_adc.o
    0x00003acc   0x00003acc   0x0000007c   Code   RO         1031    .text               user_awk.o
    0x00003b48   0x00003b48   0x000000b0   Code   RO         1054    .text               user_iwdt .o
    0x00003bf8   0x00003bf8   0x00000040   Code   RO         1078    .text               user_ddl.o
    0x00003c38   0x00003c38   0x00000486   Code   RO         1092    .text               user_uart.o
    0x000040be   0x000040be   0x00000002   PAD
    0x000040c0   0x000040c0   0x00000414   Code   RO         1125    .text               user_lighteffect.o
    0x000044d4   0x000044d4   0x00000214   Code   RO         1153    .text               user_key.o
    0x000046e8   0x000046e8   0x00000134   Code   RO         1184    .text               user_tone.o
    0x0000481c   0x0000481c   0x00000454   Code   RO         1208    .text               communication.o
    0x00004c70   0x00004c70   0x0000005a   Code   RO         1242    .text               c_p.l(memcmp.o)
    0x00004cca   0x00004cca   0x00000082   Code   RO         1245    .text               c_p.l(rt_memcpy.o)
    0x00004d4c   0x00004d4c   0x0000015a   Code   RO         1248    .text               c_p.l(aeabi_sdiv.o)
    0x00004ea6   0x00004ea6   0x00000006   Code   RO         1252    .text               c_p.l(heapauxi.o)
    0x00004eac   0x00004eac   0x0000007c   Code   RO         1256    .text               fz_ps.l(d2f.o)
    0x00004f28   0x00004f28   0x00000358   Code   RO         1258    .text               fz_ps.l(daddsub.o)
    0x00005280   0x00005280   0x00000448   Code   RO         1260    .text               fz_ps.l(ddiv.o)
    0x000056c8   0x000056c8   0x00000058   Code   RO         1265    .text               fz_ps.l(dflti.o)
    0x00005720   0x00005720   0x00000248   Code   RO         1269    .text               fz_ps.l(dmul.o)
    0x00005968   0x00005968   0x00000054   Code   RO         1273    .text               fz_ps.l(f2d.o)
    0x000059bc   0x000059bc   0x00000160   Code   RO         1281    .text               fz_ps.l(fdiv.o)
    0x00005b1c   0x00005b1c   0x0000004c   Code   RO         1284    .text               fz_ps.l(ffixi.o)
    0x00005b68   0x00005b68   0x00000030   Code   RO         1286    .text               fz_ps.l(ffixui.o)
    0x00005b98   0x00005b98   0x0000005e   Code   RO         1288    .text               fz_ps.l(fflti.o)
    0x00005bf6   0x00005bf6   0x00000002   PAD
    0x00005bf8   0x00005bf8   0x00000090   Code   RO         1299    .text               fz_ps.l(dcmpin.o)
    0x00005c88   0x00005c88   0x00000064   Code   RO         1301    .text               fz_ps.l(fcmpin.o)
    0x00005cec   0x00005cec   0x0000002e   Code   RO         1321    .text               fz_ps.l(cmpret.o)
    0x00005d1a   0x00005d1a   0x00000002   PAD
    0x00005d1c   0x00005d1c   0x00000014   Code   RO         1323    .text               fz_ps.l(dnan2.o)
    0x00005d30   0x00005d30   0x00000010   Code   RO         1325    .text               fz_ps.l(fnan2.o)
    0x00005d40   0x00005d40   0x0000003e   Code   RO         1327    .text               c_p.l(sys_stackheap_outer.o)
    0x00005d7e   0x00005d7e   0x00000010   Code   RO         1330    .text               c_p.l(exit.o)
    0x00005d8e   0x00005d8e   0x0000005e   Code   RO         1342    .text               fz_ps.l(retnan.o)
    0x00005dec   0x00005dec   0x00000008   Code   RO         1344    .text               c_p.l(libspace.o)
    0x00005df4   0x00005df4   0x0000000c   Code   RO         1401    .text               c_p.l(sys_exit.o)
    0x00005e00   0x00005e00   0x00000002   Code   RO         1420    .text               c_p.l(use_no_semi.o)
    0x00005e02   0x00005e02   0x00000000   Code   RO         1422    .text               c_p.l(indicate_semi.o)
    0x00005e02   0x00005e02   0x0000001c   Code   RO          906    i.__ARM_common_switch8  user_sysclock.o
    0x00005e1e   0x00005e1e   0x00000002   PAD
    0x00005e20   0x00005e20   0x00000064   Code   RO         1267    x$fpl$dleqf         fz_ps.l(dlef.o)
    0x00005e84   0x00005e84   0x00000068   Code   RO         1271    x$fpl$drleqf        fz_ps.l(drlef.o)
    0x00005eec   0x00005eec   0x0000008c   Code   RO         1275    x$fpl$fadd          fz_ps.l(faddsub.o)
    0x00005f78   0x00005f78   0x000000b0   Code   RO         1290    x$fpl$fmul          fz_ps.l(fmul.o)
    0x00006028   0x00006028   0x00000058   Code   RO         1292    x$fpl$frleqf        fz_ps.l(frlef.o)
    0x00006080   0x00006080   0x00000018   Code   RO         1276    x$fpl$frsb          fz_ps.l(faddsub.o)
    0x00006098   0x00006098   0x000000d0   Code   RO         1277    x$fpl$fsub          fz_ps.l(faddsub.o)
    0x00006168   0x00006168   0x00000000   Code   RO         1303    x$fpl$usenofp       fz_ps.l(usenofp.o)
    0x00006168   0x00006168   0x00000022   Data   RO         1127    .constdata          user_lighteffect.o
    0x0000618a   0x0000618a   0x00000028   Data   RO         1186    .constdata          user_tone.o
    0x000061b2   0x000061b2   0x00000080   Data   RO         1261    .constdata          fz_ps.l(ddiv.o)
    0x00006232   0x00006232   0x00000040   Data   RO         1282    .constdata          fz_ps.l(fdiv.o)
    0x00006272   0x00006272   0x00000002   PAD
    0x00006274   0x00006274   0x00000020   Data   RO         1472    Region$$Table       anon$$obj.o


    Execution Region RW_IRAM1 (Exec base: 0x20000000, Load base: 0x00006294, Size: 0x00000a08, Max: 0x00020000, ABSOLUTE)

    Exec Addr    Load Addr    Size         Type   Attr      Idx    E Section Name        Object

    0x20000000   0x00006294   0x00000030   Data   RW          723    .data               user_advtime.o
    0x20000030   0x000062c4   0x00000006   Data   RW          763    .data               user_basetime.o
    0x20000036   0x000062ca   0x00000001   Data   RW          789    .data               user_exti.o
    0x20000037   0x000062cb   0x00000001   PAD
    0x20000038   0x000062cc   0x00000008   Data   RW          824    .data               user_internalflash.o
    0x20000040   0x000062d4   0x0000000d   Data   RW          853    .data               user_lptimer.o
    0x2000004d   0x000062e1   0x00000003   PAD
    0x20000050   0x000062e4   0x0000001a   Data   RW          971    .data               user_menu.o
    0x2000006a   0x000062fe   0x0000000a   Data   RW         1009    .data               user_adc.o
    0x20000074   0x00006308   0x00000004   Data   RW         1032    .data               user_awk.o
    0x20000078   0x0000630c   0x00000004   Data   RW         1055    .data               user_iwdt .o
    0x2000007c   0x00006310   0x0000000c   Data   RW         1094    .data               user_uart.o
    0x20000088   0x0000631c   0x00000014   Data   RW         1128    .data               user_lighteffect.o
    0x2000009c   0x00006330   0x0000000f   Data   RW         1154    .data               user_key.o
    0x200000ab   0x0000633f   0x00000001   PAD
    0x200000ac   0x00006340   0x0000001c   Data   RW         1210    .data               communication.o
    0x200000c8        -       0x0000002a   Zero   RW          970    .bss                user_menu.o
    0x200000f2        -       0x00000038   Zero   RW         1093    .bss                user_uart.o
    0x2000012a   0x0000635c   0x00000002   PAD
    0x2000012c        -       0x00000060   Zero   RW         1126    .bss                user_lighteffect.o
    0x2000018c        -       0x00000010   Zero   RW         1185    .bss                user_tone.o
    0x2000019c        -       0x00000009   Zero   RW         1209    .bss                communication.o
    0x200001a5   0x0000635c   0x00000003   PAD
    0x200001a8        -       0x00000060   Zero   RW         1345    .bss                c_p.l(libspace.o)
    0x20000208        -       0x00000400   Zero   RW           49    HEAP                startup_cx32l003.o
    0x20000608        -       0x00000400   Zero   RW           48    STACK               startup_cx32l003.o


==============================================================================

Image component sizes


      Code (inc. data)   RO Data    RW Data    ZI Data      Debug   Object Name

      1108         70          0         28          9       4534   communication.o
       656         10          0          0          0      42284   cx32l003_adc.o
      3024        106          0          0          0      43369   cx32l003_advtim.o
        80          0          0          0          0       2256   cx32l003_awk.o
       102          0          0          0          0       3070   cx32l003_exti.o
       988         16          0          0          0       8364   cx32l003_flash.o
       664         20          0          0          0      20702   cx32l003_gpio.o
        26          0          0          0          0       1174   cx32l003_it.o
       140          4          0          0          0       1731   cx32l003_iwdt.o
       276          4          0          0          0       5135   cx32l003_lptimer.o
      1012         16          0          0          0       7866   cx32l003_rcc.o
       416         14          0          0          0       4480   cx32l003_syscon.o
       340         14          0          0          0       7104   cx32l003_timer.o
       784         26          0          0          0       6675   cx32l003_uart.o
       196         48          0          0          0        515   main.o
       204         18          0          0          0       1717   misc.o
        48         22        192          0       2048        640   startup_cx32l003.o
         0          0          0          0          0       4540   system_cx32l003.o
       968         70          0         10          0       4454   user_adc.o
       956        102          0         48          0       9788   user_advtime.o
       124          8          0          4          0       1043   user_awk.o
       216         18          0          6          0       1599   user_basetime.o
        64          0          0          0          0       1120   user_ddl.o
       672         26          0          1          0       3057   user_exti.o
       224         10          0          8          0       3239   user_internalflash.o
       176         16          0          4          0       8984   user_iwdt .o
       532         34          0         15          0       1790   user_key.o
      1044        132         34         20         96       6179   user_lighteffect.o
       536         64          0         13          0       9876   user_lptimer.o
      1808        164          0         26         42       5703   user_menu.o
       328         24          0          0          0       1227   user_sysclock.o
       308         48         40          0         16       2483   user_tone.o
      1158         84          0         12         56       3855   user_uart.o

    ----------------------------------------------------------------------
     19186       1188        298        200       2272     230553   Object Totals
         0          0         32          0          0          0   (incl. Generated)
         8          0          0          5          5          0   (incl. Padding)

    ----------------------------------------------------------------------

      Code (inc. data)   RO Data    RW Data    ZI Data      Debug   Library Member Name

         8          0          0          0          0         68   __main.o
         0          0          0          0          0          0   __rtentry.o
        12          0          0          0          0          0   __rtentry2.o
         6          0          0          0          0          0   __rtentry4.o
        60          8          0          0          0          0   __scatter.o
        26          0          0          0          0          0   __scatter_copy.o
        28          0          0          0          0          0   __scatter_zi.o
       346          0          0          0          0         92   aeabi_sdiv.o
        16          0          0          0          0         68   exit.o
         6          0          0          0          0        136   heapauxi.o
         0          0          0          0          0          0   indicate_semi.o
         2          0          0          0          0          0   libinit.o
         2          0          0          0          0          0   libinit2.o
         2          0          0          0          0          0   libshutdown.o
         2          0          0          0          0          0   libshutdown2.o
         8          4          0          0         96         68   libspace.o
        90          0          0          0          0         68   memcmp.o
       186          0          0          0          0        144   rt_memcpy.o
         2          0          0          0          0          0   rtexit.o
        10          0          0          0          0          0   rtexit2.o
        12          4          0          0          0         60   sys_exit.o
        62          0          0          0          0         80   sys_stackheap_outer.o
         2          0          0          0          0         68   use_no_semi.o
        46          0          0          0          0         60   cmpret.o
       124          4          0          0          0         72   d2f.o
       856         20          0          0          0        208   daddsub.o
       144          4          0          0          0         76   dcmpin.o
      1096         26        128          0          0        112   ddiv.o
        88          0          0          0          0         92   dflti.o
       100          4          0          0          0         92   dlef.o
       584         26          0          0          0         84   dmul.o
        20          6          0          0          0         68   dnan2.o
       104          4          0          0          0        104   drlef.o
        84          4          0          0          0         60   f2d.o
       372          8          0          0          0        240   faddsub.o
       100          4          0          0          0         68   fcmpin.o
       352         10         64          0          0         92   fdiv.o
        76          0          0          0          0         68   ffixi.o
        48          0          0          0          0         60   ffixui.o
        94          0          0          0          0         92   fflti.o
       176          4          0          0          0         80   fmul.o
        16          6          0          0          0         68   fnan2.o
        88          4          0          0          0         76   frlef.o
        94          0          0          0          0         68   retnan.o
         0          0          0          0          0          0   usenofp.o

    ----------------------------------------------------------------------
      5558        150        194          0         96       2792   Library Totals
         8          0          2          0          0          0   (incl. Padding)

    ----------------------------------------------------------------------

      Code (inc. data)   RO Data    RW Data    ZI Data      Debug   Library Name

       888         16          0          0         96        852   c_p.l
      4662        134        192          0          0       1940   fz_ps.l

    ----------------------------------------------------------------------
      5558        150        194          0         96       2792   Library Totals

    ----------------------------------------------------------------------

==============================================================================


      Code (inc. data)   RO Data    RW Data    ZI Data      Debug   

     24744       1338        492        200       2368     229441   Grand Totals
     24744       1338        492        200       2368     229441   ELF Image Totals
     24744       1338        492        200          0          0   ROM Totals

==============================================================================

    Total RO  Size (Code + RO Data)                25236 (  24.64kB)
    Total RW  Size (RW Data + ZI Data)              2568 (   2.51kB)
    Total ROM Size (Code + RO Data + RW Data)      25436 (  24.84kB)

==============================================================================

